
 /----------------------------------------------------------------------------\
 |  yosys -- Yosys Open SYnthesis Suite                                       |
 |  Copyright (C) 2012 - 2026  Claire Xenia Wolf <claire@yosyshq.com>         |
 |  Distributed under an ISC-like license, type "license" to see terms        |
 \----------------------------------------------------------------------------/
 Yosys 0.64 (git sha1 d8dab5b32666564eca8e18f412973853ce006e61, clang++ 21.0.0 -fPIC -O3)

-- Executing script file `/tmp/yosys_XXXXXX.ys' --

1. Executing Verilog-2005 frontend: ../rtl/periph/axil_to_apb.sv
Parsing SystemVerilog input from `../rtl/periph/axil_to_apb.sv' to AST representation.
Generating RTLIL representation for module `\axil_to_apb'.
Successfully finished Verilog frontend.

2. Executing HIERARCHY pass (managing design hierarchy).

2.1. Analyzing design hierarchy..
Top module:  \axil_to_apb

2.2. Analyzing design hierarchy..
Top module:  \axil_to_apb
Removed 0 unused modules.

3. Executing SYNTH pass.

3.1. Executing HIERARCHY pass (managing design hierarchy).

3.1.1. Analyzing design hierarchy..
Top module:  \axil_to_apb

3.1.2. Analyzing design hierarchy..
Top module:  \axil_to_apb
Removed 0 unused modules.

3.2. Executing PROC pass (convert processes to netlists).

3.2.1. Executing PROC_CLEAN pass (remove empty switches from decision trees).
Cleaned up 0 empty switches.

3.2.2. Executing PROC_RMDEAD pass (remove dead branches from decision trees).
Marked 1 switch rules as full_case in process $proc$../rtl/periph/axil_to_apb.sv:200$33 in module axil_to_apb.
Marked 1 switch rules as full_case in process $proc$../rtl/periph/axil_to_apb.sv:187$29 in module axil_to_apb.
Marked 1 switch rules as full_case in process $proc$../rtl/periph/axil_to_apb.sv:179$27 in module axil_to_apb.
Removed 1 dead cases from process $proc$../rtl/periph/axil_to_apb.sv:148$23 in module axil_to_apb.
Marked 6 switch rules as full_case in process $proc$../rtl/periph/axil_to_apb.sv:148$23 in module axil_to_apb.
Marked 2 switch rules as full_case in process $proc$../rtl/periph/axil_to_apb.sv:109$16 in module axil_to_apb.
Removed a total of 1 dead cases.

3.2.3. Executing PROC_PRUNE pass (remove redundant assignments in processes).
Removed 1 redundant assignment.
Promoted 6 assignments to connections.

3.2.4. Executing PROC_INIT pass (extract init attributes).

3.2.5. Executing PROC_ARST pass (detect async resets in processes).
Found async reset \rst_n in `\axil_to_apb.$proc$../rtl/periph/axil_to_apb.sv:187$29'.
Found async reset \rst_n in `\axil_to_apb.$proc$../rtl/periph/axil_to_apb.sv:179$27'.
Found async reset \rst_n in `\axil_to_apb.$proc$../rtl/periph/axil_to_apb.sv:109$16'.

3.2.6. Executing PROC_ROM pass (convert switches to ROMs).
Converted 0 switches.
<suppressed ~12 debug messages>

3.2.7. Executing PROC_MUX pass (convert decision trees to multiplexers).
Creating decoders for process `\axil_to_apb.$proc$../rtl/periph/axil_to_apb.sv:200$33'.
     1/2: $1\penable[0:0]
     2/2: $1\psel[0:0]
Creating decoders for process `\axil_to_apb.$proc$../rtl/periph/axil_to_apb.sv:187$29'.
     1/2: $0\slverr_r[0:0]
     2/2: $0\rdata_r[31:0]
Creating decoders for process `\axil_to_apb.$proc$../rtl/periph/axil_to_apb.sv:179$27'.
     1/1: $0\state_r[1:0]
Creating decoders for process `\axil_to_apb.$proc$../rtl/periph/axil_to_apb.sv:148$23'.
     1/6: $6\state_next[1:0]
     2/6: $5\state_next[1:0]
     3/6: $4\state_next[1:0]
     4/6: $3\state_next[1:0]
     5/6: $2\state_next[1:0]
     6/6: $1\state_next[1:0]
Creating decoders for process `\axil_to_apb.$proc$../rtl/periph/axil_to_apb.sv:109$16'.
     1/6: $0\rd_pending_r[0:0]
     2/6: $0\wr_pending_r[0:0]
     3/6: $0\lat_write_r[0:0]
     4/6: $0\lat_wstrb_r[3:0]
     5/6: $0\lat_wdata_r[31:0]
     6/6: $0\lat_addr_r[11:0]

3.2.8. Executing PROC_DLATCH pass (convert process syncs to latches).
No latch inferred for signal `\axil_to_apb.\paddr' from process `\axil_to_apb.$proc$../rtl/periph/axil_to_apb.sv:200$33'.
No latch inferred for signal `\axil_to_apb.\psel' from process `\axil_to_apb.$proc$../rtl/periph/axil_to_apb.sv:200$33'.
No latch inferred for signal `\axil_to_apb.\penable' from process `\axil_to_apb.$proc$../rtl/periph/axil_to_apb.sv:200$33'.
No latch inferred for signal `\axil_to_apb.\pwrite' from process `\axil_to_apb.$proc$../rtl/periph/axil_to_apb.sv:200$33'.
No latch inferred for signal `\axil_to_apb.\pwdata' from process `\axil_to_apb.$proc$../rtl/periph/axil_to_apb.sv:200$33'.
No latch inferred for signal `\axil_to_apb.\state_next' from process `\axil_to_apb.$proc$../rtl/periph/axil_to_apb.sv:148$23'.

3.2.9. Executing PROC_DFF pass (convert process syncs to FFs).
Creating register for signal `\axil_to_apb.\rdata_r' using process `\axil_to_apb.$proc$../rtl/periph/axil_to_apb.sv:187$29'.
  created $adff cell `$procdff$122' with positive edge clock and positive level reset.
Creating register for signal `\axil_to_apb.\slverr_r' using process `\axil_to_apb.$proc$../rtl/periph/axil_to_apb.sv:187$29'.
  created $adff cell `$procdff$127' with positive edge clock and positive level reset.
Creating register for signal `\axil_to_apb.\state_r' using process `\axil_to_apb.$proc$../rtl/periph/axil_to_apb.sv:179$27'.
  created $adff cell `$procdff$132' with positive edge clock and positive level reset.
Creating register for signal `\axil_to_apb.\lat_addr_r' using process `\axil_to_apb.$proc$../rtl/periph/axil_to_apb.sv:109$16'.
  created $adff cell `$procdff$137' with positive edge clock and positive level reset.
Creating register for signal `\axil_to_apb.\lat_wdata_r' using process `\axil_to_apb.$proc$../rtl/periph/axil_to_apb.sv:109$16'.
  created $adff cell `$procdff$142' with positive edge clock and positive level reset.
Creating register for signal `\axil_to_apb.\lat_wstrb_r' using process `\axil_to_apb.$proc$../rtl/periph/axil_to_apb.sv:109$16'.
  created $adff cell `$procdff$147' with positive edge clock and positive level reset.
Creating register for signal `\axil_to_apb.\lat_write_r' using process `\axil_to_apb.$proc$../rtl/periph/axil_to_apb.sv:109$16'.
  created $adff cell `$procdff$152' with positive edge clock and positive level reset.
Creating register for signal `\axil_to_apb.\wr_pending_r' using process `\axil_to_apb.$proc$../rtl/periph/axil_to_apb.sv:109$16'.
  created $adff cell `$procdff$157' with positive edge clock and positive level reset.
Creating register for signal `\axil_to_apb.\rd_pending_r' using process `\axil_to_apb.$proc$../rtl/periph/axil_to_apb.sv:109$16'.
  created $adff cell `$procdff$162' with positive edge clock and positive level reset.

3.2.10. Executing PROC_MEMWR pass (convert process memory writes to cells).

3.2.11. Executing PROC_CLEAN pass (remove empty switches from decision trees).
Found and cleaned up 1 empty switch in `\axil_to_apb.$proc$../rtl/periph/axil_to_apb.sv:200$33'.
Removing empty process `axil_to_apb.$proc$../rtl/periph/axil_to_apb.sv:200$33'.
Found and cleaned up 1 empty switch in `\axil_to_apb.$proc$../rtl/periph/axil_to_apb.sv:187$29'.
Removing empty process `axil_to_apb.$proc$../rtl/periph/axil_to_apb.sv:187$29'.
Removing empty process `axil_to_apb.$proc$../rtl/periph/axil_to_apb.sv:179$27'.
Found and cleaned up 6 empty switches in `\axil_to_apb.$proc$../rtl/periph/axil_to_apb.sv:148$23'.
Removing empty process `axil_to_apb.$proc$../rtl/periph/axil_to_apb.sv:148$23'.
Found and cleaned up 4 empty switches in `\axil_to_apb.$proc$../rtl/periph/axil_to_apb.sv:109$16'.
Removing empty process `axil_to_apb.$proc$../rtl/periph/axil_to_apb.sv:109$16'.
Cleaned up 12 empty switches.

3.2.12. Executing OPT_EXPR pass (perform const folding).
Optimizing module axil_to_apb.
<suppressed ~24 debug messages>

3.3. Executing OPT_EXPR pass (perform const folding).
Optimizing module axil_to_apb.

3.4. Executing OPT_CLEAN pass (remove unused cells and wires).
Finding unused cells or wires in module \axil_to_apb..
Removed 14 unused cells and 80 unused wires.
<suppressed ~16 debug messages>

3.5. Executing CHECK pass (checking for obvious problems).
Checking module axil_to_apb...
Found and reported 0 problems.

3.6. Executing OPT pass (performing simple optimizations).

3.6.1. Executing OPT_EXPR pass (perform const folding).
Optimizing module axil_to_apb.

3.6.2. Executing OPT_MERGE pass (detect identical cells).
Finding identical cells in module `\axil_to_apb'.
Computing hashes of 80 cells of `\axil_to_apb'.
Finding duplicate cells in `\axil_to_apb'.
Computing hashes of 64 cells of `\axil_to_apb'.
Finding duplicate cells in `\axil_to_apb'.
Computing hashes of 63 cells of `\axil_to_apb'.
Finding duplicate cells in `\axil_to_apb'.
<suppressed ~51 debug messages>
Removed a total of 17 cells.

3.6.3. Executing OPT_MUXTREE pass (detect dead branches in mux trees).
Running muxtree optimizer on module \axil_to_apb..
  Creating internal representation of mux trees.
  Evaluating internal representation of mux trees.
  Analyzing evaluation results.
    dead port 2/2 on $mux $procmux$85.
    dead port 2/2 on $mux $procmux$77.
    dead port 2/2 on $mux $procmux$71.
    dead port 2/2 on $mux $procmux$66.
    dead port 2/2 on $mux $procmux$64.
    dead port 2/2 on $mux $procmux$58.
    dead port 1/2 on $mux $procmux$56.
Removed 7 multiplexer ports.
<suppressed ~48 debug messages>

3.6.4. Executing OPT_REDUCE pass (consolidate $*mux and $reduce_* inputs).
  Optimizing cells in module \axil_to_apb.
    New ctrl vector for $pmux cell $procmux$45: $auto$opt_reduce.cc:137:opt_pmux$164
  Optimizing cells in module \axil_to_apb.
Performed a total of 1 changes.

3.6.5. Executing OPT_MERGE pass (detect identical cells).
Finding identical cells in module `\axil_to_apb'.
Computing hashes of 57 cells of `\axil_to_apb'.
Finding duplicate cells in `\axil_to_apb'.
Computing hashes of 56 cells of `\axil_to_apb'.
Finding duplicate cells in `\axil_to_apb'.
<suppressed ~3 debug messages>
Removed a total of 1 cells.

3.6.6. Executing OPT_DFF pass (perform DFF optimizations).

3.6.7. Executing OPT_CLEAN pass (remove unused cells and wires).
Finding unused cells or wires in module \axil_to_apb..
Removed 0 unused cells and 23 unused wires.
<suppressed ~1 debug messages>

3.6.8. Executing OPT_EXPR pass (perform const folding).
Optimizing module axil_to_apb.

3.6.9. Rerunning OPT passes. (Maybe there is more to do..)

3.6.10. Executing OPT_MUXTREE pass (detect dead branches in mux trees).
Running muxtree optimizer on module \axil_to_apb..
  Creating internal representation of mux trees.
  Evaluating internal representation of mux trees.
  Analyzing evaluation results.
Removed 0 multiplexer ports.
<suppressed ~39 debug messages>

3.6.11. Executing OPT_REDUCE pass (consolidate $*mux and $reduce_* inputs).
  Optimizing cells in module \axil_to_apb.
Performed a total of 0 changes.

3.6.12. Executing OPT_MERGE pass (detect identical cells).
Finding identical cells in module `\axil_to_apb'.
Computing hashes of 56 cells of `\axil_to_apb'.
Finding duplicate cells in `\axil_to_apb'.
Removed a total of 0 cells.

3.6.13. Executing OPT_DFF pass (perform DFF optimizations).

3.6.14. Executing OPT_CLEAN pass (remove unused cells and wires).
Finding unused cells or wires in module \axil_to_apb..

3.6.15. Executing OPT_EXPR pass (perform const folding).
Optimizing module axil_to_apb.

3.6.16. Finished fast OPT passes. (There is nothing left to do.)

3.7. Executing FSM pass (extract and optimize FSM).

3.7.1. Executing FSM_DETECT pass (finding FSMs in design).
Found FSM state register axil_to_apb.state_r.

3.7.2. Executing FSM_EXTRACT pass (extracting FSM from design).
Extracting FSM `\state_r' from module `\axil_to_apb'.
  found $adff cell for state register: $procdff$132
  root of input selection tree: \state_next
  found reset state: 2'00 (from async reset)
  found ctrl input: $eq$../rtl/periph/axil_to_apb.sv:227$34_Y
  found ctrl input: $eq$../rtl/periph/axil_to_apb.sv:191$31_Y
  found ctrl input: $procmux$47_CMP
  found ctrl input: $eq$../rtl/periph/axil_to_apb.sv:102$4_Y
  found ctrl input: \lat_write_r
  found ctrl input: $logic_and$../rtl/periph/axil_to_apb.sv:168$26_Y
  found ctrl input: $logic_and$../rtl/periph/axil_to_apb.sv:165$25_Y
  found ctrl input: \pready
  found state code: 2'11
  found state code: 2'10
  found ctrl input: $logic_or$../rtl/periph/axil_to_apb.sv:152$24_Y
  found state code: 2'01
  found ctrl output: $eq$../rtl/periph/axil_to_apb.sv:227$34_Y
  found ctrl output: $eq$../rtl/periph/axil_to_apb.sv:191$31_Y
  found ctrl output: $procmux$47_CMP
  found ctrl output: $eq$../rtl/periph/axil_to_apb.sv:102$4_Y
  ctrl inputs: { $logic_and$../rtl/periph/axil_to_apb.sv:168$26_Y $logic_and$../rtl/periph/axil_to_apb.sv:165$25_Y $logic_or$../rtl/periph/axil_to_apb.sv:152$24_Y \lat_write_r \pready }
  ctrl outputs: { $procmux$47_CMP $eq$../rtl/periph/axil_to_apb.sv:227$34_Y $eq$../rtl/periph/axil_to_apb.sv:191$31_Y $eq$../rtl/periph/axil_to_apb.sv:102$4_Y \state_next }
  transition:       2'00 5'--0-- ->       2'00 6'000100
  transition:       2'00 5'--1-- ->       2'01 6'000101
  transition:       2'10 5'----0 ->       2'10 6'001010
  transition:       2'10 5'----1 ->       2'11 6'001011
  transition:       2'01 5'----- ->       2'10 6'100010
  transition:       2'11 5'0--0- ->       2'11 6'010011
  transition:       2'11 5'1--0- ->       2'00 6'010000
  transition:       2'11 5'-0-1- ->       2'11 6'010011
  transition:       2'11 5'-1-1- ->       2'00 6'010000

3.7.3. Executing FSM_OPT pass (simple optimizations of FSMs).
Optimizing FSM `$fsm$\state_r$165' from module `\axil_to_apb'.

3.7.4. Executing OPT_CLEAN pass (remove unused cells and wires).
Finding unused cells or wires in module \axil_to_apb..
Removed 11 unused cells and 11 unused wires.
<suppressed ~12 debug messages>

3.7.5. Executing FSM_OPT pass (simple optimizations of FSMs).
Optimizing FSM `$fsm$\state_r$165' from module `\axil_to_apb'.

3.7.6. Executing FSM_RECODE pass (re-assigning FSM state encoding).
Recoding FSM `$fsm$\state_r$165' from module `\axil_to_apb' using `auto' encoding:
  mapping auto encoding to `one-hot` for this FSM.
  00 -> ---1
  10 -> --1-
  01 -> -1--
  11 -> 1---

3.7.7. Executing FSM_INFO pass (dumping all available information on FSM cells).

FSM `$fsm$\state_r$165' from module `axil_to_apb':
-------------------------------------

  Information on FSM $fsm$\state_r$165 (\state_r):

  Number of input signals:    5
  Number of output signals:   6
  Number of state bits:       4

  Input signals:
    0: \pready
    1: \lat_write_r
    2: $logic_or$../rtl/periph/axil_to_apb.sv:152$24_Y
    3: $logic_and$../rtl/periph/axil_to_apb.sv:165$25_Y
    4: $logic_and$../rtl/periph/axil_to_apb.sv:168$26_Y

  Output signals:
    0: \state_next [0]
    1: \state_next [1]
    2: $eq$../rtl/periph/axil_to_apb.sv:102$4_Y
    3: $eq$../rtl/periph/axil_to_apb.sv:191$31_Y
    4: $eq$../rtl/periph/axil_to_apb.sv:227$34_Y
    5: $procmux$47_CMP

  State encoding:
    0:     4'---1  <RESET STATE>
    1:     4'--1-
    2:     4'-1--
    3:     4'1---

  Transition Table (state_in, ctrl_in, state_out, ctrl_out):
      0:     0 5'--0--   ->     0 6'000100
      1:     0 5'--1--   ->     2 6'000101
      2:     1 5'----0   ->     1 6'001010
      3:     1 5'----1   ->     3 6'001011
      4:     2 5'-----   ->     1 6'100010
      5:     3 5'1--0-   ->     0 6'010000
      6:     3 5'-1-1-   ->     0 6'010000
      7:     3 5'0--0-   ->     3 6'010011
      8:     3 5'-0-1-   ->     3 6'010011

-------------------------------------

3.7.8. Executing FSM_MAP pass (mapping FSMs to basic logic).
Mapping FSM `$fsm$\state_r$165' from module `\axil_to_apb'.

3.8. Executing OPT pass (performing simple optimizations).

3.8.1. Executing OPT_EXPR pass (perform const folding).
Optimizing module axil_to_apb.
<suppressed ~9 debug messages>

3.8.2. Executing OPT_MERGE pass (detect identical cells).
Finding identical cells in module `\axil_to_apb'.
Computing hashes of 75 cells of `\axil_to_apb'.
Finding duplicate cells in `\axil_to_apb'.
Computing hashes of 69 cells of `\axil_to_apb'.
Finding duplicate cells in `\axil_to_apb'.
Computing hashes of 65 cells of `\axil_to_apb'.
Finding duplicate cells in `\axil_to_apb'.
<suppressed ~30 debug messages>
Removed a total of 10 cells.

3.8.3. Executing OPT_MUXTREE pass (detect dead branches in mux trees).
Running muxtree optimizer on module \axil_to_apb..
  Creating internal representation of mux trees.
  Evaluating internal representation of mux trees.
  Analyzing evaluation results.
Removed 0 multiplexer ports.
<suppressed ~32 debug messages>

3.8.4. Executing OPT_REDUCE pass (consolidate $*mux and $reduce_* inputs).
  Optimizing cells in module \axil_to_apb.
Performed a total of 0 changes.

3.8.5. Executing OPT_MERGE pass (detect identical cells).
Finding identical cells in module `\axil_to_apb'.
Computing hashes of 65 cells of `\axil_to_apb'.
Finding duplicate cells in `\axil_to_apb'.
Removed a total of 0 cells.

3.8.6. Executing OPT_DFF pass (perform DFF optimizations).
Adding EN signal on $procdff$142 ($adff) from module axil_to_apb (D = \s_wdata, Q = \lat_wdata_r).
Adding EN signal on $procdff$152 ($adff) from module axil_to_apb (D = $0\lat_write_r[0:0], Q = \lat_write_r).
Adding EN signal on $procdff$137 ($adff) from module axil_to_apb (D = $0\lat_addr_r[11:0], Q = \lat_addr_r).
Adding EN signal on $procdff$127 ($adff) from module axil_to_apb (D = \pslverr, Q = \slverr_r).
Adding EN signal on $procdff$122 ($adff) from module axil_to_apb (D = \prdata, Q = \rdata_r).

3.8.7. Executing OPT_CLEAN pass (remove unused cells and wires).
Finding unused cells or wires in module \axil_to_apb..
Removed 3 unused cells and 23 unused wires.
<suppressed ~4 debug messages>

3.8.8. Executing OPT_EXPR pass (perform const folding).
Optimizing module axil_to_apb.
<suppressed ~2 debug messages>

3.8.9. Rerunning OPT passes. (Maybe there is more to do..)

3.8.10. Executing OPT_MUXTREE pass (detect dead branches in mux trees).
Running muxtree optimizer on module \axil_to_apb..
  Creating internal representation of mux trees.
  Evaluating internal representation of mux trees.
  Analyzing evaluation results.
Removed 0 multiplexer ports.
<suppressed ~26 debug messages>

3.8.11. Executing OPT_REDUCE pass (consolidate $*mux and $reduce_* inputs).
  Optimizing cells in module \axil_to_apb.
Performed a total of 0 changes.

3.8.12. Executing OPT_MERGE pass (detect identical cells).
Finding identical cells in module `\axil_to_apb'.
Computing hashes of 64 cells of `\axil_to_apb'.
Finding duplicate cells in `\axil_to_apb'.
Computing hashes of 63 cells of `\axil_to_apb'.
Finding duplicate cells in `\axil_to_apb'.
<suppressed ~3 debug messages>
Removed a total of 1 cells.

3.8.13. Executing OPT_DFF pass (perform DFF optimizations).

3.8.14. Executing OPT_CLEAN pass (remove unused cells and wires).
Finding unused cells or wires in module \axil_to_apb..
Removed 0 unused cells and 1 unused wires.
<suppressed ~1 debug messages>

3.8.15. Executing OPT_EXPR pass (perform const folding).
Optimizing module axil_to_apb.

3.8.16. Rerunning OPT passes. (Maybe there is more to do..)

3.8.17. Executing OPT_MUXTREE pass (detect dead branches in mux trees).
Running muxtree optimizer on module \axil_to_apb..
  Creating internal representation of mux trees.
  Evaluating internal representation of mux trees.
  Analyzing evaluation results.
Removed 0 multiplexer ports.
<suppressed ~26 debug messages>

3.8.18. Executing OPT_REDUCE pass (consolidate $*mux and $reduce_* inputs).
  Optimizing cells in module \axil_to_apb.
Performed a total of 0 changes.

3.8.19. Executing OPT_MERGE pass (detect identical cells).
Finding identical cells in module `\axil_to_apb'.
Computing hashes of 63 cells of `\axil_to_apb'.
Finding duplicate cells in `\axil_to_apb'.
Removed a total of 0 cells.

3.8.20. Executing OPT_DFF pass (perform DFF optimizations).

3.8.21. Executing OPT_CLEAN pass (remove unused cells and wires).
Finding unused cells or wires in module \axil_to_apb..

3.8.22. Executing OPT_EXPR pass (perform const folding).
Optimizing module axil_to_apb.

3.8.23. Finished fast OPT passes. (There is nothing left to do.)

3.9. Executing WREDUCE pass (reducing word size of cells).
Removed top 1 bits (of 2) from port B of cell axil_to_apb.$auto$fsm_map.cc:77:implement_pattern_cache$219 ($eq).
Removed top 1 bits (of 2) from port B of cell axil_to_apb.$eq$../rtl/periph/axil_to_apb.sv:135$20 ($eq).

3.10. Executing PEEPOPT pass (run peephole optimizers).

3.11. Executing OPT_CLEAN pass (remove unused cells and wires).
Finding unused cells or wires in module \axil_to_apb..

3.12. Executing ALUMACC pass (create $alu and $macc cells).
Extracting $alu and $macc cells in module axil_to_apb:
  created 0 $alu and 0 $macc cells.

3.13. Executing SHARE pass (SAT-based resource sharing).

3.14. Executing OPT pass (performing simple optimizations).

3.14.1. Executing OPT_EXPR pass (perform const folding).
Optimizing module axil_to_apb.

3.14.2. Executing OPT_MERGE pass (detect identical cells).
Finding identical cells in module `\axil_to_apb'.
Computing hashes of 63 cells of `\axil_to_apb'.
Finding duplicate cells in `\axil_to_apb'.
Removed a total of 0 cells.

3.14.3. Executing OPT_MUXTREE pass (detect dead branches in mux trees).
Running muxtree optimizer on module \axil_to_apb..
  Creating internal representation of mux trees.
  Evaluating internal representation of mux trees.
  Analyzing evaluation results.
Removed 0 multiplexer ports.
<suppressed ~26 debug messages>

3.14.4. Executing OPT_REDUCE pass (consolidate $*mux and $reduce_* inputs).
  Optimizing cells in module \axil_to_apb.
Performed a total of 0 changes.

3.14.5. Executing OPT_MERGE pass (detect identical cells).
Finding identical cells in module `\axil_to_apb'.
Computing hashes of 63 cells of `\axil_to_apb'.
Finding duplicate cells in `\axil_to_apb'.
Removed a total of 0 cells.

3.14.6. Executing OPT_DFF pass (perform DFF optimizations).

3.14.7. Executing OPT_CLEAN pass (remove unused cells and wires).
Finding unused cells or wires in module \axil_to_apb..

3.14.8. Executing OPT_EXPR pass (perform const folding).
Optimizing module axil_to_apb.

3.14.9. Finished fast OPT passes. (There is nothing left to do.)

3.15. Executing MEMORY pass.

3.15.1. Executing OPT_MEM pass (optimize memories).
Performed a total of 0 transformations.

3.15.2. Executing OPT_MEM_PRIORITY pass (removing unnecessary memory write priority relations).
Performed a total of 0 transformations.

3.15.3. Executing OPT_MEM_FEEDBACK pass (finding memory read-to-write feedback paths).

3.15.4. Executing MEMORY_BMUX2ROM pass (converting muxes to ROMs).

3.15.5. Executing MEMORY_DFF pass (merging $dff cells to $memrd).

3.15.6. Executing OPT_CLEAN pass (remove unused cells and wires).
Finding unused cells or wires in module \axil_to_apb..

3.15.7. Executing MEMORY_SHARE pass (consolidating $memrd/$memwr cells).

3.15.8. Executing OPT_MEM_WIDEN pass (optimize memories where all ports are wide).
Performed a total of 0 transformations.

3.15.9. Executing OPT_CLEAN pass (remove unused cells and wires).
Finding unused cells or wires in module \axil_to_apb..

3.15.10. Executing MEMORY_COLLECT pass (generating $mem cells).

3.16. Executing OPT_CLEAN pass (remove unused cells and wires).
Finding unused cells or wires in module \axil_to_apb..

3.17. Executing OPT pass (performing simple optimizations).

3.17.1. Executing OPT_EXPR pass (perform const folding).
Optimizing module axil_to_apb.
<suppressed ~7 debug messages>

3.17.2. Executing OPT_MERGE pass (detect identical cells).
Finding identical cells in module `\axil_to_apb'.
Computing hashes of 59 cells of `\axil_to_apb'.
Finding duplicate cells in `\axil_to_apb'.
Removed a total of 0 cells.

3.17.3. Executing OPT_DFF pass (perform DFF optimizations).

3.17.4. Executing OPT_CLEAN pass (remove unused cells and wires).
Finding unused cells or wires in module \axil_to_apb..
Removed 0 unused cells and 3 unused wires.
<suppressed ~1 debug messages>

3.17.5. Finished fast OPT passes.

3.18. Executing MEMORY_MAP pass (converting memories to logic and flip-flops).

3.19. Executing OPT pass (performing simple optimizations).

3.19.1. Executing OPT_EXPR pass (perform const folding).
Optimizing module axil_to_apb.
<suppressed ~1 debug messages>

3.19.2. Executing OPT_MERGE pass (detect identical cells).
Finding identical cells in module `\axil_to_apb'.
Computing hashes of 59 cells of `\axil_to_apb'.
Finding duplicate cells in `\axil_to_apb'.
Removed a total of 0 cells.

3.19.3. Executing OPT_MUXTREE pass (detect dead branches in mux trees).
Running muxtree optimizer on module \axil_to_apb..
  Creating internal representation of mux trees.
  Evaluating internal representation of mux trees.
  Analyzing evaluation results.
Removed 0 multiplexer ports.
<suppressed ~9 debug messages>

3.19.4. Executing OPT_REDUCE pass (consolidate $*mux and $reduce_* inputs).
  Optimizing cells in module \axil_to_apb.
    Consolidated identical input bits for $mux cell $ternary$../rtl/periph/axil_to_apb.sv:233$40:
      Old ports: A=2'00, B=2'10, Y=\s_rresp
      New ports: A=1'0, B=1'1, Y=\s_rresp [1]
      New connections: \s_rresp [0] = 1'0
  Optimizing cells in module \axil_to_apb.
Performed a total of 1 changes.

3.19.5. Executing OPT_MERGE pass (detect identical cells).
Finding identical cells in module `\axil_to_apb'.
Computing hashes of 59 cells of `\axil_to_apb'.
Finding duplicate cells in `\axil_to_apb'.
Removed a total of 0 cells.

3.19.6. Executing OPT_SHARE pass.

3.19.7. Executing OPT_DFF pass (perform DFF optimizations).

3.19.8. Executing OPT_CLEAN pass (remove unused cells and wires).
Finding unused cells or wires in module \axil_to_apb..

3.19.9. Executing OPT_EXPR pass (perform const folding).
Optimizing module axil_to_apb.
<suppressed ~1 debug messages>

3.19.10. Rerunning OPT passes. (Maybe there is more to do..)

3.19.11. Executing OPT_MUXTREE pass (detect dead branches in mux trees).
Running muxtree optimizer on module \axil_to_apb..
  Creating internal representation of mux trees.
  Evaluating internal representation of mux trees.
  Analyzing evaluation results.
Removed 0 multiplexer ports.
<suppressed ~7 debug messages>

3.19.12. Executing OPT_REDUCE pass (consolidate $*mux and $reduce_* inputs).
  Optimizing cells in module \axil_to_apb.
Performed a total of 0 changes.

3.19.13. Executing OPT_MERGE pass (detect identical cells).
Finding identical cells in module `\axil_to_apb'.
Computing hashes of 58 cells of `\axil_to_apb'.
Finding duplicate cells in `\axil_to_apb'.
Removed a total of 0 cells.

3.19.14. Executing OPT_SHARE pass.

3.19.15. Executing OPT_DFF pass (perform DFF optimizations).

3.19.16. Executing OPT_CLEAN pass (remove unused cells and wires).
Finding unused cells or wires in module \axil_to_apb..

3.19.17. Executing OPT_EXPR pass (perform const folding).
Optimizing module axil_to_apb.

3.19.18. Finished fast OPT passes. (There is nothing left to do.)

3.20. Executing TECHMAP pass (map to technology primitives).

3.20.1. Executing Verilog-2005 frontend: /opt/homebrew/bin/../share/yosys/techmap.v
Parsing Verilog input from `/opt/homebrew/bin/../share/yosys/techmap.v' to AST representation.
Generating RTLIL representation for module `\_90_simplemap_bool_ops'.
Generating RTLIL representation for module `\_90_simplemap_reduce_ops'.
Generating RTLIL representation for module `\_90_simplemap_logic_ops'.
Generating RTLIL representation for module `\_90_simplemap_compare_ops'.
Generating RTLIL representation for module `\_90_simplemap_various'.
Generating RTLIL representation for module `\_90_simplemap_registers'.
Generating RTLIL representation for module `\_90_shift_ops_shr_shl_sshl_sshr'.
Generating RTLIL representation for module `\_90_shift_shiftx'.
Generating RTLIL representation for module `\_90_fa'.
Generating RTLIL representation for module `\_90_lcu_brent_kung'.
Generating RTLIL representation for module `\_90_alu'.
Generating RTLIL representation for module `\_90_macc'.
Generating RTLIL representation for module `\_90_alumacc'.
Generating RTLIL representation for module `$__div_mod_u'.
Generating RTLIL representation for module `$__div_mod_trunc'.
Generating RTLIL representation for module `\_90_div'.
Generating RTLIL representation for module `\_90_mod'.
Generating RTLIL representation for module `$__div_mod_floor'.
Generating RTLIL representation for module `\_90_divfloor'.
Generating RTLIL representation for module `\_90_modfloor'.
Generating RTLIL representation for module `\_90_pow'.
Generating RTLIL representation for module `\_90_pmux'.
Generating RTLIL representation for module `\_90_demux'.
Generating RTLIL representation for module `\_90_lut'.
Generating RTLIL representation for module `$connect'.
Generating RTLIL representation for module `$input_port'.
Successfully finished Verilog frontend.

3.20.2. Continuing TECHMAP pass.
Using extmapper simplemap for cells of type $adffe.
Using extmapper simplemap for cells of type $reduce_bool.
Using extmapper simplemap for cells of type $reduce_or.
Using extmapper simplemap for cells of type $and.
Using extmapper simplemap for cells of type $eq.
Using extmapper simplemap for cells of type $logic_not.
Using extmapper simplemap for cells of type $not.
Using extmapper simplemap for cells of type $adff.
Using extmapper simplemap for cells of type $logic_and.
Using extmapper simplemap for cells of type $logic_or.
Using extmapper simplemap for cells of type $or.
Using extmapper simplemap for cells of type $mux.
No more expansions possible.
<suppressed ~135 debug messages>

3.21. Executing OPT pass (performing simple optimizations).

3.21.1. Executing OPT_EXPR pass (perform const folding).
Optimizing module axil_to_apb.
<suppressed ~8 debug messages>

3.21.2. Executing OPT_MERGE pass (detect identical cells).
Finding identical cells in module `\axil_to_apb'.
Computing hashes of 161 cells of `\axil_to_apb'.
Finding duplicate cells in `\axil_to_apb'.
Computing hashes of 155 cells of `\axil_to_apb'.
Finding duplicate cells in `\axil_to_apb'.
<suppressed ~18 debug messages>
Removed a total of 6 cells.

3.21.3. Executing OPT_DFF pass (perform DFF optimizations).

3.21.4. Executing OPT_CLEAN pass (remove unused cells and wires).
Finding unused cells or wires in module \axil_to_apb..
Removed 0 unused cells and 19 unused wires.
<suppressed ~1 debug messages>

3.21.5. Finished fast OPT passes.

3.22. Executing ABC pass (technology mapping using ABC).

3.22.1. Extracting gate netlist of module `\axil_to_apb' to `<abc-temp-dir>/input.blif'..

3.22.1.1. Executed ABC.
Extracted 71 gates and 109 wires to a netlist network with 37 inputs and 27 outputs.
Running ABC script: <abc-temp-dir>/abc.script
ABC: ======== ABC command line "source <abc-temp-dir>/abc.script"
ABC: + read_blif <abc-temp-dir>/input.blif 
ABC: + read_library <abc-temp-dir>/stdcells.genlib 
ABC: + strash 
ABC: + &get -n 
ABC: + &fraig -x 
ABC: + &put 
ABC: + scorr 
ABC: Warning: The network is combinational (run "fraig" or "fraig_sweep").
ABC: + dc2 
ABC: + dretime 
ABC: + strash 
ABC: + &get -n 
ABC: + &dch -f 
ABC: + &nf 
ABC: + &put 
ABC: + write_blif <abc-temp-dir>/output.blif 

3.22.1.2. Re-integrating ABC results.
ABC RESULTS:               AND cells:       12
ABC RESULTS:            ANDNOT cells:        5
ABC RESULTS:               MUX cells:       12
ABC RESULTS:              NAND cells:        4
ABC RESULTS:               NOR cells:        2
ABC RESULTS:               NOT cells:        2
ABC RESULTS:                OR cells:        6
ABC RESULTS:             ORNOT cells:        5
ABC RESULTS:        internal signals:       45
ABC RESULTS:           input signals:       37
ABC RESULTS:          output signals:       27
Removing temp directory.
Removing global temp directory.

3.23. Executing OPT pass (performing simple optimizations).

3.23.1. Executing OPT_EXPR pass (perform const folding).
Optimizing module axil_to_apb.

3.23.2. Executing OPT_MERGE pass (detect identical cells).
Finding identical cells in module `\axil_to_apb'.
Computing hashes of 132 cells of `\axil_to_apb'.
Finding duplicate cells in `\axil_to_apb'.
Removed a total of 0 cells.

3.23.3. Executing OPT_DFF pass (perform DFF optimizations).

3.23.4. Executing OPT_CLEAN pass (remove unused cells and wires).
Finding unused cells or wires in module \axil_to_apb..
Removed 0 unused cells and 105 unused wires.
<suppressed ~5 debug messages>

3.23.5. Finished fast OPT passes.

3.24. Executing HIERARCHY pass (managing design hierarchy).
Attribute `top' found on module `axil_to_apb'. Setting top module to axil_to_apb.

3.24.1. Analyzing design hierarchy..
Top module:  \axil_to_apb

3.24.2. Analyzing design hierarchy..
Top module:  \axil_to_apb
Removed 0 unused modules.

3.25. Printing statistics.

=== axil_to_apb ===

        +----------Local Count, excluding submodules.
        | 
       67 wires
      316 wire bits
       35 public wires
      273 public wire bits
       27 ports
      189 port bits
      132 cells
        5   $_ANDNOT_
       12   $_AND_
       78   $_DFFE_PN0P_
        5   $_DFF_PN0_
        1   $_DFF_PN1_
       12   $_MUX_
        4   $_NAND_
        2   $_NOR_
        2   $_NOT_
        5   $_ORNOT_
        6   $_OR_

3.26. Executing CHECK pass (checking for obvious problems).
Checking module axil_to_apb...
Found and reported 0 problems.

4. Executing DFFLIBMAP pass (mapping DFF cells to sequential cells from liberty file).
  cell DFF_X1 (noninv, pins=4, area=4.52) is a direct match for cell type $_DFF_P_.
  cell DFFR_X1 (noninv, pins=5, area=5.32) is a direct match for cell type $_DFF_PN0_.
  cell DFFS_X1 (noninv, pins=5, area=5.32) is a direct match for cell type $_DFF_PN1_.
  cell DFFRS_X1 (noninv, pins=6, area=6.38) is a direct match for cell type $_DFFSR_PNN_.
  final dff cell mappings:
    unmapped dff cell: $_DFF_N_
    \DFF_X1 _DFF_P_ (.CK( C), .D( D), .Q( Q), .QN(~Q));
    unmapped dff cell: $_DFF_NN0_
    unmapped dff cell: $_DFF_NN1_
    unmapped dff cell: $_DFF_NP0_
    unmapped dff cell: $_DFF_NP1_
    \DFFR_X1 _DFF_PN0_ (.CK( C), .D( D), .Q( Q), .QN(~Q), .RN( R));
    \DFFS_X1 _DFF_PN1_ (.CK( C), .D( D), .Q( Q), .QN(~Q), .SN( R));
    unmapped dff cell: $_DFF_PP0_
    unmapped dff cell: $_DFF_PP1_
    unmapped dff cell: $_DFFE_NN_
    unmapped dff cell: $_DFFE_NP_
    unmapped dff cell: $_DFFE_PN_
    unmapped dff cell: $_DFFE_PP_
    unmapped dff cell: $_DFFSR_NNN_
    unmapped dff cell: $_DFFSR_NNP_
    unmapped dff cell: $_DFFSR_NPN_
    unmapped dff cell: $_DFFSR_NPP_
    \DFFRS_X1 _DFFSR_PNN_ (.CK( C), .D( D), .Q( Q), .QN(~Q), .RN( R), .SN( S));
    unmapped dff cell: $_DFFSR_PNP_
    unmapped dff cell: $_DFFSR_PPN_
    unmapped dff cell: $_DFFSR_PPP_

4.1. Executing DFFLEGALIZE pass (convert FFs to types supported by the target).
<suppressed ~8 debug messages>
Mapping DFF cells in module `\axil_to_apb':
  mapped 83 $_DFF_PN0_ cells to \DFFR_X1 cells.
  mapped 1 $_DFF_PN1_ cells to \DFFS_X1 cells.

5. Executing ABC pass (technology mapping using ABC).

5.1. Extracting gate netlist of module `\axil_to_apb' to `<abc-temp-dir>/input.blif'..

5.1.1. Executed ABC.
Extracted 126 gates and 305 wires to a netlist network with 179 inputs and 89 outputs.
Running ABC script: <abc-temp-dir>/abc.script
ABC: ======== ABC command line "source <abc-temp-dir>/abc.script"
ABC: + read_blif <abc-temp-dir>/input.blif 
ABC: + read_lib -w /Users/aasheiksaran/Desktop/Productivity/INDIA_CRYPTO_SOC/synth/../pdk/nangate45/NangateOpenCellLibrary_typical.lib 
ABC: Parsing finished successfully.  Parsing time =     0.02 sec
ABC: Scl_LibertyReadGenlib() skipped cell "ANTENNA_X1" due to dont_use attribute.
ABC: Scl_LibertyReadGenlib() skipped cell "CLKGATETST_X1" without logic function.
ABC: Scl_LibertyReadGenlib() skipped cell "CLKGATETST_X2" without logic function.
ABC: Scl_LibertyReadGenlib() skipped cell "CLKGATETST_X4" without logic function.
ABC: Scl_LibertyReadGenlib() skipped cell "CLKGATETST_X8" without logic function.
ABC: Scl_LibertyReadGenlib() skipped cell "CLKGATE_X1" without logic function.
ABC: Scl_LibertyReadGenlib() skipped cell "CLKGATE_X2" without logic function.
ABC: Scl_LibertyReadGenlib() skipped cell "CLKGATE_X4" without logic function.
ABC: Scl_LibertyReadGenlib() skipped cell "CLKGATE_X8" without logic function.
ABC: Scl_LibertyReadGenlib() skipped sequential cell "DFFRS_X1".
ABC: Scl_LibertyReadGenlib() skipped sequential cell "DFFRS_X2".
ABC: Scl_LibertyReadGenlib() skipped sequential cell "DFFR_X1".
ABC: Scl_LibertyReadGenlib() skipped sequential cell "DFFR_X2".
ABC: Scl_LibertyReadGenlib() skipped sequential cell "DFFS_X1".
ABC: Scl_LibertyReadGenlib() skipped sequential cell "DFFS_X2".
ABC: Scl_LibertyReadGenlib() skipped sequential cell "DFF_X1".
ABC: Scl_LibertyReadGenlib() skipped sequential cell "DFF_X2".
ABC: Scl_LibertyReadGenlib() skipped sequential cell "DLH_X1".
ABC: Scl_LibertyReadGenlib() skipped sequential cell "DLH_X2".
ABC: Scl_LibertyReadGenlib() skipped sequential cell "DLL_X1".
ABC: Scl_LibertyReadGenlib() skipped sequential cell "DLL_X2".
ABC: Scl_LibertyReadGenlib() skipped cell "FILLCELL_X1" due to dont_use attribute.
ABC: Scl_LibertyReadGenlib() skipped cell "TAPCELL_X1" due to dont_use attribute.
ABC: Scl_LibertyReadGenlib() skipped cell "FILLCELL_X2" due to dont_use attribute.
ABC: Scl_LibertyReadGenlib() skipped cell "FILLCELL_X4" due to dont_use attribute.
ABC: Scl_LibertyReadGenlib() skipped cell "FILLCELL_X8" due to dont_use attribute.
ABC: Scl_LibertyReadGenlib() skipped cell "FILLCELL_X16" due to dont_use attribute.
ABC: Scl_LibertyReadGenlib() skipped cell "FILLCELL_X32" due to dont_use attribute.
ABC: Scl_LibertyReadGenlib() skipped cell "LOGIC0_X1" due to dont_use attribute.
ABC: Scl_LibertyReadGenlib() skipped cell "LOGIC1_X1" due to dont_use attribute.
ABC: Scl_LibertyReadGenlib() skipped sequential cell "SDFFRS_X1".
ABC: Scl_LibertyReadGenlib() skipped sequential cell "SDFFRS_X2".
ABC: Scl_LibertyReadGenlib() skipped sequential cell "SDFFR_X1".
ABC: Scl_LibertyReadGenlib() skipped sequential cell "SDFFR_X2".
ABC: Scl_LibertyReadGenlib() skipped sequential cell "SDFFS_X1".
ABC: Scl_LibertyReadGenlib() skipped sequential cell "SDFFS_X2".
ABC: Scl_LibertyReadGenlib() skipped sequential cell "SDFF_X1".
ABC: Scl_LibertyReadGenlib() skipped sequential cell "SDFF_X2".
ABC: Scl_LibertyReadGenlib() skipped three-state cell "TBUF_X1".
ABC: Scl_LibertyReadGenlib() skipped three-state cell "TBUF_X2".
ABC: Scl_LibertyReadGenlib() skipped three-state cell "TBUF_X4".
ABC: Scl_LibertyReadGenlib() skipped three-state cell "TBUF_X8".
ABC: Scl_LibertyReadGenlib() skipped three-state cell "TBUF_X16".
ABC: Scl_LibertyReadGenlib() skipped three-state cell "TINV_X1".
ABC: Scl_LibertyReadGenlib() skipped sequential cell "TLAT_X1".
ABC: Library "NangateOpenCellLibrary" from "/Users/aasheiksaran/Desktop/Productivity/INDIA_CRYPTO_SOC/synth/../pdk/nangate45/NangateOpenCellLibrary_typical.lib" has 90 cells (45 skipped: 21 seq; 6 tri-state; 8 no func; 10 dont_use; 0 with 2 outputs; 0 with 3+ outputs).  Time =     0.03 sec
ABC: Memory =   11.38 MB. Time =     0.03 sec
ABC: Warning: Detected 2 multi-output cells (for example, "FA_X1").
ABC: + strash 
ABC: + &get -n 
ABC: + &fraig -x 
ABC: + &put 
ABC: + scorr 
ABC: Warning: The network is combinational (run "fraig" or "fraig_sweep").
ABC: + dc2 
ABC: + dretime 
ABC: + strash 
ABC: + &get -n 
ABC: + &dch -f 
ABC: + &nf 
ABC: + &put 
ABC: + write_blif <abc-temp-dir>/output.blif 

5.1.2. Re-integrating ABC results.
ABC RESULTS:           AND3_X1 cells:        1
ABC RESULTS:          AOI21_X1 cells:        3
ABC RESULTS:          AOI22_X1 cells:        2
ABC RESULTS:            INV_X1 cells:        9
ABC RESULTS:           MUX2_X1 cells:       89
ABC RESULTS:          NAND2_X1 cells:        4
ABC RESULTS:          NAND4_X1 cells:        1
ABC RESULTS:           NOR2_X1 cells:        7
ABC RESULTS:           NOR3_X1 cells:        2
ABC RESULTS:           NOR4_X1 cells:        1
ABC RESULTS:          OAI21_X1 cells:        2
ABC RESULTS:            OR2_X1 cells:        1
ABC RESULTS:        internal signals:       37
ABC RESULTS:           input signals:      179
ABC RESULTS:          output signals:       89
Removing temp directory.
Removing global temp directory.
Removed 0 unused cells and 294 unused wires.

6. Printing statistics.

=== axil_to_apb ===

        +----------Local Count, excluding submodules.
        |        +-Local Area, excluding submodules.
        |        | 
      236        - wires
      474        - wire bits
       35        - public wires
      273        - public wire bits
       27        - ports
      189        - port bits
      206  641.326 cells
        1     1.33   AND3_X1
        3    3.192   AOI21_X1
        2     2.66   AOI22_X1
       83   441.56   DFFR_X1
        1     5.32   DFFS_X1
        9    4.788   INV_X1
       89  165.718   MUX2_X1
        4    3.192   NAND2_X1
        1     1.33   NAND4_X1
        7    5.586   NOR2_X1
        2    2.128   NOR3_X1
        1     1.33   NOR4_X1
        2    2.128   OAI21_X1
        1    1.064   OR2_X1

   Chip area for module '\axil_to_apb': 641.326000
     of which used for sequential elements: 446.880000 (69.68%)

7. Executing Verilog backend.
Dumping module `\axil_to_apb'.

End of script. Logfile hash: df771ebd6d, time: 3.76s, user: 0.10s, system: 0.02s, MEM: 32.39 MB peak
Yosys 0.64 (git sha1 d8dab5b32666564eca8e18f412973853ce006e61, clang++ 21.0.0 -fPIC -O3)
Time spent: 57% 2x abc (0 sec), 13% 2x stat (0 sec), ...
