
 /----------------------------------------------------------------------------\
 |  yosys -- Yosys Open SYnthesis Suite                                       |
 |  Copyright (C) 2012 - 2026  Claire Xenia Wolf <claire@yosyshq.com>         |
 |  Distributed under an ISC-like license, type "license" to see terms        |
 \----------------------------------------------------------------------------/
 Yosys 0.64 (git sha1 d8dab5b32666564eca8e18f412973853ce006e61, clang++ 21.0.0 -fPIC -O3)

-- Executing script file `/tmp/yosys_XXXXXX.ys' --

1. Executing Verilog-2005 frontend: ../rtl/fabric/axi_lite_xbar.v
Parsing SystemVerilog input from `../rtl/fabric/axi_lite_xbar.v' to AST representation.
Generating RTLIL representation for module `\axi_lite_xbar'.
Successfully finished Verilog frontend.

2. Executing HIERARCHY pass (managing design hierarchy).

2.1. Analyzing design hierarchy..
Top module:  \axi_lite_xbar

2.2. Analyzing design hierarchy..
Top module:  \axi_lite_xbar
Removed 0 unused modules.

3. Executing SYNTH pass.

3.1. Executing HIERARCHY pass (managing design hierarchy).

3.1.1. Analyzing design hierarchy..
Top module:  \axi_lite_xbar

3.1.2. Analyzing design hierarchy..
Top module:  \axi_lite_xbar
Removed 0 unused modules.

3.2. Executing PROC pass (convert processes to netlists).

3.2.1. Executing PROC_CLEAN pass (remove empty switches from decision trees).
Cleaned up 0 empty switches.

3.2.2. Executing PROC_RMDEAD pass (remove dead branches from decision trees).
Marked 10 switch rules as full_case in process $proc$../rtl/fabric/axi_lite_xbar.v:469$39 in module axi_lite_xbar.
Marked 10 switch rules as full_case in process $proc$../rtl/fabric/axi_lite_xbar.v:431$21 in module axi_lite_xbar.
Marked 9 switch rules as full_case in process $proc$../rtl/fabric/axi_lite_xbar.v:397$19 in module axi_lite_xbar.
Marked 9 switch rules as full_case in process $proc$../rtl/fabric/axi_lite_xbar.v:362$17 in module axi_lite_xbar.
Removed a total of 0 dead cases.

3.2.3. Executing PROC_PRUNE pass (remove redundant assignments in processes).
Removed 0 redundant assignments.
Promoted 172 assignments to connections.

3.2.4. Executing PROC_INIT pass (extract init attributes).

3.2.5. Executing PROC_ARST pass (detect async resets in processes).

3.2.6. Executing PROC_ROM pass (convert switches to ROMs).
Converted 0 switches.
<suppressed ~38 debug messages>

3.2.7. Executing PROC_MUX pass (convert decision trees to multiplexers).
Creating decoders for process `\axi_lite_xbar.$proc$../rtl/fabric/axi_lite_xbar.v:304$479'.
Creating decoders for process `\axi_lite_xbar.$proc$../rtl/fabric/axi_lite_xbar.v:301$470'.
Creating decoders for process `\axi_lite_xbar.$proc$../rtl/fabric/axi_lite_xbar.v:300$468'.
Creating decoders for process `\axi_lite_xbar.$proc$../rtl/fabric/axi_lite_xbar.v:298$466'.
Creating decoders for process `\axi_lite_xbar.$proc$../rtl/fabric/axi_lite_xbar.v:296$461'.
Creating decoders for process `\axi_lite_xbar.$proc$../rtl/fabric/axi_lite_xbar.v:295$459'.
Creating decoders for process `\axi_lite_xbar.$proc$../rtl/fabric/axi_lite_xbar.v:294$457'.
Creating decoders for process `\axi_lite_xbar.$proc$../rtl/fabric/axi_lite_xbar.v:291$448'.
Creating decoders for process `\axi_lite_xbar.$proc$../rtl/fabric/axi_lite_xbar.v:290$446'.
Creating decoders for process `\axi_lite_xbar.$proc$../rtl/fabric/axi_lite_xbar.v:304$444'.
Creating decoders for process `\axi_lite_xbar.$proc$../rtl/fabric/axi_lite_xbar.v:301$435'.
Creating decoders for process `\axi_lite_xbar.$proc$../rtl/fabric/axi_lite_xbar.v:300$433'.
Creating decoders for process `\axi_lite_xbar.$proc$../rtl/fabric/axi_lite_xbar.v:298$431'.
Creating decoders for process `\axi_lite_xbar.$proc$../rtl/fabric/axi_lite_xbar.v:296$426'.
Creating decoders for process `\axi_lite_xbar.$proc$../rtl/fabric/axi_lite_xbar.v:295$424'.
Creating decoders for process `\axi_lite_xbar.$proc$../rtl/fabric/axi_lite_xbar.v:294$422'.
Creating decoders for process `\axi_lite_xbar.$proc$../rtl/fabric/axi_lite_xbar.v:291$413'.
Creating decoders for process `\axi_lite_xbar.$proc$../rtl/fabric/axi_lite_xbar.v:290$411'.
Creating decoders for process `\axi_lite_xbar.$proc$../rtl/fabric/axi_lite_xbar.v:304$409'.
Creating decoders for process `\axi_lite_xbar.$proc$../rtl/fabric/axi_lite_xbar.v:301$400'.
Creating decoders for process `\axi_lite_xbar.$proc$../rtl/fabric/axi_lite_xbar.v:300$398'.
Creating decoders for process `\axi_lite_xbar.$proc$../rtl/fabric/axi_lite_xbar.v:298$396'.
Creating decoders for process `\axi_lite_xbar.$proc$../rtl/fabric/axi_lite_xbar.v:296$391'.
Creating decoders for process `\axi_lite_xbar.$proc$../rtl/fabric/axi_lite_xbar.v:295$389'.
Creating decoders for process `\axi_lite_xbar.$proc$../rtl/fabric/axi_lite_xbar.v:294$387'.
Creating decoders for process `\axi_lite_xbar.$proc$../rtl/fabric/axi_lite_xbar.v:291$378'.
Creating decoders for process `\axi_lite_xbar.$proc$../rtl/fabric/axi_lite_xbar.v:290$376'.
Creating decoders for process `\axi_lite_xbar.$proc$../rtl/fabric/axi_lite_xbar.v:304$374'.
Creating decoders for process `\axi_lite_xbar.$proc$../rtl/fabric/axi_lite_xbar.v:301$365'.
Creating decoders for process `\axi_lite_xbar.$proc$../rtl/fabric/axi_lite_xbar.v:300$363'.
Creating decoders for process `\axi_lite_xbar.$proc$../rtl/fabric/axi_lite_xbar.v:298$361'.
Creating decoders for process `\axi_lite_xbar.$proc$../rtl/fabric/axi_lite_xbar.v:296$356'.
Creating decoders for process `\axi_lite_xbar.$proc$../rtl/fabric/axi_lite_xbar.v:295$354'.
Creating decoders for process `\axi_lite_xbar.$proc$../rtl/fabric/axi_lite_xbar.v:294$352'.
Creating decoders for process `\axi_lite_xbar.$proc$../rtl/fabric/axi_lite_xbar.v:291$343'.
Creating decoders for process `\axi_lite_xbar.$proc$../rtl/fabric/axi_lite_xbar.v:290$341'.
Creating decoders for process `\axi_lite_xbar.$proc$../rtl/fabric/axi_lite_xbar.v:304$339'.
Creating decoders for process `\axi_lite_xbar.$proc$../rtl/fabric/axi_lite_xbar.v:301$330'.
Creating decoders for process `\axi_lite_xbar.$proc$../rtl/fabric/axi_lite_xbar.v:300$328'.
Creating decoders for process `\axi_lite_xbar.$proc$../rtl/fabric/axi_lite_xbar.v:298$326'.
Creating decoders for process `\axi_lite_xbar.$proc$../rtl/fabric/axi_lite_xbar.v:296$321'.
Creating decoders for process `\axi_lite_xbar.$proc$../rtl/fabric/axi_lite_xbar.v:295$319'.
Creating decoders for process `\axi_lite_xbar.$proc$../rtl/fabric/axi_lite_xbar.v:294$317'.
Creating decoders for process `\axi_lite_xbar.$proc$../rtl/fabric/axi_lite_xbar.v:291$308'.
Creating decoders for process `\axi_lite_xbar.$proc$../rtl/fabric/axi_lite_xbar.v:290$306'.
Creating decoders for process `\axi_lite_xbar.$proc$../rtl/fabric/axi_lite_xbar.v:304$304'.
Creating decoders for process `\axi_lite_xbar.$proc$../rtl/fabric/axi_lite_xbar.v:301$295'.
Creating decoders for process `\axi_lite_xbar.$proc$../rtl/fabric/axi_lite_xbar.v:300$293'.
Creating decoders for process `\axi_lite_xbar.$proc$../rtl/fabric/axi_lite_xbar.v:298$291'.
Creating decoders for process `\axi_lite_xbar.$proc$../rtl/fabric/axi_lite_xbar.v:296$286'.
Creating decoders for process `\axi_lite_xbar.$proc$../rtl/fabric/axi_lite_xbar.v:295$284'.
Creating decoders for process `\axi_lite_xbar.$proc$../rtl/fabric/axi_lite_xbar.v:294$282'.
Creating decoders for process `\axi_lite_xbar.$proc$../rtl/fabric/axi_lite_xbar.v:291$273'.
Creating decoders for process `\axi_lite_xbar.$proc$../rtl/fabric/axi_lite_xbar.v:290$271'.
Creating decoders for process `\axi_lite_xbar.$proc$../rtl/fabric/axi_lite_xbar.v:304$269'.
Creating decoders for process `\axi_lite_xbar.$proc$../rtl/fabric/axi_lite_xbar.v:301$260'.
Creating decoders for process `\axi_lite_xbar.$proc$../rtl/fabric/axi_lite_xbar.v:300$258'.
Creating decoders for process `\axi_lite_xbar.$proc$../rtl/fabric/axi_lite_xbar.v:298$256'.
Creating decoders for process `\axi_lite_xbar.$proc$../rtl/fabric/axi_lite_xbar.v:296$251'.
Creating decoders for process `\axi_lite_xbar.$proc$../rtl/fabric/axi_lite_xbar.v:295$249'.
Creating decoders for process `\axi_lite_xbar.$proc$../rtl/fabric/axi_lite_xbar.v:294$247'.
Creating decoders for process `\axi_lite_xbar.$proc$../rtl/fabric/axi_lite_xbar.v:291$238'.
Creating decoders for process `\axi_lite_xbar.$proc$../rtl/fabric/axi_lite_xbar.v:290$236'.
Creating decoders for process `\axi_lite_xbar.$proc$../rtl/fabric/axi_lite_xbar.v:304$234'.
Creating decoders for process `\axi_lite_xbar.$proc$../rtl/fabric/axi_lite_xbar.v:301$225'.
Creating decoders for process `\axi_lite_xbar.$proc$../rtl/fabric/axi_lite_xbar.v:300$223'.
Creating decoders for process `\axi_lite_xbar.$proc$../rtl/fabric/axi_lite_xbar.v:298$221'.
Creating decoders for process `\axi_lite_xbar.$proc$../rtl/fabric/axi_lite_xbar.v:296$216'.
Creating decoders for process `\axi_lite_xbar.$proc$../rtl/fabric/axi_lite_xbar.v:295$214'.
Creating decoders for process `\axi_lite_xbar.$proc$../rtl/fabric/axi_lite_xbar.v:294$212'.
Creating decoders for process `\axi_lite_xbar.$proc$../rtl/fabric/axi_lite_xbar.v:291$203'.
Creating decoders for process `\axi_lite_xbar.$proc$../rtl/fabric/axi_lite_xbar.v:290$201'.
Creating decoders for process `\axi_lite_xbar.$proc$../rtl/fabric/axi_lite_xbar.v:281$200'.
Creating decoders for process `\axi_lite_xbar.$proc$../rtl/fabric/axi_lite_xbar.v:281$199'.
Creating decoders for process `\axi_lite_xbar.$proc$../rtl/fabric/axi_lite_xbar.v:280$198'.
Creating decoders for process `\axi_lite_xbar.$proc$../rtl/fabric/axi_lite_xbar.v:280$197'.
Creating decoders for process `\axi_lite_xbar.$proc$../rtl/fabric/axi_lite_xbar.v:279$196'.
Creating decoders for process `\axi_lite_xbar.$proc$../rtl/fabric/axi_lite_xbar.v:279$195'.
Creating decoders for process `\axi_lite_xbar.$proc$../rtl/fabric/axi_lite_xbar.v:278$194'.
Creating decoders for process `\axi_lite_xbar.$proc$../rtl/fabric/axi_lite_xbar.v:278$193'.
Creating decoders for process `\axi_lite_xbar.$proc$../rtl/fabric/axi_lite_xbar.v:276$192'.
Creating decoders for process `\axi_lite_xbar.$proc$../rtl/fabric/axi_lite_xbar.v:276$191'.
Creating decoders for process `\axi_lite_xbar.$proc$../rtl/fabric/axi_lite_xbar.v:275$190'.
Creating decoders for process `\axi_lite_xbar.$proc$../rtl/fabric/axi_lite_xbar.v:275$189'.
Creating decoders for process `\axi_lite_xbar.$proc$../rtl/fabric/axi_lite_xbar.v:274$188'.
Creating decoders for process `\axi_lite_xbar.$proc$../rtl/fabric/axi_lite_xbar.v:274$187'.
Creating decoders for process `\axi_lite_xbar.$proc$../rtl/fabric/axi_lite_xbar.v:273$186'.
Creating decoders for process `\axi_lite_xbar.$proc$../rtl/fabric/axi_lite_xbar.v:273$185'.
Creating decoders for process `\axi_lite_xbar.$proc$../rtl/fabric/axi_lite_xbar.v:271$184'.
Creating decoders for process `\axi_lite_xbar.$proc$../rtl/fabric/axi_lite_xbar.v:271$183'.
Creating decoders for process `\axi_lite_xbar.$proc$../rtl/fabric/axi_lite_xbar.v:270$182'.
Creating decoders for process `\axi_lite_xbar.$proc$../rtl/fabric/axi_lite_xbar.v:270$181'.
Creating decoders for process `\axi_lite_xbar.$proc$../rtl/fabric/axi_lite_xbar.v:269$180'.
Creating decoders for process `\axi_lite_xbar.$proc$../rtl/fabric/axi_lite_xbar.v:269$179'.
Creating decoders for process `\axi_lite_xbar.$proc$../rtl/fabric/axi_lite_xbar.v:268$178'.
Creating decoders for process `\axi_lite_xbar.$proc$../rtl/fabric/axi_lite_xbar.v:268$177'.
Creating decoders for process `\axi_lite_xbar.$proc$../rtl/fabric/axi_lite_xbar.v:266$176'.
Creating decoders for process `\axi_lite_xbar.$proc$../rtl/fabric/axi_lite_xbar.v:266$175'.
Creating decoders for process `\axi_lite_xbar.$proc$../rtl/fabric/axi_lite_xbar.v:265$174'.
Creating decoders for process `\axi_lite_xbar.$proc$../rtl/fabric/axi_lite_xbar.v:265$173'.
Creating decoders for process `\axi_lite_xbar.$proc$../rtl/fabric/axi_lite_xbar.v:264$172'.
Creating decoders for process `\axi_lite_xbar.$proc$../rtl/fabric/axi_lite_xbar.v:264$171'.
Creating decoders for process `\axi_lite_xbar.$proc$../rtl/fabric/axi_lite_xbar.v:263$170'.
Creating decoders for process `\axi_lite_xbar.$proc$../rtl/fabric/axi_lite_xbar.v:263$169'.
Creating decoders for process `\axi_lite_xbar.$proc$../rtl/fabric/axi_lite_xbar.v:261$168'.
Creating decoders for process `\axi_lite_xbar.$proc$../rtl/fabric/axi_lite_xbar.v:261$167'.
Creating decoders for process `\axi_lite_xbar.$proc$../rtl/fabric/axi_lite_xbar.v:260$166'.
Creating decoders for process `\axi_lite_xbar.$proc$../rtl/fabric/axi_lite_xbar.v:260$165'.
Creating decoders for process `\axi_lite_xbar.$proc$../rtl/fabric/axi_lite_xbar.v:259$164'.
Creating decoders for process `\axi_lite_xbar.$proc$../rtl/fabric/axi_lite_xbar.v:259$163'.
Creating decoders for process `\axi_lite_xbar.$proc$../rtl/fabric/axi_lite_xbar.v:258$162'.
Creating decoders for process `\axi_lite_xbar.$proc$../rtl/fabric/axi_lite_xbar.v:258$161'.
Creating decoders for process `\axi_lite_xbar.$proc$../rtl/fabric/axi_lite_xbar.v:256$160'.
Creating decoders for process `\axi_lite_xbar.$proc$../rtl/fabric/axi_lite_xbar.v:256$159'.
Creating decoders for process `\axi_lite_xbar.$proc$../rtl/fabric/axi_lite_xbar.v:255$158'.
Creating decoders for process `\axi_lite_xbar.$proc$../rtl/fabric/axi_lite_xbar.v:255$157'.
Creating decoders for process `\axi_lite_xbar.$proc$../rtl/fabric/axi_lite_xbar.v:254$156'.
Creating decoders for process `\axi_lite_xbar.$proc$../rtl/fabric/axi_lite_xbar.v:254$155'.
Creating decoders for process `\axi_lite_xbar.$proc$../rtl/fabric/axi_lite_xbar.v:253$154'.
Creating decoders for process `\axi_lite_xbar.$proc$../rtl/fabric/axi_lite_xbar.v:253$153'.
Creating decoders for process `\axi_lite_xbar.$proc$../rtl/fabric/axi_lite_xbar.v:251$152'.
Creating decoders for process `\axi_lite_xbar.$proc$../rtl/fabric/axi_lite_xbar.v:251$151'.
Creating decoders for process `\axi_lite_xbar.$proc$../rtl/fabric/axi_lite_xbar.v:250$150'.
Creating decoders for process `\axi_lite_xbar.$proc$../rtl/fabric/axi_lite_xbar.v:250$149'.
Creating decoders for process `\axi_lite_xbar.$proc$../rtl/fabric/axi_lite_xbar.v:249$148'.
Creating decoders for process `\axi_lite_xbar.$proc$../rtl/fabric/axi_lite_xbar.v:249$147'.
Creating decoders for process `\axi_lite_xbar.$proc$../rtl/fabric/axi_lite_xbar.v:248$146'.
Creating decoders for process `\axi_lite_xbar.$proc$../rtl/fabric/axi_lite_xbar.v:248$145'.
Creating decoders for process `\axi_lite_xbar.$proc$../rtl/fabric/axi_lite_xbar.v:246$144'.
Creating decoders for process `\axi_lite_xbar.$proc$../rtl/fabric/axi_lite_xbar.v:246$143'.
Creating decoders for process `\axi_lite_xbar.$proc$../rtl/fabric/axi_lite_xbar.v:245$142'.
Creating decoders for process `\axi_lite_xbar.$proc$../rtl/fabric/axi_lite_xbar.v:245$141'.
Creating decoders for process `\axi_lite_xbar.$proc$../rtl/fabric/axi_lite_xbar.v:244$140'.
Creating decoders for process `\axi_lite_xbar.$proc$../rtl/fabric/axi_lite_xbar.v:244$139'.
Creating decoders for process `\axi_lite_xbar.$proc$../rtl/fabric/axi_lite_xbar.v:243$138'.
Creating decoders for process `\axi_lite_xbar.$proc$../rtl/fabric/axi_lite_xbar.v:243$137'.
Creating decoders for process `\axi_lite_xbar.$proc$../rtl/fabric/axi_lite_xbar.v:178$136'.
Creating decoders for process `\axi_lite_xbar.$proc$../rtl/fabric/axi_lite_xbar.v:178$135'.
Creating decoders for process `\axi_lite_xbar.$proc$../rtl/fabric/axi_lite_xbar.v:177$134'.
Creating decoders for process `\axi_lite_xbar.$proc$../rtl/fabric/axi_lite_xbar.v:177$133'.
Creating decoders for process `\axi_lite_xbar.$proc$../rtl/fabric/axi_lite_xbar.v:176$132'.
Creating decoders for process `\axi_lite_xbar.$proc$../rtl/fabric/axi_lite_xbar.v:176$131'.
Creating decoders for process `\axi_lite_xbar.$proc$../rtl/fabric/axi_lite_xbar.v:175$130'.
Creating decoders for process `\axi_lite_xbar.$proc$../rtl/fabric/axi_lite_xbar.v:175$129'.
Creating decoders for process `\axi_lite_xbar.$proc$../rtl/fabric/axi_lite_xbar.v:174$128'.
Creating decoders for process `\axi_lite_xbar.$proc$../rtl/fabric/axi_lite_xbar.v:174$127'.
Creating decoders for process `\axi_lite_xbar.$proc$../rtl/fabric/axi_lite_xbar.v:173$126'.
Creating decoders for process `\axi_lite_xbar.$proc$../rtl/fabric/axi_lite_xbar.v:173$125'.
Creating decoders for process `\axi_lite_xbar.$proc$../rtl/fabric/axi_lite_xbar.v:172$124'.
Creating decoders for process `\axi_lite_xbar.$proc$../rtl/fabric/axi_lite_xbar.v:172$123'.
Creating decoders for process `\axi_lite_xbar.$proc$../rtl/fabric/axi_lite_xbar.v:171$122'.
Creating decoders for process `\axi_lite_xbar.$proc$../rtl/fabric/axi_lite_xbar.v:171$121'.
Creating decoders for process `\axi_lite_xbar.$proc$../rtl/fabric/axi_lite_xbar.v:469$39'.
     1/42: $10\m1_rdata_r[31:0]
     2/42: $10\m1_rresp_r[1:0]
     3/42: $10\m1_rvalid_r[0:0]
     4/42: $10\m1_arready_r[0:0]
     5/42: $9\m1_rdata_r[31:0]
     6/42: $9\m1_rresp_r[1:0]
     7/42: $9\m1_rvalid_r[0:0]
     8/42: $9\m1_arready_r[0:0]
     9/42: $8\m1_rdata_r[31:0]
    10/42: $8\m1_rresp_r[1:0]
    11/42: $8\m1_rvalid_r[0:0]
    12/42: $8\m1_arready_r[0:0]
    13/42: $7\m1_rdata_r[31:0]
    14/42: $7\m1_rresp_r[1:0]
    15/42: $7\m1_rvalid_r[0:0]
    16/42: $7\m1_arready_r[0:0]
    17/42: $6\m1_rdata_r[31:0]
    18/42: $6\m1_rresp_r[1:0]
    19/42: $6\m1_rvalid_r[0:0]
    20/42: $6\m1_arready_r[0:0]
    21/42: $5\m1_rdata_r[31:0]
    22/42: $5\m1_rresp_r[1:0]
    23/42: $5\m1_rvalid_r[0:0]
    24/42: $5\m1_arready_r[0:0]
    25/42: $4\m1_rdata_r[31:0]
    26/42: $4\m1_rresp_r[1:0]
    27/42: $4\m1_rvalid_r[0:0]
    28/42: $4\m1_arready_r[0:0]
    29/42: $3\m1_rdata_r[31:0]
    30/42: $3\m1_rresp_r[1:0]
    31/42: $3\m1_rvalid_r[0:0]
    32/42: $3\m1_arready_r[0:0]
    33/42: $2\m1_rdata_r[31:0]
    34/42: $2\m1_rresp_r[1:0]
    35/42: $2\m1_rvalid_r[0:0]
    36/42: $2\m1_arready_r[0:0]
    37/42: $2\M1_RD_RESP.j[31:0]
    38/42: $1\m1_arready_r[0:0]
    39/42: $1\M1_RD_RESP.j[31:0]
    40/42: $1\m1_rvalid_r[0:0]
    41/42: $1\m1_rresp_r[1:0]
    42/42: $1\m1_rdata_r[31:0]
Creating decoders for process `\axi_lite_xbar.$proc$../rtl/fabric/axi_lite_xbar.v:431$21'.
     1/42: $10\m1_bresp_r[1:0]
     2/42: $10\m1_bvalid_r[0:0]
     3/42: $10\m1_wready_r[0:0]
     4/42: $10\m1_awready_r[0:0]
     5/42: $9\m1_bresp_r[1:0]
     6/42: $9\m1_bvalid_r[0:0]
     7/42: $9\m1_wready_r[0:0]
     8/42: $9\m1_awready_r[0:0]
     9/42: $8\m1_bresp_r[1:0]
    10/42: $8\m1_bvalid_r[0:0]
    11/42: $8\m1_wready_r[0:0]
    12/42: $8\m1_awready_r[0:0]
    13/42: $7\m1_bresp_r[1:0]
    14/42: $7\m1_bvalid_r[0:0]
    15/42: $7\m1_wready_r[0:0]
    16/42: $7\m1_awready_r[0:0]
    17/42: $6\m1_bresp_r[1:0]
    18/42: $6\m1_bvalid_r[0:0]
    19/42: $6\m1_wready_r[0:0]
    20/42: $6\m1_awready_r[0:0]
    21/42: $5\m1_bresp_r[1:0]
    22/42: $5\m1_bvalid_r[0:0]
    23/42: $5\m1_wready_r[0:0]
    24/42: $5\m1_awready_r[0:0]
    25/42: $4\m1_bresp_r[1:0]
    26/42: $4\m1_bvalid_r[0:0]
    27/42: $4\m1_wready_r[0:0]
    28/42: $4\m1_awready_r[0:0]
    29/42: $3\m1_bresp_r[1:0]
    30/42: $3\m1_bvalid_r[0:0]
    31/42: $3\m1_wready_r[0:0]
    32/42: $3\m1_awready_r[0:0]
    33/42: $2\m1_bresp_r[1:0]
    34/42: $2\m1_bvalid_r[0:0]
    35/42: $2\m1_wready_r[0:0]
    36/42: $2\m1_awready_r[0:0]
    37/42: $2\M1_WR_RESP.j[31:0]
    38/42: $1\m1_wready_r[0:0]
    39/42: $1\m1_awready_r[0:0]
    40/42: $1\M1_WR_RESP.j[31:0]
    41/42: $1\m1_bvalid_r[0:0]
    42/42: $1\m1_bresp_r[1:0]
Creating decoders for process `\axi_lite_xbar.$proc$../rtl/fabric/axi_lite_xbar.v:397$19'.
     1/37: $9\m0_rdata_r[31:0]
     2/37: $9\m0_rresp_r[1:0]
     3/37: $9\m0_rvalid_r[0:0]
     4/37: $9\m0_arready_r[0:0]
     5/37: $8\m0_rdata_r[31:0]
     6/37: $8\m0_rresp_r[1:0]
     7/37: $8\m0_rvalid_r[0:0]
     8/37: $8\m0_arready_r[0:0]
     9/37: $7\m0_rdata_r[31:0]
    10/37: $7\m0_rresp_r[1:0]
    11/37: $7\m0_rvalid_r[0:0]
    12/37: $7\m0_arready_r[0:0]
    13/37: $6\m0_rdata_r[31:0]
    14/37: $6\m0_rresp_r[1:0]
    15/37: $6\m0_rvalid_r[0:0]
    16/37: $6\m0_arready_r[0:0]
    17/37: $5\m0_rdata_r[31:0]
    18/37: $5\m0_rresp_r[1:0]
    19/37: $5\m0_rvalid_r[0:0]
    20/37: $5\m0_arready_r[0:0]
    21/37: $4\m0_rdata_r[31:0]
    22/37: $4\m0_rresp_r[1:0]
    23/37: $4\m0_rvalid_r[0:0]
    24/37: $4\m0_arready_r[0:0]
    25/37: $3\m0_rdata_r[31:0]
    26/37: $3\m0_rresp_r[1:0]
    27/37: $3\m0_rvalid_r[0:0]
    28/37: $3\m0_arready_r[0:0]
    29/37: $2\m0_rdata_r[31:0]
    30/37: $2\m0_rresp_r[1:0]
    31/37: $2\m0_rvalid_r[0:0]
    32/37: $2\m0_arready_r[0:0]
    33/37: $1\m0_rdata_r[31:0]
    34/37: $1\m0_rresp_r[1:0]
    35/37: $1\m0_rvalid_r[0:0]
    36/37: $1\m0_arready_r[0:0]
    37/37: $1\M0_RD_RESP.j[31:0]
Creating decoders for process `\axi_lite_xbar.$proc$../rtl/fabric/axi_lite_xbar.v:362$17'.
     1/37: $9\m0_bresp_r[1:0]
     2/37: $9\m0_bvalid_r[0:0]
     3/37: $9\m0_wready_r[0:0]
     4/37: $9\m0_awready_r[0:0]
     5/37: $8\m0_bresp_r[1:0]
     6/37: $8\m0_bvalid_r[0:0]
     7/37: $8\m0_wready_r[0:0]
     8/37: $8\m0_awready_r[0:0]
     9/37: $7\m0_bresp_r[1:0]
    10/37: $7\m0_bvalid_r[0:0]
    11/37: $7\m0_wready_r[0:0]
    12/37: $7\m0_awready_r[0:0]
    13/37: $6\m0_bresp_r[1:0]
    14/37: $6\m0_bvalid_r[0:0]
    15/37: $6\m0_wready_r[0:0]
    16/37: $6\m0_awready_r[0:0]
    17/37: $5\m0_bresp_r[1:0]
    18/37: $5\m0_bvalid_r[0:0]
    19/37: $5\m0_wready_r[0:0]
    20/37: $5\m0_awready_r[0:0]
    21/37: $4\m0_bresp_r[1:0]
    22/37: $4\m0_bvalid_r[0:0]
    23/37: $4\m0_wready_r[0:0]
    24/37: $4\m0_awready_r[0:0]
    25/37: $3\m0_bresp_r[1:0]
    26/37: $3\m0_bvalid_r[0:0]
    27/37: $3\m0_wready_r[0:0]
    28/37: $3\m0_awready_r[0:0]
    29/37: $2\m0_bresp_r[1:0]
    30/37: $2\m0_bvalid_r[0:0]
    31/37: $2\m0_wready_r[0:0]
    32/37: $2\m0_awready_r[0:0]
    33/37: $1\m0_bresp_r[1:0]
    34/37: $1\m0_bvalid_r[0:0]
    35/37: $1\m0_wready_r[0:0]
    36/37: $1\m0_awready_r[0:0]
    37/37: $1\M0_WR_RESP.j[31:0]

3.2.8. Executing PROC_DLATCH pass (convert process syncs to latches).
No latch inferred for signal `\axi_lite_xbar.\sx_rready[7]' from process `\axi_lite_xbar.$proc$../rtl/fabric/axi_lite_xbar.v:304$479'.
No latch inferred for signal `\axi_lite_xbar.\sx_arvalid[7]' from process `\axi_lite_xbar.$proc$../rtl/fabric/axi_lite_xbar.v:301$470'.
No latch inferred for signal `\axi_lite_xbar.\sx_araddr[7]' from process `\axi_lite_xbar.$proc$../rtl/fabric/axi_lite_xbar.v:300$468'.
No latch inferred for signal `\axi_lite_xbar.\sx_bready[7]' from process `\axi_lite_xbar.$proc$../rtl/fabric/axi_lite_xbar.v:298$466'.
No latch inferred for signal `\axi_lite_xbar.\sx_wvalid[7]' from process `\axi_lite_xbar.$proc$../rtl/fabric/axi_lite_xbar.v:296$461'.
No latch inferred for signal `\axi_lite_xbar.\sx_wstrb[7]' from process `\axi_lite_xbar.$proc$../rtl/fabric/axi_lite_xbar.v:295$459'.
No latch inferred for signal `\axi_lite_xbar.\sx_wdata[7]' from process `\axi_lite_xbar.$proc$../rtl/fabric/axi_lite_xbar.v:294$457'.
No latch inferred for signal `\axi_lite_xbar.\sx_awvalid[7]' from process `\axi_lite_xbar.$proc$../rtl/fabric/axi_lite_xbar.v:291$448'.
No latch inferred for signal `\axi_lite_xbar.\sx_awaddr[7]' from process `\axi_lite_xbar.$proc$../rtl/fabric/axi_lite_xbar.v:290$446'.
No latch inferred for signal `\axi_lite_xbar.\sx_rready[6]' from process `\axi_lite_xbar.$proc$../rtl/fabric/axi_lite_xbar.v:304$444'.
No latch inferred for signal `\axi_lite_xbar.\sx_arvalid[6]' from process `\axi_lite_xbar.$proc$../rtl/fabric/axi_lite_xbar.v:301$435'.
No latch inferred for signal `\axi_lite_xbar.\sx_araddr[6]' from process `\axi_lite_xbar.$proc$../rtl/fabric/axi_lite_xbar.v:300$433'.
No latch inferred for signal `\axi_lite_xbar.\sx_bready[6]' from process `\axi_lite_xbar.$proc$../rtl/fabric/axi_lite_xbar.v:298$431'.
No latch inferred for signal `\axi_lite_xbar.\sx_wvalid[6]' from process `\axi_lite_xbar.$proc$../rtl/fabric/axi_lite_xbar.v:296$426'.
No latch inferred for signal `\axi_lite_xbar.\sx_wstrb[6]' from process `\axi_lite_xbar.$proc$../rtl/fabric/axi_lite_xbar.v:295$424'.
No latch inferred for signal `\axi_lite_xbar.\sx_wdata[6]' from process `\axi_lite_xbar.$proc$../rtl/fabric/axi_lite_xbar.v:294$422'.
No latch inferred for signal `\axi_lite_xbar.\sx_awvalid[6]' from process `\axi_lite_xbar.$proc$../rtl/fabric/axi_lite_xbar.v:291$413'.
No latch inferred for signal `\axi_lite_xbar.\sx_awaddr[6]' from process `\axi_lite_xbar.$proc$../rtl/fabric/axi_lite_xbar.v:290$411'.
No latch inferred for signal `\axi_lite_xbar.\sx_rready[5]' from process `\axi_lite_xbar.$proc$../rtl/fabric/axi_lite_xbar.v:304$409'.
No latch inferred for signal `\axi_lite_xbar.\sx_arvalid[5]' from process `\axi_lite_xbar.$proc$../rtl/fabric/axi_lite_xbar.v:301$400'.
No latch inferred for signal `\axi_lite_xbar.\sx_araddr[5]' from process `\axi_lite_xbar.$proc$../rtl/fabric/axi_lite_xbar.v:300$398'.
No latch inferred for signal `\axi_lite_xbar.\sx_bready[5]' from process `\axi_lite_xbar.$proc$../rtl/fabric/axi_lite_xbar.v:298$396'.
No latch inferred for signal `\axi_lite_xbar.\sx_wvalid[5]' from process `\axi_lite_xbar.$proc$../rtl/fabric/axi_lite_xbar.v:296$391'.
No latch inferred for signal `\axi_lite_xbar.\sx_wstrb[5]' from process `\axi_lite_xbar.$proc$../rtl/fabric/axi_lite_xbar.v:295$389'.
No latch inferred for signal `\axi_lite_xbar.\sx_wdata[5]' from process `\axi_lite_xbar.$proc$../rtl/fabric/axi_lite_xbar.v:294$387'.
No latch inferred for signal `\axi_lite_xbar.\sx_awvalid[5]' from process `\axi_lite_xbar.$proc$../rtl/fabric/axi_lite_xbar.v:291$378'.
No latch inferred for signal `\axi_lite_xbar.\sx_awaddr[5]' from process `\axi_lite_xbar.$proc$../rtl/fabric/axi_lite_xbar.v:290$376'.
No latch inferred for signal `\axi_lite_xbar.\sx_rready[4]' from process `\axi_lite_xbar.$proc$../rtl/fabric/axi_lite_xbar.v:304$374'.
No latch inferred for signal `\axi_lite_xbar.\sx_arvalid[4]' from process `\axi_lite_xbar.$proc$../rtl/fabric/axi_lite_xbar.v:301$365'.
No latch inferred for signal `\axi_lite_xbar.\sx_araddr[4]' from process `\axi_lite_xbar.$proc$../rtl/fabric/axi_lite_xbar.v:300$363'.
No latch inferred for signal `\axi_lite_xbar.\sx_bready[4]' from process `\axi_lite_xbar.$proc$../rtl/fabric/axi_lite_xbar.v:298$361'.
No latch inferred for signal `\axi_lite_xbar.\sx_wvalid[4]' from process `\axi_lite_xbar.$proc$../rtl/fabric/axi_lite_xbar.v:296$356'.
No latch inferred for signal `\axi_lite_xbar.\sx_wstrb[4]' from process `\axi_lite_xbar.$proc$../rtl/fabric/axi_lite_xbar.v:295$354'.
No latch inferred for signal `\axi_lite_xbar.\sx_wdata[4]' from process `\axi_lite_xbar.$proc$../rtl/fabric/axi_lite_xbar.v:294$352'.
No latch inferred for signal `\axi_lite_xbar.\sx_awvalid[4]' from process `\axi_lite_xbar.$proc$../rtl/fabric/axi_lite_xbar.v:291$343'.
No latch inferred for signal `\axi_lite_xbar.\sx_awaddr[4]' from process `\axi_lite_xbar.$proc$../rtl/fabric/axi_lite_xbar.v:290$341'.
No latch inferred for signal `\axi_lite_xbar.\sx_rready[3]' from process `\axi_lite_xbar.$proc$../rtl/fabric/axi_lite_xbar.v:304$339'.
No latch inferred for signal `\axi_lite_xbar.\sx_arvalid[3]' from process `\axi_lite_xbar.$proc$../rtl/fabric/axi_lite_xbar.v:301$330'.
No latch inferred for signal `\axi_lite_xbar.\sx_araddr[3]' from process `\axi_lite_xbar.$proc$../rtl/fabric/axi_lite_xbar.v:300$328'.
No latch inferred for signal `\axi_lite_xbar.\sx_bready[3]' from process `\axi_lite_xbar.$proc$../rtl/fabric/axi_lite_xbar.v:298$326'.
No latch inferred for signal `\axi_lite_xbar.\sx_wvalid[3]' from process `\axi_lite_xbar.$proc$../rtl/fabric/axi_lite_xbar.v:296$321'.
No latch inferred for signal `\axi_lite_xbar.\sx_wstrb[3]' from process `\axi_lite_xbar.$proc$../rtl/fabric/axi_lite_xbar.v:295$319'.
No latch inferred for signal `\axi_lite_xbar.\sx_wdata[3]' from process `\axi_lite_xbar.$proc$../rtl/fabric/axi_lite_xbar.v:294$317'.
No latch inferred for signal `\axi_lite_xbar.\sx_awvalid[3]' from process `\axi_lite_xbar.$proc$../rtl/fabric/axi_lite_xbar.v:291$308'.
No latch inferred for signal `\axi_lite_xbar.\sx_awaddr[3]' from process `\axi_lite_xbar.$proc$../rtl/fabric/axi_lite_xbar.v:290$306'.
No latch inferred for signal `\axi_lite_xbar.\sx_rready[2]' from process `\axi_lite_xbar.$proc$../rtl/fabric/axi_lite_xbar.v:304$304'.
No latch inferred for signal `\axi_lite_xbar.\sx_arvalid[2]' from process `\axi_lite_xbar.$proc$../rtl/fabric/axi_lite_xbar.v:301$295'.
No latch inferred for signal `\axi_lite_xbar.\sx_araddr[2]' from process `\axi_lite_xbar.$proc$../rtl/fabric/axi_lite_xbar.v:300$293'.
No latch inferred for signal `\axi_lite_xbar.\sx_bready[2]' from process `\axi_lite_xbar.$proc$../rtl/fabric/axi_lite_xbar.v:298$291'.
No latch inferred for signal `\axi_lite_xbar.\sx_wvalid[2]' from process `\axi_lite_xbar.$proc$../rtl/fabric/axi_lite_xbar.v:296$286'.
No latch inferred for signal `\axi_lite_xbar.\sx_wstrb[2]' from process `\axi_lite_xbar.$proc$../rtl/fabric/axi_lite_xbar.v:295$284'.
No latch inferred for signal `\axi_lite_xbar.\sx_wdata[2]' from process `\axi_lite_xbar.$proc$../rtl/fabric/axi_lite_xbar.v:294$282'.
No latch inferred for signal `\axi_lite_xbar.\sx_awvalid[2]' from process `\axi_lite_xbar.$proc$../rtl/fabric/axi_lite_xbar.v:291$273'.
No latch inferred for signal `\axi_lite_xbar.\sx_awaddr[2]' from process `\axi_lite_xbar.$proc$../rtl/fabric/axi_lite_xbar.v:290$271'.
No latch inferred for signal `\axi_lite_xbar.\sx_rready[1]' from process `\axi_lite_xbar.$proc$../rtl/fabric/axi_lite_xbar.v:304$269'.
No latch inferred for signal `\axi_lite_xbar.\sx_arvalid[1]' from process `\axi_lite_xbar.$proc$../rtl/fabric/axi_lite_xbar.v:301$260'.
No latch inferred for signal `\axi_lite_xbar.\sx_araddr[1]' from process `\axi_lite_xbar.$proc$../rtl/fabric/axi_lite_xbar.v:300$258'.
No latch inferred for signal `\axi_lite_xbar.\sx_bready[1]' from process `\axi_lite_xbar.$proc$../rtl/fabric/axi_lite_xbar.v:298$256'.
No latch inferred for signal `\axi_lite_xbar.\sx_wvalid[1]' from process `\axi_lite_xbar.$proc$../rtl/fabric/axi_lite_xbar.v:296$251'.
No latch inferred for signal `\axi_lite_xbar.\sx_wstrb[1]' from process `\axi_lite_xbar.$proc$../rtl/fabric/axi_lite_xbar.v:295$249'.
No latch inferred for signal `\axi_lite_xbar.\sx_wdata[1]' from process `\axi_lite_xbar.$proc$../rtl/fabric/axi_lite_xbar.v:294$247'.
No latch inferred for signal `\axi_lite_xbar.\sx_awvalid[1]' from process `\axi_lite_xbar.$proc$../rtl/fabric/axi_lite_xbar.v:291$238'.
No latch inferred for signal `\axi_lite_xbar.\sx_awaddr[1]' from process `\axi_lite_xbar.$proc$../rtl/fabric/axi_lite_xbar.v:290$236'.
No latch inferred for signal `\axi_lite_xbar.\sx_rready[0]' from process `\axi_lite_xbar.$proc$../rtl/fabric/axi_lite_xbar.v:304$234'.
No latch inferred for signal `\axi_lite_xbar.\sx_arvalid[0]' from process `\axi_lite_xbar.$proc$../rtl/fabric/axi_lite_xbar.v:301$225'.
No latch inferred for signal `\axi_lite_xbar.\sx_araddr[0]' from process `\axi_lite_xbar.$proc$../rtl/fabric/axi_lite_xbar.v:300$223'.
No latch inferred for signal `\axi_lite_xbar.\sx_bready[0]' from process `\axi_lite_xbar.$proc$../rtl/fabric/axi_lite_xbar.v:298$221'.
No latch inferred for signal `\axi_lite_xbar.\sx_wvalid[0]' from process `\axi_lite_xbar.$proc$../rtl/fabric/axi_lite_xbar.v:296$216'.
No latch inferred for signal `\axi_lite_xbar.\sx_wstrb[0]' from process `\axi_lite_xbar.$proc$../rtl/fabric/axi_lite_xbar.v:295$214'.
No latch inferred for signal `\axi_lite_xbar.\sx_wdata[0]' from process `\axi_lite_xbar.$proc$../rtl/fabric/axi_lite_xbar.v:294$212'.
No latch inferred for signal `\axi_lite_xbar.\sx_awvalid[0]' from process `\axi_lite_xbar.$proc$../rtl/fabric/axi_lite_xbar.v:291$203'.
No latch inferred for signal `\axi_lite_xbar.\sx_awaddr[0]' from process `\axi_lite_xbar.$proc$../rtl/fabric/axi_lite_xbar.v:290$201'.
No latch inferred for signal `\axi_lite_xbar.\sx_rvalid[7]' from process `\axi_lite_xbar.$proc$../rtl/fabric/axi_lite_xbar.v:281$200'.
No latch inferred for signal `\axi_lite_xbar.\sx_rresp[7]' from process `\axi_lite_xbar.$proc$../rtl/fabric/axi_lite_xbar.v:281$199'.
No latch inferred for signal `\axi_lite_xbar.\sx_rdata[7]' from process `\axi_lite_xbar.$proc$../rtl/fabric/axi_lite_xbar.v:280$198'.
No latch inferred for signal `\axi_lite_xbar.\sx_arready[7]' from process `\axi_lite_xbar.$proc$../rtl/fabric/axi_lite_xbar.v:280$197'.
No latch inferred for signal `\axi_lite_xbar.\sx_bvalid[7]' from process `\axi_lite_xbar.$proc$../rtl/fabric/axi_lite_xbar.v:279$196'.
No latch inferred for signal `\axi_lite_xbar.\sx_bresp[7]' from process `\axi_lite_xbar.$proc$../rtl/fabric/axi_lite_xbar.v:279$195'.
No latch inferred for signal `\axi_lite_xbar.\sx_wready[7]' from process `\axi_lite_xbar.$proc$../rtl/fabric/axi_lite_xbar.v:278$194'.
No latch inferred for signal `\axi_lite_xbar.\sx_awready[7]' from process `\axi_lite_xbar.$proc$../rtl/fabric/axi_lite_xbar.v:278$193'.
No latch inferred for signal `\axi_lite_xbar.\sx_rvalid[6]' from process `\axi_lite_xbar.$proc$../rtl/fabric/axi_lite_xbar.v:276$192'.
No latch inferred for signal `\axi_lite_xbar.\sx_rresp[6]' from process `\axi_lite_xbar.$proc$../rtl/fabric/axi_lite_xbar.v:276$191'.
No latch inferred for signal `\axi_lite_xbar.\sx_rdata[6]' from process `\axi_lite_xbar.$proc$../rtl/fabric/axi_lite_xbar.v:275$190'.
No latch inferred for signal `\axi_lite_xbar.\sx_arready[6]' from process `\axi_lite_xbar.$proc$../rtl/fabric/axi_lite_xbar.v:275$189'.
No latch inferred for signal `\axi_lite_xbar.\sx_bvalid[6]' from process `\axi_lite_xbar.$proc$../rtl/fabric/axi_lite_xbar.v:274$188'.
No latch inferred for signal `\axi_lite_xbar.\sx_bresp[6]' from process `\axi_lite_xbar.$proc$../rtl/fabric/axi_lite_xbar.v:274$187'.
No latch inferred for signal `\axi_lite_xbar.\sx_wready[6]' from process `\axi_lite_xbar.$proc$../rtl/fabric/axi_lite_xbar.v:273$186'.
No latch inferred for signal `\axi_lite_xbar.\sx_awready[6]' from process `\axi_lite_xbar.$proc$../rtl/fabric/axi_lite_xbar.v:273$185'.
No latch inferred for signal `\axi_lite_xbar.\sx_rvalid[5]' from process `\axi_lite_xbar.$proc$../rtl/fabric/axi_lite_xbar.v:271$184'.
No latch inferred for signal `\axi_lite_xbar.\sx_rresp[5]' from process `\axi_lite_xbar.$proc$../rtl/fabric/axi_lite_xbar.v:271$183'.
No latch inferred for signal `\axi_lite_xbar.\sx_rdata[5]' from process `\axi_lite_xbar.$proc$../rtl/fabric/axi_lite_xbar.v:270$182'.
No latch inferred for signal `\axi_lite_xbar.\sx_arready[5]' from process `\axi_lite_xbar.$proc$../rtl/fabric/axi_lite_xbar.v:270$181'.
No latch inferred for signal `\axi_lite_xbar.\sx_bvalid[5]' from process `\axi_lite_xbar.$proc$../rtl/fabric/axi_lite_xbar.v:269$180'.
No latch inferred for signal `\axi_lite_xbar.\sx_bresp[5]' from process `\axi_lite_xbar.$proc$../rtl/fabric/axi_lite_xbar.v:269$179'.
No latch inferred for signal `\axi_lite_xbar.\sx_wready[5]' from process `\axi_lite_xbar.$proc$../rtl/fabric/axi_lite_xbar.v:268$178'.
No latch inferred for signal `\axi_lite_xbar.\sx_awready[5]' from process `\axi_lite_xbar.$proc$../rtl/fabric/axi_lite_xbar.v:268$177'.
No latch inferred for signal `\axi_lite_xbar.\sx_rvalid[4]' from process `\axi_lite_xbar.$proc$../rtl/fabric/axi_lite_xbar.v:266$176'.
No latch inferred for signal `\axi_lite_xbar.\sx_rresp[4]' from process `\axi_lite_xbar.$proc$../rtl/fabric/axi_lite_xbar.v:266$175'.
No latch inferred for signal `\axi_lite_xbar.\sx_rdata[4]' from process `\axi_lite_xbar.$proc$../rtl/fabric/axi_lite_xbar.v:265$174'.
No latch inferred for signal `\axi_lite_xbar.\sx_arready[4]' from process `\axi_lite_xbar.$proc$../rtl/fabric/axi_lite_xbar.v:265$173'.
No latch inferred for signal `\axi_lite_xbar.\sx_bvalid[4]' from process `\axi_lite_xbar.$proc$../rtl/fabric/axi_lite_xbar.v:264$172'.
No latch inferred for signal `\axi_lite_xbar.\sx_bresp[4]' from process `\axi_lite_xbar.$proc$../rtl/fabric/axi_lite_xbar.v:264$171'.
No latch inferred for signal `\axi_lite_xbar.\sx_wready[4]' from process `\axi_lite_xbar.$proc$../rtl/fabric/axi_lite_xbar.v:263$170'.
No latch inferred for signal `\axi_lite_xbar.\sx_awready[4]' from process `\axi_lite_xbar.$proc$../rtl/fabric/axi_lite_xbar.v:263$169'.
No latch inferred for signal `\axi_lite_xbar.\sx_rvalid[3]' from process `\axi_lite_xbar.$proc$../rtl/fabric/axi_lite_xbar.v:261$168'.
No latch inferred for signal `\axi_lite_xbar.\sx_rresp[3]' from process `\axi_lite_xbar.$proc$../rtl/fabric/axi_lite_xbar.v:261$167'.
No latch inferred for signal `\axi_lite_xbar.\sx_rdata[3]' from process `\axi_lite_xbar.$proc$../rtl/fabric/axi_lite_xbar.v:260$166'.
No latch inferred for signal `\axi_lite_xbar.\sx_arready[3]' from process `\axi_lite_xbar.$proc$../rtl/fabric/axi_lite_xbar.v:260$165'.
No latch inferred for signal `\axi_lite_xbar.\sx_bvalid[3]' from process `\axi_lite_xbar.$proc$../rtl/fabric/axi_lite_xbar.v:259$164'.
No latch inferred for signal `\axi_lite_xbar.\sx_bresp[3]' from process `\axi_lite_xbar.$proc$../rtl/fabric/axi_lite_xbar.v:259$163'.
No latch inferred for signal `\axi_lite_xbar.\sx_wready[3]' from process `\axi_lite_xbar.$proc$../rtl/fabric/axi_lite_xbar.v:258$162'.
No latch inferred for signal `\axi_lite_xbar.\sx_awready[3]' from process `\axi_lite_xbar.$proc$../rtl/fabric/axi_lite_xbar.v:258$161'.
No latch inferred for signal `\axi_lite_xbar.\sx_rvalid[2]' from process `\axi_lite_xbar.$proc$../rtl/fabric/axi_lite_xbar.v:256$160'.
No latch inferred for signal `\axi_lite_xbar.\sx_rresp[2]' from process `\axi_lite_xbar.$proc$../rtl/fabric/axi_lite_xbar.v:256$159'.
No latch inferred for signal `\axi_lite_xbar.\sx_rdata[2]' from process `\axi_lite_xbar.$proc$../rtl/fabric/axi_lite_xbar.v:255$158'.
No latch inferred for signal `\axi_lite_xbar.\sx_arready[2]' from process `\axi_lite_xbar.$proc$../rtl/fabric/axi_lite_xbar.v:255$157'.
No latch inferred for signal `\axi_lite_xbar.\sx_bvalid[2]' from process `\axi_lite_xbar.$proc$../rtl/fabric/axi_lite_xbar.v:254$156'.
No latch inferred for signal `\axi_lite_xbar.\sx_bresp[2]' from process `\axi_lite_xbar.$proc$../rtl/fabric/axi_lite_xbar.v:254$155'.
No latch inferred for signal `\axi_lite_xbar.\sx_wready[2]' from process `\axi_lite_xbar.$proc$../rtl/fabric/axi_lite_xbar.v:253$154'.
No latch inferred for signal `\axi_lite_xbar.\sx_awready[2]' from process `\axi_lite_xbar.$proc$../rtl/fabric/axi_lite_xbar.v:253$153'.
No latch inferred for signal `\axi_lite_xbar.\sx_rvalid[1]' from process `\axi_lite_xbar.$proc$../rtl/fabric/axi_lite_xbar.v:251$152'.
No latch inferred for signal `\axi_lite_xbar.\sx_rresp[1]' from process `\axi_lite_xbar.$proc$../rtl/fabric/axi_lite_xbar.v:251$151'.
No latch inferred for signal `\axi_lite_xbar.\sx_rdata[1]' from process `\axi_lite_xbar.$proc$../rtl/fabric/axi_lite_xbar.v:250$150'.
No latch inferred for signal `\axi_lite_xbar.\sx_arready[1]' from process `\axi_lite_xbar.$proc$../rtl/fabric/axi_lite_xbar.v:250$149'.
No latch inferred for signal `\axi_lite_xbar.\sx_bvalid[1]' from process `\axi_lite_xbar.$proc$../rtl/fabric/axi_lite_xbar.v:249$148'.
No latch inferred for signal `\axi_lite_xbar.\sx_bresp[1]' from process `\axi_lite_xbar.$proc$../rtl/fabric/axi_lite_xbar.v:249$147'.
No latch inferred for signal `\axi_lite_xbar.\sx_wready[1]' from process `\axi_lite_xbar.$proc$../rtl/fabric/axi_lite_xbar.v:248$146'.
No latch inferred for signal `\axi_lite_xbar.\sx_awready[1]' from process `\axi_lite_xbar.$proc$../rtl/fabric/axi_lite_xbar.v:248$145'.
No latch inferred for signal `\axi_lite_xbar.\sx_rvalid[0]' from process `\axi_lite_xbar.$proc$../rtl/fabric/axi_lite_xbar.v:246$144'.
No latch inferred for signal `\axi_lite_xbar.\sx_rresp[0]' from process `\axi_lite_xbar.$proc$../rtl/fabric/axi_lite_xbar.v:246$143'.
No latch inferred for signal `\axi_lite_xbar.\sx_rdata[0]' from process `\axi_lite_xbar.$proc$../rtl/fabric/axi_lite_xbar.v:245$142'.
No latch inferred for signal `\axi_lite_xbar.\sx_arready[0]' from process `\axi_lite_xbar.$proc$../rtl/fabric/axi_lite_xbar.v:245$141'.
No latch inferred for signal `\axi_lite_xbar.\sx_bvalid[0]' from process `\axi_lite_xbar.$proc$../rtl/fabric/axi_lite_xbar.v:244$140'.
No latch inferred for signal `\axi_lite_xbar.\sx_bresp[0]' from process `\axi_lite_xbar.$proc$../rtl/fabric/axi_lite_xbar.v:244$139'.
No latch inferred for signal `\axi_lite_xbar.\sx_wready[0]' from process `\axi_lite_xbar.$proc$../rtl/fabric/axi_lite_xbar.v:243$138'.
No latch inferred for signal `\axi_lite_xbar.\sx_awready[0]' from process `\axi_lite_xbar.$proc$../rtl/fabric/axi_lite_xbar.v:243$137'.
No latch inferred for signal `\axi_lite_xbar.\MASK[7]' from process `\axi_lite_xbar.$proc$../rtl/fabric/axi_lite_xbar.v:178$136'.
No latch inferred for signal `\axi_lite_xbar.\BASE[7]' from process `\axi_lite_xbar.$proc$../rtl/fabric/axi_lite_xbar.v:178$135'.
No latch inferred for signal `\axi_lite_xbar.\MASK[6]' from process `\axi_lite_xbar.$proc$../rtl/fabric/axi_lite_xbar.v:177$134'.
No latch inferred for signal `\axi_lite_xbar.\BASE[6]' from process `\axi_lite_xbar.$proc$../rtl/fabric/axi_lite_xbar.v:177$133'.
No latch inferred for signal `\axi_lite_xbar.\MASK[5]' from process `\axi_lite_xbar.$proc$../rtl/fabric/axi_lite_xbar.v:176$132'.
No latch inferred for signal `\axi_lite_xbar.\BASE[5]' from process `\axi_lite_xbar.$proc$../rtl/fabric/axi_lite_xbar.v:176$131'.
No latch inferred for signal `\axi_lite_xbar.\MASK[4]' from process `\axi_lite_xbar.$proc$../rtl/fabric/axi_lite_xbar.v:175$130'.
No latch inferred for signal `\axi_lite_xbar.\BASE[4]' from process `\axi_lite_xbar.$proc$../rtl/fabric/axi_lite_xbar.v:175$129'.
No latch inferred for signal `\axi_lite_xbar.\MASK[3]' from process `\axi_lite_xbar.$proc$../rtl/fabric/axi_lite_xbar.v:174$128'.
No latch inferred for signal `\axi_lite_xbar.\BASE[3]' from process `\axi_lite_xbar.$proc$../rtl/fabric/axi_lite_xbar.v:174$127'.
No latch inferred for signal `\axi_lite_xbar.\MASK[2]' from process `\axi_lite_xbar.$proc$../rtl/fabric/axi_lite_xbar.v:173$126'.
No latch inferred for signal `\axi_lite_xbar.\BASE[2]' from process `\axi_lite_xbar.$proc$../rtl/fabric/axi_lite_xbar.v:173$125'.
No latch inferred for signal `\axi_lite_xbar.\MASK[1]' from process `\axi_lite_xbar.$proc$../rtl/fabric/axi_lite_xbar.v:172$124'.
No latch inferred for signal `\axi_lite_xbar.\BASE[1]' from process `\axi_lite_xbar.$proc$../rtl/fabric/axi_lite_xbar.v:172$123'.
No latch inferred for signal `\axi_lite_xbar.\MASK[0]' from process `\axi_lite_xbar.$proc$../rtl/fabric/axi_lite_xbar.v:171$122'.
No latch inferred for signal `\axi_lite_xbar.\BASE[0]' from process `\axi_lite_xbar.$proc$../rtl/fabric/axi_lite_xbar.v:171$121'.
No latch inferred for signal `\axi_lite_xbar.\m1_rdata_r' from process `\axi_lite_xbar.$proc$../rtl/fabric/axi_lite_xbar.v:469$39'.
No latch inferred for signal `\axi_lite_xbar.\m1_rresp_r' from process `\axi_lite_xbar.$proc$../rtl/fabric/axi_lite_xbar.v:469$39'.
No latch inferred for signal `\axi_lite_xbar.\m1_rvalid_r' from process `\axi_lite_xbar.$proc$../rtl/fabric/axi_lite_xbar.v:469$39'.
No latch inferred for signal `\axi_lite_xbar.\m1_arready_r' from process `\axi_lite_xbar.$proc$../rtl/fabric/axi_lite_xbar.v:469$39'.
Latch inferred for signal `\axi_lite_xbar.\M1_RD_RESP.j' from process `\axi_lite_xbar.$proc$../rtl/fabric/axi_lite_xbar.v:469$39': $auto$proc_dlatch.cc:432:proc_dlatch$1561
No latch inferred for signal `\axi_lite_xbar.\m1_bresp_r' from process `\axi_lite_xbar.$proc$../rtl/fabric/axi_lite_xbar.v:431$21'.
No latch inferred for signal `\axi_lite_xbar.\m1_bvalid_r' from process `\axi_lite_xbar.$proc$../rtl/fabric/axi_lite_xbar.v:431$21'.
No latch inferred for signal `\axi_lite_xbar.\m1_awready_r' from process `\axi_lite_xbar.$proc$../rtl/fabric/axi_lite_xbar.v:431$21'.
No latch inferred for signal `\axi_lite_xbar.\m1_wready_r' from process `\axi_lite_xbar.$proc$../rtl/fabric/axi_lite_xbar.v:431$21'.
Latch inferred for signal `\axi_lite_xbar.\M1_WR_RESP.j' from process `\axi_lite_xbar.$proc$../rtl/fabric/axi_lite_xbar.v:431$21': $auto$proc_dlatch.cc:432:proc_dlatch$1590
No latch inferred for signal `\axi_lite_xbar.\m0_rdata_r' from process `\axi_lite_xbar.$proc$../rtl/fabric/axi_lite_xbar.v:397$19'.
No latch inferred for signal `\axi_lite_xbar.\m0_rresp_r' from process `\axi_lite_xbar.$proc$../rtl/fabric/axi_lite_xbar.v:397$19'.
No latch inferred for signal `\axi_lite_xbar.\m0_rvalid_r' from process `\axi_lite_xbar.$proc$../rtl/fabric/axi_lite_xbar.v:397$19'.
No latch inferred for signal `\axi_lite_xbar.\m0_arready_r' from process `\axi_lite_xbar.$proc$../rtl/fabric/axi_lite_xbar.v:397$19'.
Latch inferred for signal `\axi_lite_xbar.\M0_RD_RESP.j' from process `\axi_lite_xbar.$proc$../rtl/fabric/axi_lite_xbar.v:397$19': $auto$proc_dlatch.cc:432:proc_dlatch$1619
No latch inferred for signal `\axi_lite_xbar.\m0_bresp_r' from process `\axi_lite_xbar.$proc$../rtl/fabric/axi_lite_xbar.v:362$17'.
No latch inferred for signal `\axi_lite_xbar.\m0_bvalid_r' from process `\axi_lite_xbar.$proc$../rtl/fabric/axi_lite_xbar.v:362$17'.
No latch inferred for signal `\axi_lite_xbar.\m0_awready_r' from process `\axi_lite_xbar.$proc$../rtl/fabric/axi_lite_xbar.v:362$17'.
No latch inferred for signal `\axi_lite_xbar.\m0_wready_r' from process `\axi_lite_xbar.$proc$../rtl/fabric/axi_lite_xbar.v:362$17'.
Latch inferred for signal `\axi_lite_xbar.\M0_WR_RESP.j' from process `\axi_lite_xbar.$proc$../rtl/fabric/axi_lite_xbar.v:362$17': $auto$proc_dlatch.cc:432:proc_dlatch$1628

3.2.9. Executing PROC_DFF pass (convert process syncs to FFs).

3.2.10. Executing PROC_MEMWR pass (convert process memory writes to cells).

3.2.11. Executing PROC_CLEAN pass (remove empty switches from decision trees).
Removing empty process `axi_lite_xbar.$proc$../rtl/fabric/axi_lite_xbar.v:304$479'.
Removing empty process `axi_lite_xbar.$proc$../rtl/fabric/axi_lite_xbar.v:301$470'.
Removing empty process `axi_lite_xbar.$proc$../rtl/fabric/axi_lite_xbar.v:300$468'.
Removing empty process `axi_lite_xbar.$proc$../rtl/fabric/axi_lite_xbar.v:298$466'.
Removing empty process `axi_lite_xbar.$proc$../rtl/fabric/axi_lite_xbar.v:296$461'.
Removing empty process `axi_lite_xbar.$proc$../rtl/fabric/axi_lite_xbar.v:295$459'.
Removing empty process `axi_lite_xbar.$proc$../rtl/fabric/axi_lite_xbar.v:294$457'.
Removing empty process `axi_lite_xbar.$proc$../rtl/fabric/axi_lite_xbar.v:291$448'.
Removing empty process `axi_lite_xbar.$proc$../rtl/fabric/axi_lite_xbar.v:290$446'.
Removing empty process `axi_lite_xbar.$proc$../rtl/fabric/axi_lite_xbar.v:304$444'.
Removing empty process `axi_lite_xbar.$proc$../rtl/fabric/axi_lite_xbar.v:301$435'.
Removing empty process `axi_lite_xbar.$proc$../rtl/fabric/axi_lite_xbar.v:300$433'.
Removing empty process `axi_lite_xbar.$proc$../rtl/fabric/axi_lite_xbar.v:298$431'.
Removing empty process `axi_lite_xbar.$proc$../rtl/fabric/axi_lite_xbar.v:296$426'.
Removing empty process `axi_lite_xbar.$proc$../rtl/fabric/axi_lite_xbar.v:295$424'.
Removing empty process `axi_lite_xbar.$proc$../rtl/fabric/axi_lite_xbar.v:294$422'.
Removing empty process `axi_lite_xbar.$proc$../rtl/fabric/axi_lite_xbar.v:291$413'.
Removing empty process `axi_lite_xbar.$proc$../rtl/fabric/axi_lite_xbar.v:290$411'.
Removing empty process `axi_lite_xbar.$proc$../rtl/fabric/axi_lite_xbar.v:304$409'.
Removing empty process `axi_lite_xbar.$proc$../rtl/fabric/axi_lite_xbar.v:301$400'.
Removing empty process `axi_lite_xbar.$proc$../rtl/fabric/axi_lite_xbar.v:300$398'.
Removing empty process `axi_lite_xbar.$proc$../rtl/fabric/axi_lite_xbar.v:298$396'.
Removing empty process `axi_lite_xbar.$proc$../rtl/fabric/axi_lite_xbar.v:296$391'.
Removing empty process `axi_lite_xbar.$proc$../rtl/fabric/axi_lite_xbar.v:295$389'.
Removing empty process `axi_lite_xbar.$proc$../rtl/fabric/axi_lite_xbar.v:294$387'.
Removing empty process `axi_lite_xbar.$proc$../rtl/fabric/axi_lite_xbar.v:291$378'.
Removing empty process `axi_lite_xbar.$proc$../rtl/fabric/axi_lite_xbar.v:290$376'.
Removing empty process `axi_lite_xbar.$proc$../rtl/fabric/axi_lite_xbar.v:304$374'.
Removing empty process `axi_lite_xbar.$proc$../rtl/fabric/axi_lite_xbar.v:301$365'.
Removing empty process `axi_lite_xbar.$proc$../rtl/fabric/axi_lite_xbar.v:300$363'.
Removing empty process `axi_lite_xbar.$proc$../rtl/fabric/axi_lite_xbar.v:298$361'.
Removing empty process `axi_lite_xbar.$proc$../rtl/fabric/axi_lite_xbar.v:296$356'.
Removing empty process `axi_lite_xbar.$proc$../rtl/fabric/axi_lite_xbar.v:295$354'.
Removing empty process `axi_lite_xbar.$proc$../rtl/fabric/axi_lite_xbar.v:294$352'.
Removing empty process `axi_lite_xbar.$proc$../rtl/fabric/axi_lite_xbar.v:291$343'.
Removing empty process `axi_lite_xbar.$proc$../rtl/fabric/axi_lite_xbar.v:290$341'.
Removing empty process `axi_lite_xbar.$proc$../rtl/fabric/axi_lite_xbar.v:304$339'.
Removing empty process `axi_lite_xbar.$proc$../rtl/fabric/axi_lite_xbar.v:301$330'.
Removing empty process `axi_lite_xbar.$proc$../rtl/fabric/axi_lite_xbar.v:300$328'.
Removing empty process `axi_lite_xbar.$proc$../rtl/fabric/axi_lite_xbar.v:298$326'.
Removing empty process `axi_lite_xbar.$proc$../rtl/fabric/axi_lite_xbar.v:296$321'.
Removing empty process `axi_lite_xbar.$proc$../rtl/fabric/axi_lite_xbar.v:295$319'.
Removing empty process `axi_lite_xbar.$proc$../rtl/fabric/axi_lite_xbar.v:294$317'.
Removing empty process `axi_lite_xbar.$proc$../rtl/fabric/axi_lite_xbar.v:291$308'.
Removing empty process `axi_lite_xbar.$proc$../rtl/fabric/axi_lite_xbar.v:290$306'.
Removing empty process `axi_lite_xbar.$proc$../rtl/fabric/axi_lite_xbar.v:304$304'.
Removing empty process `axi_lite_xbar.$proc$../rtl/fabric/axi_lite_xbar.v:301$295'.
Removing empty process `axi_lite_xbar.$proc$../rtl/fabric/axi_lite_xbar.v:300$293'.
Removing empty process `axi_lite_xbar.$proc$../rtl/fabric/axi_lite_xbar.v:298$291'.
Removing empty process `axi_lite_xbar.$proc$../rtl/fabric/axi_lite_xbar.v:296$286'.
Removing empty process `axi_lite_xbar.$proc$../rtl/fabric/axi_lite_xbar.v:295$284'.
Removing empty process `axi_lite_xbar.$proc$../rtl/fabric/axi_lite_xbar.v:294$282'.
Removing empty process `axi_lite_xbar.$proc$../rtl/fabric/axi_lite_xbar.v:291$273'.
Removing empty process `axi_lite_xbar.$proc$../rtl/fabric/axi_lite_xbar.v:290$271'.
Removing empty process `axi_lite_xbar.$proc$../rtl/fabric/axi_lite_xbar.v:304$269'.
Removing empty process `axi_lite_xbar.$proc$../rtl/fabric/axi_lite_xbar.v:301$260'.
Removing empty process `axi_lite_xbar.$proc$../rtl/fabric/axi_lite_xbar.v:300$258'.
Removing empty process `axi_lite_xbar.$proc$../rtl/fabric/axi_lite_xbar.v:298$256'.
Removing empty process `axi_lite_xbar.$proc$../rtl/fabric/axi_lite_xbar.v:296$251'.
Removing empty process `axi_lite_xbar.$proc$../rtl/fabric/axi_lite_xbar.v:295$249'.
Removing empty process `axi_lite_xbar.$proc$../rtl/fabric/axi_lite_xbar.v:294$247'.
Removing empty process `axi_lite_xbar.$proc$../rtl/fabric/axi_lite_xbar.v:291$238'.
Removing empty process `axi_lite_xbar.$proc$../rtl/fabric/axi_lite_xbar.v:290$236'.
Removing empty process `axi_lite_xbar.$proc$../rtl/fabric/axi_lite_xbar.v:304$234'.
Removing empty process `axi_lite_xbar.$proc$../rtl/fabric/axi_lite_xbar.v:301$225'.
Removing empty process `axi_lite_xbar.$proc$../rtl/fabric/axi_lite_xbar.v:300$223'.
Removing empty process `axi_lite_xbar.$proc$../rtl/fabric/axi_lite_xbar.v:298$221'.
Removing empty process `axi_lite_xbar.$proc$../rtl/fabric/axi_lite_xbar.v:296$216'.
Removing empty process `axi_lite_xbar.$proc$../rtl/fabric/axi_lite_xbar.v:295$214'.
Removing empty process `axi_lite_xbar.$proc$../rtl/fabric/axi_lite_xbar.v:294$212'.
Removing empty process `axi_lite_xbar.$proc$../rtl/fabric/axi_lite_xbar.v:291$203'.
Removing empty process `axi_lite_xbar.$proc$../rtl/fabric/axi_lite_xbar.v:290$201'.
Removing empty process `axi_lite_xbar.$proc$../rtl/fabric/axi_lite_xbar.v:281$200'.
Removing empty process `axi_lite_xbar.$proc$../rtl/fabric/axi_lite_xbar.v:281$199'.
Removing empty process `axi_lite_xbar.$proc$../rtl/fabric/axi_lite_xbar.v:280$198'.
Removing empty process `axi_lite_xbar.$proc$../rtl/fabric/axi_lite_xbar.v:280$197'.
Removing empty process `axi_lite_xbar.$proc$../rtl/fabric/axi_lite_xbar.v:279$196'.
Removing empty process `axi_lite_xbar.$proc$../rtl/fabric/axi_lite_xbar.v:279$195'.
Removing empty process `axi_lite_xbar.$proc$../rtl/fabric/axi_lite_xbar.v:278$194'.
Removing empty process `axi_lite_xbar.$proc$../rtl/fabric/axi_lite_xbar.v:278$193'.
Removing empty process `axi_lite_xbar.$proc$../rtl/fabric/axi_lite_xbar.v:276$192'.
Removing empty process `axi_lite_xbar.$proc$../rtl/fabric/axi_lite_xbar.v:276$191'.
Removing empty process `axi_lite_xbar.$proc$../rtl/fabric/axi_lite_xbar.v:275$190'.
Removing empty process `axi_lite_xbar.$proc$../rtl/fabric/axi_lite_xbar.v:275$189'.
Removing empty process `axi_lite_xbar.$proc$../rtl/fabric/axi_lite_xbar.v:274$188'.
Removing empty process `axi_lite_xbar.$proc$../rtl/fabric/axi_lite_xbar.v:274$187'.
Removing empty process `axi_lite_xbar.$proc$../rtl/fabric/axi_lite_xbar.v:273$186'.
Removing empty process `axi_lite_xbar.$proc$../rtl/fabric/axi_lite_xbar.v:273$185'.
Removing empty process `axi_lite_xbar.$proc$../rtl/fabric/axi_lite_xbar.v:271$184'.
Removing empty process `axi_lite_xbar.$proc$../rtl/fabric/axi_lite_xbar.v:271$183'.
Removing empty process `axi_lite_xbar.$proc$../rtl/fabric/axi_lite_xbar.v:270$182'.
Removing empty process `axi_lite_xbar.$proc$../rtl/fabric/axi_lite_xbar.v:270$181'.
Removing empty process `axi_lite_xbar.$proc$../rtl/fabric/axi_lite_xbar.v:269$180'.
Removing empty process `axi_lite_xbar.$proc$../rtl/fabric/axi_lite_xbar.v:269$179'.
Removing empty process `axi_lite_xbar.$proc$../rtl/fabric/axi_lite_xbar.v:268$178'.
Removing empty process `axi_lite_xbar.$proc$../rtl/fabric/axi_lite_xbar.v:268$177'.
Removing empty process `axi_lite_xbar.$proc$../rtl/fabric/axi_lite_xbar.v:266$176'.
Removing empty process `axi_lite_xbar.$proc$../rtl/fabric/axi_lite_xbar.v:266$175'.
Removing empty process `axi_lite_xbar.$proc$../rtl/fabric/axi_lite_xbar.v:265$174'.
Removing empty process `axi_lite_xbar.$proc$../rtl/fabric/axi_lite_xbar.v:265$173'.
Removing empty process `axi_lite_xbar.$proc$../rtl/fabric/axi_lite_xbar.v:264$172'.
Removing empty process `axi_lite_xbar.$proc$../rtl/fabric/axi_lite_xbar.v:264$171'.
Removing empty process `axi_lite_xbar.$proc$../rtl/fabric/axi_lite_xbar.v:263$170'.
Removing empty process `axi_lite_xbar.$proc$../rtl/fabric/axi_lite_xbar.v:263$169'.
Removing empty process `axi_lite_xbar.$proc$../rtl/fabric/axi_lite_xbar.v:261$168'.
Removing empty process `axi_lite_xbar.$proc$../rtl/fabric/axi_lite_xbar.v:261$167'.
Removing empty process `axi_lite_xbar.$proc$../rtl/fabric/axi_lite_xbar.v:260$166'.
Removing empty process `axi_lite_xbar.$proc$../rtl/fabric/axi_lite_xbar.v:260$165'.
Removing empty process `axi_lite_xbar.$proc$../rtl/fabric/axi_lite_xbar.v:259$164'.
Removing empty process `axi_lite_xbar.$proc$../rtl/fabric/axi_lite_xbar.v:259$163'.
Removing empty process `axi_lite_xbar.$proc$../rtl/fabric/axi_lite_xbar.v:258$162'.
Removing empty process `axi_lite_xbar.$proc$../rtl/fabric/axi_lite_xbar.v:258$161'.
Removing empty process `axi_lite_xbar.$proc$../rtl/fabric/axi_lite_xbar.v:256$160'.
Removing empty process `axi_lite_xbar.$proc$../rtl/fabric/axi_lite_xbar.v:256$159'.
Removing empty process `axi_lite_xbar.$proc$../rtl/fabric/axi_lite_xbar.v:255$158'.
Removing empty process `axi_lite_xbar.$proc$../rtl/fabric/axi_lite_xbar.v:255$157'.
Removing empty process `axi_lite_xbar.$proc$../rtl/fabric/axi_lite_xbar.v:254$156'.
Removing empty process `axi_lite_xbar.$proc$../rtl/fabric/axi_lite_xbar.v:254$155'.
Removing empty process `axi_lite_xbar.$proc$../rtl/fabric/axi_lite_xbar.v:253$154'.
Removing empty process `axi_lite_xbar.$proc$../rtl/fabric/axi_lite_xbar.v:253$153'.
Removing empty process `axi_lite_xbar.$proc$../rtl/fabric/axi_lite_xbar.v:251$152'.
Removing empty process `axi_lite_xbar.$proc$../rtl/fabric/axi_lite_xbar.v:251$151'.
Removing empty process `axi_lite_xbar.$proc$../rtl/fabric/axi_lite_xbar.v:250$150'.
Removing empty process `axi_lite_xbar.$proc$../rtl/fabric/axi_lite_xbar.v:250$149'.
Removing empty process `axi_lite_xbar.$proc$../rtl/fabric/axi_lite_xbar.v:249$148'.
Removing empty process `axi_lite_xbar.$proc$../rtl/fabric/axi_lite_xbar.v:249$147'.
Removing empty process `axi_lite_xbar.$proc$../rtl/fabric/axi_lite_xbar.v:248$146'.
Removing empty process `axi_lite_xbar.$proc$../rtl/fabric/axi_lite_xbar.v:248$145'.
Removing empty process `axi_lite_xbar.$proc$../rtl/fabric/axi_lite_xbar.v:246$144'.
Removing empty process `axi_lite_xbar.$proc$../rtl/fabric/axi_lite_xbar.v:246$143'.
Removing empty process `axi_lite_xbar.$proc$../rtl/fabric/axi_lite_xbar.v:245$142'.
Removing empty process `axi_lite_xbar.$proc$../rtl/fabric/axi_lite_xbar.v:245$141'.
Removing empty process `axi_lite_xbar.$proc$../rtl/fabric/axi_lite_xbar.v:244$140'.
Removing empty process `axi_lite_xbar.$proc$../rtl/fabric/axi_lite_xbar.v:244$139'.
Removing empty process `axi_lite_xbar.$proc$../rtl/fabric/axi_lite_xbar.v:243$138'.
Removing empty process `axi_lite_xbar.$proc$../rtl/fabric/axi_lite_xbar.v:243$137'.
Removing empty process `axi_lite_xbar.$proc$../rtl/fabric/axi_lite_xbar.v:178$136'.
Removing empty process `axi_lite_xbar.$proc$../rtl/fabric/axi_lite_xbar.v:178$135'.
Removing empty process `axi_lite_xbar.$proc$../rtl/fabric/axi_lite_xbar.v:177$134'.
Removing empty process `axi_lite_xbar.$proc$../rtl/fabric/axi_lite_xbar.v:177$133'.
Removing empty process `axi_lite_xbar.$proc$../rtl/fabric/axi_lite_xbar.v:176$132'.
Removing empty process `axi_lite_xbar.$proc$../rtl/fabric/axi_lite_xbar.v:176$131'.
Removing empty process `axi_lite_xbar.$proc$../rtl/fabric/axi_lite_xbar.v:175$130'.
Removing empty process `axi_lite_xbar.$proc$../rtl/fabric/axi_lite_xbar.v:175$129'.
Removing empty process `axi_lite_xbar.$proc$../rtl/fabric/axi_lite_xbar.v:174$128'.
Removing empty process `axi_lite_xbar.$proc$../rtl/fabric/axi_lite_xbar.v:174$127'.
Removing empty process `axi_lite_xbar.$proc$../rtl/fabric/axi_lite_xbar.v:173$126'.
Removing empty process `axi_lite_xbar.$proc$../rtl/fabric/axi_lite_xbar.v:173$125'.
Removing empty process `axi_lite_xbar.$proc$../rtl/fabric/axi_lite_xbar.v:172$124'.
Removing empty process `axi_lite_xbar.$proc$../rtl/fabric/axi_lite_xbar.v:172$123'.
Removing empty process `axi_lite_xbar.$proc$../rtl/fabric/axi_lite_xbar.v:171$122'.
Removing empty process `axi_lite_xbar.$proc$../rtl/fabric/axi_lite_xbar.v:171$121'.
Found and cleaned up 10 empty switches in `\axi_lite_xbar.$proc$../rtl/fabric/axi_lite_xbar.v:469$39'.
Removing empty process `axi_lite_xbar.$proc$../rtl/fabric/axi_lite_xbar.v:469$39'.
Found and cleaned up 10 empty switches in `\axi_lite_xbar.$proc$../rtl/fabric/axi_lite_xbar.v:431$21'.
Removing empty process `axi_lite_xbar.$proc$../rtl/fabric/axi_lite_xbar.v:431$21'.
Found and cleaned up 9 empty switches in `\axi_lite_xbar.$proc$../rtl/fabric/axi_lite_xbar.v:397$19'.
Removing empty process `axi_lite_xbar.$proc$../rtl/fabric/axi_lite_xbar.v:397$19'.
Found and cleaned up 9 empty switches in `\axi_lite_xbar.$proc$../rtl/fabric/axi_lite_xbar.v:362$17'.
Removing empty process `axi_lite_xbar.$proc$../rtl/fabric/axi_lite_xbar.v:362$17'.
Cleaned up 38 empty switches.

3.2.12. Executing OPT_EXPR pass (perform const folding).
Optimizing module axi_lite_xbar.
<suppressed ~74 debug messages>

3.3. Executing OPT_EXPR pass (perform const folding).
Optimizing module axi_lite_xbar.

3.4. Executing OPT_CLEAN pass (remove unused cells and wires).
Finding unused cells or wires in module \axi_lite_xbar..
Removed 18 unused cells and 898 unused wires.
<suppressed ~23 debug messages>

3.5. Executing CHECK pass (checking for obvious problems).
Checking module axi_lite_xbar...
Found and reported 0 problems.

3.6. Executing OPT pass (performing simple optimizations).

3.6.1. Executing OPT_EXPR pass (perform const folding).
Optimizing module axi_lite_xbar.

3.6.2. Executing OPT_MERGE pass (detect identical cells).
Finding identical cells in module `\axi_lite_xbar'.
Computing hashes of 640 cells of `\axi_lite_xbar'.
Finding duplicate cells in `\axi_lite_xbar'.
Computing hashes of 590 cells of `\axi_lite_xbar'.
Finding duplicate cells in `\axi_lite_xbar'.
Computing hashes of 576 cells of `\axi_lite_xbar'.
Finding duplicate cells in `\axi_lite_xbar'.
<suppressed ~192 debug messages>
Removed a total of 64 cells.

3.6.3. Executing OPT_MUXTREE pass (detect dead branches in mux trees).
Running muxtree optimizer on module \axi_lite_xbar..
  Creating internal representation of mux trees.
  Evaluating internal representation of mux trees.
  Analyzing evaluation results.
    dead port 1/2 on $mux $procmux$1247.
    dead port 1/2 on $mux $procmux$1241.
    dead port 1/2 on $mux $procmux$1235.
    dead port 1/2 on $mux $procmux$1229.
    dead port 1/2 on $mux $procmux$1223.
    dead port 1/2 on $mux $procmux$1217.
    dead port 1/2 on $mux $procmux$1211.
    dead port 1/2 on $mux $procmux$1205.
    dead port 1/2 on $mux $procmux$1199.
    dead port 1/2 on $mux $procmux$1193.
    dead port 1/2 on $mux $procmux$1187.
    dead port 1/2 on $mux $procmux$1181.
    dead port 1/2 on $mux $procmux$1175.
    dead port 1/2 on $mux $procmux$1169.
    dead port 1/2 on $mux $procmux$1163.
    dead port 1/2 on $mux $procmux$1157.
    dead port 1/2 on $mux $procmux$1151.
    dead port 1/2 on $mux $procmux$1502.
    dead port 1/2 on $mux $procmux$1508.
    dead port 1/2 on $mux $procmux$1124.
    dead port 1/2 on $mux $procmux$1118.
    dead port 1/2 on $mux $procmux$1112.
    dead port 1/2 on $mux $procmux$1106.
    dead port 1/2 on $mux $procmux$1100.
    dead port 1/2 on $mux $procmux$1097.
    dead port 1/2 on $mux $procmux$1091.
    dead port 1/2 on $mux $procmux$1088.
    dead port 1/2 on $mux $procmux$1082.
    dead port 1/2 on $mux $procmux$1079.
    dead port 1/2 on $mux $procmux$1073.
    dead port 1/2 on $mux $procmux$1070.
    dead port 1/2 on $mux $procmux$1064.
    dead port 1/2 on $mux $procmux$1061.
    dead port 1/2 on $mux $procmux$1055.
    dead port 1/2 on $mux $procmux$1052.
    dead port 1/2 on $mux $procmux$1046.
    dead port 1/2 on $mux $procmux$1043.
    dead port 1/2 on $mux $procmux$1037.
    dead port 1/2 on $mux $procmux$1034.
    dead port 1/2 on $mux $procmux$1028.
    dead port 1/2 on $mux $procmux$1025.
    dead port 1/2 on $mux $procmux$1019.
    dead port 1/2 on $mux $procmux$1016.
    dead port 1/2 on $mux $procmux$1010.
    dead port 1/2 on $mux $procmux$1007.
    dead port 1/2 on $mux $procmux$1001.
    dead port 1/2 on $mux $procmux$998.
    dead port 1/2 on $mux $procmux$992.
    dead port 1/2 on $mux $procmux$989.
    dead port 1/2 on $mux $procmux$983.
    dead port 1/2 on $mux $procmux$980.
    dead port 1/2 on $mux $procmux$974.
    dead port 1/2 on $mux $procmux$971.
    dead port 1/2 on $mux $procmux$965.
    dead port 1/2 on $mux $procmux$962.
    dead port 1/2 on $mux $procmux$956.
    dead port 1/2 on $mux $procmux$953.
    dead port 1/2 on $mux $procmux$947.
    dead port 1/2 on $mux $procmux$944.
    dead port 1/2 on $mux $procmux$938.
    dead port 1/2 on $mux $procmux$935.
    dead port 1/2 on $mux $procmux$929.
    dead port 1/2 on $mux $procmux$926.
    dead port 1/2 on $mux $procmux$920.
    dead port 1/2 on $mux $procmux$917.
    dead port 1/2 on $mux $procmux$911.
    dead port 1/2 on $mux $procmux$908.
    dead port 1/2 on $mux $procmux$902.
    dead port 1/2 on $mux $procmux$899.
    dead port 1/2 on $mux $procmux$893.
    dead port 1/2 on $mux $procmux$890.
    dead port 1/2 on $mux $procmux$884.
    dead port 1/2 on $mux $procmux$881.
    dead port 1/2 on $mux $procmux$875.
    dead port 1/2 on $mux $procmux$872.
    dead port 1/2 on $mux $procmux$866.
    dead port 1/2 on $mux $procmux$863.
    dead port 1/2 on $mux $procmux$857.
    dead port 1/2 on $mux $procmux$854.
    dead port 1/2 on $mux $procmux$848.
    dead port 1/2 on $mux $procmux$845.
    dead port 1/2 on $mux $procmux$839.
    dead port 1/2 on $mux $procmux$836.
    dead port 1/2 on $mux $procmux$830.
    dead port 1/2 on $mux $procmux$827.
    dead port 1/2 on $mux $procmux$821.
    dead port 1/2 on $mux $procmux$818.
    dead port 1/2 on $mux $procmux$1514.
    dead port 1/2 on $mux $procmux$791.
    dead port 1/2 on $mux $procmux$785.
    dead port 1/2 on $mux $procmux$779.
    dead port 1/2 on $mux $procmux$773.
    dead port 1/2 on $mux $procmux$767.
    dead port 1/2 on $mux $procmux$764.
    dead port 1/2 on $mux $procmux$758.
    dead port 1/2 on $mux $procmux$755.
    dead port 1/2 on $mux $procmux$749.
    dead port 1/2 on $mux $procmux$746.
    dead port 1/2 on $mux $procmux$740.
    dead port 1/2 on $mux $procmux$737.
    dead port 1/2 on $mux $procmux$731.
    dead port 1/2 on $mux $procmux$728.
    dead port 1/2 on $mux $procmux$722.
    dead port 1/2 on $mux $procmux$719.
    dead port 1/2 on $mux $procmux$713.
    dead port 1/2 on $mux $procmux$710.
    dead port 1/2 on $mux $procmux$704.
    dead port 1/2 on $mux $procmux$701.
    dead port 1/2 on $mux $procmux$695.
    dead port 1/2 on $mux $procmux$692.
    dead port 1/2 on $mux $procmux$686.
    dead port 1/2 on $mux $procmux$683.
    dead port 1/2 on $mux $procmux$677.
    dead port 1/2 on $mux $procmux$674.
    dead port 1/2 on $mux $procmux$668.
    dead port 1/2 on $mux $procmux$665.
    dead port 1/2 on $mux $procmux$659.
    dead port 1/2 on $mux $procmux$656.
    dead port 1/2 on $mux $procmux$650.
    dead port 1/2 on $mux $procmux$647.
    dead port 1/2 on $mux $procmux$641.
    dead port 1/2 on $mux $procmux$638.
    dead port 1/2 on $mux $procmux$632.
    dead port 1/2 on $mux $procmux$629.
    dead port 1/2 on $mux $procmux$623.
    dead port 1/2 on $mux $procmux$620.
    dead port 1/2 on $mux $procmux$614.
    dead port 1/2 on $mux $procmux$611.
    dead port 1/2 on $mux $procmux$605.
    dead port 1/2 on $mux $procmux$602.
    dead port 1/2 on $mux $procmux$596.
    dead port 1/2 on $mux $procmux$593.
    dead port 1/2 on $mux $procmux$587.
    dead port 1/2 on $mux $procmux$584.
    dead port 1/2 on $mux $procmux$578.
    dead port 1/2 on $mux $procmux$575.
    dead port 1/2 on $mux $procmux$569.
    dead port 1/2 on $mux $procmux$566.
    dead port 1/2 on $mux $procmux$560.
    dead port 1/2 on $mux $procmux$557.
    dead port 1/2 on $mux $procmux$551.
    dead port 1/2 on $mux $procmux$548.
    dead port 1/2 on $mux $procmux$542.
    dead port 1/2 on $mux $procmux$539.
    dead port 1/2 on $mux $procmux$533.
    dead port 1/2 on $mux $procmux$530.
    dead port 1/2 on $mux $procmux$524.
    dead port 1/2 on $mux $procmux$521.
    dead port 1/2 on $mux $procmux$515.
    dead port 1/2 on $mux $procmux$512.
    dead port 1/2 on $mux $procmux$506.
    dead port 1/2 on $mux $procmux$503.
    dead port 1/2 on $mux $procmux$497.
    dead port 1/2 on $mux $procmux$494.
    dead port 1/2 on $mux $procmux$488.
    dead port 1/2 on $mux $procmux$485.
    dead port 1/2 on $mux $procmux$1436.
    dead port 1/2 on $mux $procmux$1289.
    dead port 1/2 on $mux $procmux$1430.
    dead port 1/2 on $mux $procmux$1424.
    dead port 1/2 on $mux $procmux$1418.
    dead port 1/2 on $mux $procmux$1412.
    dead port 1/2 on $mux $procmux$1283.
    dead port 1/2 on $mux $procmux$1406.
    dead port 1/2 on $mux $procmux$1400.
    dead port 1/2 on $mux $procmux$1394.
    dead port 1/2 on $mux $procmux$1277.
    dead port 1/2 on $mux $procmux$1388.
    dead port 1/2 on $mux $procmux$1382.
    dead port 1/2 on $mux $procmux$1376.
    dead port 1/2 on $mux $procmux$1370.
    dead port 1/2 on $mux $procmux$1271.
    dead port 1/2 on $mux $procmux$1364.
    dead port 1/2 on $mux $procmux$1358.
    dead port 1/2 on $mux $procmux$1265.
    dead port 1/2 on $mux $procmux$1337.
    dead port 1/2 on $mux $procmux$1331.
    dead port 1/2 on $mux $procmux$1259.
    dead port 1/2 on $mux $procmux$1325.
    dead port 1/2 on $mux $procmux$1319.
    dead port 1/2 on $mux $procmux$1313.
    dead port 1/2 on $mux $procmux$1307.
    dead port 1/2 on $mux $procmux$1253.
    dead port 1/2 on $mux $procmux$1301.
    dead port 1/2 on $mux $procmux$1295.
    dead port 1/2 on $mux $procmux$1526.
    dead port 1/2 on $mux $procmux$1544.
    dead port 1/2 on $mux $procmux$1454.
    dead port 1/2 on $mux $procmux$1538.
    dead port 1/2 on $mux $procmux$1532.
    dead port 1/2 on $mux $procmux$1460.
    dead port 1/2 on $mux $procmux$1484.
    dead port 1/2 on $mux $procmux$1478.
    dead port 1/2 on $mux $procmux$1490.
    dead port 1/2 on $mux $procmux$1442.
    dead port 1/2 on $mux $procmux$1466.
    dead port 1/2 on $mux $procmux$1496.
    dead port 1/2 on $mux $procmux$1520.
    dead port 1/2 on $mux $procmux$1448.
    dead port 1/2 on $mux $procmux$1472.
Removed 200 multiplexer ports.
<suppressed ~512 debug messages>

3.6.4. Executing OPT_REDUCE pass (consolidate $*mux and $reduce_* inputs).
  Optimizing cells in module \axi_lite_xbar.
Performed a total of 0 changes.

3.6.5. Executing OPT_MERGE pass (detect identical cells).
Finding identical cells in module `\axi_lite_xbar'.
Computing hashes of 376 cells of `\axi_lite_xbar'.
Finding duplicate cells in `\axi_lite_xbar'.
Removed a total of 0 cells.

3.6.6. Executing OPT_DFF pass (perform DFF optimizations).

3.6.7. Executing OPT_CLEAN pass (remove unused cells and wires).
Finding unused cells or wires in module \axi_lite_xbar..
Removed 0 unused cells and 264 unused wires.
<suppressed ~1 debug messages>

3.6.8. Executing OPT_EXPR pass (perform const folding).
Optimizing module axi_lite_xbar.

3.6.9. Rerunning OPT passes. (Maybe there is more to do..)

3.6.10. Executing OPT_MUXTREE pass (detect dead branches in mux trees).
Running muxtree optimizer on module \axi_lite_xbar..
  Creating internal representation of mux trees.
  Evaluating internal representation of mux trees.
  Analyzing evaluation results.
Removed 0 multiplexer ports.
<suppressed ~312 debug messages>

3.6.11. Executing OPT_REDUCE pass (consolidate $*mux and $reduce_* inputs).
  Optimizing cells in module \axi_lite_xbar.
Performed a total of 0 changes.

3.6.12. Executing OPT_MERGE pass (detect identical cells).
Finding identical cells in module `\axi_lite_xbar'.
Computing hashes of 376 cells of `\axi_lite_xbar'.
Finding duplicate cells in `\axi_lite_xbar'.
Removed a total of 0 cells.

3.6.13. Executing OPT_DFF pass (perform DFF optimizations).

3.6.14. Executing OPT_CLEAN pass (remove unused cells and wires).
Finding unused cells or wires in module \axi_lite_xbar..

3.6.15. Executing OPT_EXPR pass (perform const folding).
Optimizing module axi_lite_xbar.

3.6.16. Finished fast OPT passes. (There is nothing left to do.)

3.7. Executing FSM pass (extract and optimize FSM).

3.7.1. Executing FSM_DETECT pass (finding FSMs in design).

3.7.2. Executing FSM_EXTRACT pass (extracting FSM from design).

3.7.3. Executing FSM_OPT pass (simple optimizations of FSMs).

3.7.4. Executing OPT_CLEAN pass (remove unused cells and wires).
Finding unused cells or wires in module \axi_lite_xbar..

3.7.5. Executing FSM_OPT pass (simple optimizations of FSMs).

3.7.6. Executing FSM_RECODE pass (re-assigning FSM state encoding).

3.7.7. Executing FSM_INFO pass (dumping all available information on FSM cells).

3.7.8. Executing FSM_MAP pass (mapping FSMs to basic logic).

3.8. Executing OPT pass (performing simple optimizations).

3.8.1. Executing OPT_EXPR pass (perform const folding).
Optimizing module axi_lite_xbar.

3.8.2. Executing OPT_MERGE pass (detect identical cells).
Finding identical cells in module `\axi_lite_xbar'.
Computing hashes of 376 cells of `\axi_lite_xbar'.
Finding duplicate cells in `\axi_lite_xbar'.
Removed a total of 0 cells.

3.8.3. Executing OPT_MUXTREE pass (detect dead branches in mux trees).
Running muxtree optimizer on module \axi_lite_xbar..
  Creating internal representation of mux trees.
  Evaluating internal representation of mux trees.
  Analyzing evaluation results.
Removed 0 multiplexer ports.
<suppressed ~312 debug messages>

3.8.4. Executing OPT_REDUCE pass (consolidate $*mux and $reduce_* inputs).
  Optimizing cells in module \axi_lite_xbar.
Performed a total of 0 changes.

3.8.5. Executing OPT_MERGE pass (detect identical cells).
Finding identical cells in module `\axi_lite_xbar'.
Computing hashes of 376 cells of `\axi_lite_xbar'.
Finding duplicate cells in `\axi_lite_xbar'.
Removed a total of 0 cells.

3.8.6. Executing OPT_DFF pass (perform DFF optimizations).

3.8.7. Executing OPT_CLEAN pass (remove unused cells and wires).
Finding unused cells or wires in module \axi_lite_xbar..

3.8.8. Executing OPT_EXPR pass (perform const folding).
Optimizing module axi_lite_xbar.

3.8.9. Finished fast OPT passes. (There is nothing left to do.)

3.9. Executing WREDUCE pass (reducing word size of cells).
Removed top 2 bits (of 15) from port B of cell axi_lite_xbar.$eq$../rtl/fabric/axi_lite_xbar.v:192$66 ($eq).
Removed top 2 bits (of 15) from port B of cell axi_lite_xbar.$eq$../rtl/fabric/axi_lite_xbar.v:193$68 ($eq).
Removed top 2 bits (of 15) from port B of cell axi_lite_xbar.$eq$../rtl/fabric/axi_lite_xbar.v:194$70 ($eq).
Removed top 2 bits (of 15) from port B of cell axi_lite_xbar.$eq$../rtl/fabric/axi_lite_xbar.v:195$72 ($eq).
Removed top 2 bits (of 20) from port B of cell axi_lite_xbar.$eq$../rtl/fabric/axi_lite_xbar.v:192$74 ($eq).
Removed top 2 bits (of 20) from port B of cell axi_lite_xbar.$eq$../rtl/fabric/axi_lite_xbar.v:193$76 ($eq).
Removed top 2 bits (of 20) from port B of cell axi_lite_xbar.$eq$../rtl/fabric/axi_lite_xbar.v:194$78 ($eq).
Removed top 2 bits (of 20) from port B of cell axi_lite_xbar.$eq$../rtl/fabric/axi_lite_xbar.v:195$80 ($eq).
Removed top 2 bits (of 20) from port B of cell axi_lite_xbar.$eq$../rtl/fabric/axi_lite_xbar.v:192$82 ($eq).
Removed top 2 bits (of 20) from port B of cell axi_lite_xbar.$eq$../rtl/fabric/axi_lite_xbar.v:193$84 ($eq).
Removed top 2 bits (of 20) from port B of cell axi_lite_xbar.$eq$../rtl/fabric/axi_lite_xbar.v:194$86 ($eq).
Removed top 2 bits (of 20) from port B of cell axi_lite_xbar.$eq$../rtl/fabric/axi_lite_xbar.v:195$88 ($eq).
Removed top 2 bits (of 20) from port B of cell axi_lite_xbar.$eq$../rtl/fabric/axi_lite_xbar.v:192$90 ($eq).
Removed top 2 bits (of 20) from port B of cell axi_lite_xbar.$eq$../rtl/fabric/axi_lite_xbar.v:193$92 ($eq).
Removed top 2 bits (of 20) from port B of cell axi_lite_xbar.$eq$../rtl/fabric/axi_lite_xbar.v:194$94 ($eq).
Removed top 2 bits (of 20) from port B of cell axi_lite_xbar.$eq$../rtl/fabric/axi_lite_xbar.v:195$96 ($eq).
Removed top 1 bits (of 20) from port B of cell axi_lite_xbar.$eq$../rtl/fabric/axi_lite_xbar.v:192$98 ($eq).
Removed top 1 bits (of 20) from port B of cell axi_lite_xbar.$eq$../rtl/fabric/axi_lite_xbar.v:193$100 ($eq).
Removed top 1 bits (of 20) from port B of cell axi_lite_xbar.$eq$../rtl/fabric/axi_lite_xbar.v:194$102 ($eq).
Removed top 1 bits (of 20) from port B of cell axi_lite_xbar.$eq$../rtl/fabric/axi_lite_xbar.v:195$104 ($eq).
Removed top 1 bits (of 20) from port B of cell axi_lite_xbar.$eq$../rtl/fabric/axi_lite_xbar.v:192$106 ($eq).
Removed top 1 bits (of 20) from port B of cell axi_lite_xbar.$eq$../rtl/fabric/axi_lite_xbar.v:193$108 ($eq).
Removed top 1 bits (of 20) from port B of cell axi_lite_xbar.$eq$../rtl/fabric/axi_lite_xbar.v:194$110 ($eq).
Removed top 1 bits (of 20) from port B of cell axi_lite_xbar.$eq$../rtl/fabric/axi_lite_xbar.v:195$112 ($eq).
Removed top 1 bits (of 20) from port B of cell axi_lite_xbar.$eq$../rtl/fabric/axi_lite_xbar.v:192$114 ($eq).
Removed top 1 bits (of 20) from port B of cell axi_lite_xbar.$eq$../rtl/fabric/axi_lite_xbar.v:193$116 ($eq).
Removed top 1 bits (of 20) from port B of cell axi_lite_xbar.$eq$../rtl/fabric/axi_lite_xbar.v:194$118 ($eq).
Removed top 1 bits (of 20) from port B of cell axi_lite_xbar.$eq$../rtl/fabric/axi_lite_xbar.v:195$120 ($eq).

3.10. Executing PEEPOPT pass (run peephole optimizers).

3.11. Executing OPT_CLEAN pass (remove unused cells and wires).
Finding unused cells or wires in module \axi_lite_xbar..

3.12. Executing ALUMACC pass (create $alu and $macc cells).
Extracting $alu and $macc cells in module axi_lite_xbar:
  created 0 $alu and 0 $macc cells.

3.13. Executing SHARE pass (SAT-based resource sharing).

3.14. Executing OPT pass (performing simple optimizations).

3.14.1. Executing OPT_EXPR pass (perform const folding).
Optimizing module axi_lite_xbar.

3.14.2. Executing OPT_MERGE pass (detect identical cells).
Finding identical cells in module `\axi_lite_xbar'.
Computing hashes of 376 cells of `\axi_lite_xbar'.
Finding duplicate cells in `\axi_lite_xbar'.
Removed a total of 0 cells.

3.14.3. Executing OPT_MUXTREE pass (detect dead branches in mux trees).
Running muxtree optimizer on module \axi_lite_xbar..
  Creating internal representation of mux trees.
  Evaluating internal representation of mux trees.
  Analyzing evaluation results.
Removed 0 multiplexer ports.
<suppressed ~312 debug messages>

3.14.4. Executing OPT_REDUCE pass (consolidate $*mux and $reduce_* inputs).
  Optimizing cells in module \axi_lite_xbar.
Performed a total of 0 changes.

3.14.5. Executing OPT_MERGE pass (detect identical cells).
Finding identical cells in module `\axi_lite_xbar'.
Computing hashes of 376 cells of `\axi_lite_xbar'.
Finding duplicate cells in `\axi_lite_xbar'.
Removed a total of 0 cells.

3.14.6. Executing OPT_DFF pass (perform DFF optimizations).

3.14.7. Executing OPT_CLEAN pass (remove unused cells and wires).
Finding unused cells or wires in module \axi_lite_xbar..

3.14.8. Executing OPT_EXPR pass (perform const folding).
Optimizing module axi_lite_xbar.

3.14.9. Finished fast OPT passes. (There is nothing left to do.)

3.15. Executing MEMORY pass.

3.15.1. Executing OPT_MEM pass (optimize memories).
Performed a total of 0 transformations.

3.15.2. Executing OPT_MEM_PRIORITY pass (removing unnecessary memory write priority relations).
Performed a total of 0 transformations.

3.15.3. Executing OPT_MEM_FEEDBACK pass (finding memory read-to-write feedback paths).

3.15.4. Executing MEMORY_BMUX2ROM pass (converting muxes to ROMs).

3.15.5. Executing MEMORY_DFF pass (merging $dff cells to $memrd).

3.15.6. Executing OPT_CLEAN pass (remove unused cells and wires).
Finding unused cells or wires in module \axi_lite_xbar..

3.15.7. Executing MEMORY_SHARE pass (consolidating $memrd/$memwr cells).

3.15.8. Executing OPT_MEM_WIDEN pass (optimize memories where all ports are wide).
Performed a total of 0 transformations.

3.15.9. Executing OPT_CLEAN pass (remove unused cells and wires).
Finding unused cells or wires in module \axi_lite_xbar..

3.15.10. Executing MEMORY_COLLECT pass (generating $mem cells).

3.16. Executing OPT_CLEAN pass (remove unused cells and wires).
Finding unused cells or wires in module \axi_lite_xbar..

3.17. Executing OPT pass (performing simple optimizations).

3.17.1. Executing OPT_EXPR pass (perform const folding).
Optimizing module axi_lite_xbar.
<suppressed ~24 debug messages>

3.17.2. Executing OPT_MERGE pass (detect identical cells).
Finding identical cells in module `\axi_lite_xbar'.
Computing hashes of 376 cells of `\axi_lite_xbar'.
Finding duplicate cells in `\axi_lite_xbar'.
Removed a total of 0 cells.

3.17.3. Executing OPT_DFF pass (perform DFF optimizations).

3.17.4. Executing OPT_CLEAN pass (remove unused cells and wires).
Finding unused cells or wires in module \axi_lite_xbar..

3.17.5. Finished fast OPT passes.

3.18. Executing MEMORY_MAP pass (converting memories to logic and flip-flops).

3.19. Executing OPT pass (performing simple optimizations).

3.19.1. Executing OPT_EXPR pass (perform const folding).
Optimizing module axi_lite_xbar.

3.19.2. Executing OPT_MERGE pass (detect identical cells).
Finding identical cells in module `\axi_lite_xbar'.
Computing hashes of 376 cells of `\axi_lite_xbar'.
Finding duplicate cells in `\axi_lite_xbar'.
Removed a total of 0 cells.

3.19.3. Executing OPT_MUXTREE pass (detect dead branches in mux trees).
Running muxtree optimizer on module \axi_lite_xbar..
  Creating internal representation of mux trees.
  Evaluating internal representation of mux trees.
  Analyzing evaluation results.
Removed 0 multiplexer ports.
<suppressed ~297 debug messages>

3.19.4. Executing OPT_REDUCE pass (consolidate $*mux and $reduce_* inputs).
  Optimizing cells in module \axi_lite_xbar.
Performed a total of 0 changes.

3.19.5. Executing OPT_MERGE pass (detect identical cells).
Finding identical cells in module `\axi_lite_xbar'.
Computing hashes of 376 cells of `\axi_lite_xbar'.
Finding duplicate cells in `\axi_lite_xbar'.
Removed a total of 0 cells.

3.19.6. Executing OPT_SHARE pass.

3.19.7. Executing OPT_DFF pass (perform DFF optimizations).

3.19.8. Executing OPT_CLEAN pass (remove unused cells and wires).
Finding unused cells or wires in module \axi_lite_xbar..

3.19.9. Executing OPT_EXPR pass (perform const folding).
Optimizing module axi_lite_xbar.

3.19.10. Finished fast OPT passes. (There is nothing left to do.)

3.20. Executing TECHMAP pass (map to technology primitives).

3.20.1. Executing Verilog-2005 frontend: /opt/homebrew/bin/../share/yosys/techmap.v
Parsing Verilog input from `/opt/homebrew/bin/../share/yosys/techmap.v' to AST representation.
Generating RTLIL representation for module `\_90_simplemap_bool_ops'.
Generating RTLIL representation for module `\_90_simplemap_reduce_ops'.
Generating RTLIL representation for module `\_90_simplemap_logic_ops'.
Generating RTLIL representation for module `\_90_simplemap_compare_ops'.
Generating RTLIL representation for module `\_90_simplemap_various'.
Generating RTLIL representation for module `\_90_simplemap_registers'.
Generating RTLIL representation for module `\_90_shift_ops_shr_shl_sshl_sshr'.
Generating RTLIL representation for module `\_90_shift_shiftx'.
Generating RTLIL representation for module `\_90_fa'.
Generating RTLIL representation for module `\_90_lcu_brent_kung'.
Generating RTLIL representation for module `\_90_alu'.
Generating RTLIL representation for module `\_90_macc'.
Generating RTLIL representation for module `\_90_alumacc'.
Generating RTLIL representation for module `$__div_mod_u'.
Generating RTLIL representation for module `$__div_mod_trunc'.
Generating RTLIL representation for module `\_90_div'.
Generating RTLIL representation for module `\_90_mod'.
Generating RTLIL representation for module `$__div_mod_floor'.
Generating RTLIL representation for module `\_90_divfloor'.
Generating RTLIL representation for module `\_90_modfloor'.
Generating RTLIL representation for module `\_90_pow'.
Generating RTLIL representation for module `\_90_pmux'.
Generating RTLIL representation for module `\_90_demux'.
Generating RTLIL representation for module `\_90_lut'.
Generating RTLIL representation for module `$connect'.
Generating RTLIL representation for module `$input_port'.
Successfully finished Verilog frontend.

3.20.2. Continuing TECHMAP pass.
Using extmapper simplemap for cells of type $logic_not.
Using extmapper simplemap for cells of type $and.
Using extmapper simplemap for cells of type $reduce_or.
Using extmapper simplemap for cells of type $logic_and.
Using extmapper simplemap for cells of type $eq.
Using extmapper simplemap for cells of type $mux.
Using extmapper simplemap for cells of type $or.
No more expansions possible.
<suppressed ~453 debug messages>

3.21. Executing OPT pass (performing simple optimizations).

3.21.1. Executing OPT_EXPR pass (perform const folding).
Optimizing module axi_lite_xbar.
<suppressed ~1723 debug messages>

3.21.2. Executing OPT_MERGE pass (detect identical cells).
Finding identical cells in module `\axi_lite_xbar'.
Computing hashes of 2437 cells of `\axi_lite_xbar'.
Finding duplicate cells in `\axi_lite_xbar'.
Computing hashes of 2217 cells of `\axi_lite_xbar'.
Finding duplicate cells in `\axi_lite_xbar'.
Computing hashes of 2129 cells of `\axi_lite_xbar'.
Finding duplicate cells in `\axi_lite_xbar'.
Computing hashes of 2081 cells of `\axi_lite_xbar'.
Finding duplicate cells in `\axi_lite_xbar'.
Computing hashes of 2069 cells of `\axi_lite_xbar'.
Finding duplicate cells in `\axi_lite_xbar'.
Computing hashes of 2061 cells of `\axi_lite_xbar'.
Finding duplicate cells in `\axi_lite_xbar'.
<suppressed ~1128 debug messages>
Removed a total of 376 cells.

3.21.3. Executing OPT_DFF pass (perform DFF optimizations).

3.21.4. Executing OPT_CLEAN pass (remove unused cells and wires).
Finding unused cells or wires in module \axi_lite_xbar..
Removed 0 unused cells and 154 unused wires.
<suppressed ~1 debug messages>

3.21.5. Finished fast OPT passes.

3.22. Executing ABC pass (technology mapping using ABC).

3.22.1. Extracting gate netlist of module `\axi_lite_xbar' to `<abc-temp-dir>/input.blif'..

3.22.1.1. Executed ABC.
Extracted 2061 gates and 2601 wires to a netlist network with 538 inputs and 922 outputs.
Running ABC script: <abc-temp-dir>/abc.script
ABC: ======== ABC command line "source <abc-temp-dir>/abc.script"
ABC: + read_blif <abc-temp-dir>/input.blif 
ABC: + read_library <abc-temp-dir>/stdcells.genlib 
ABC: + strash 
ABC: + &get -n 
ABC: + &fraig -x 
ABC: + &put 
ABC: + scorr 
ABC: Warning: The network is combinational (run "fraig" or "fraig_sweep").
ABC: + dc2 
ABC: + dretime 
ABC: + strash 
ABC: + &get -n 
ABC: + &dch -f 
ABC: + &nf 
ABC: + &put 
ABC: + write_blif <abc-temp-dir>/output.blif 

3.22.1.2. Re-integrating ABC results.
ABC RESULTS:               AND cells:      630
ABC RESULTS:            ANDNOT cells:      580
ABC RESULTS:               MUX cells:      564
ABC RESULTS:              NAND cells:      359
ABC RESULTS:               NOR cells:      117
ABC RESULTS:               NOT cells:        2
ABC RESULTS:                OR cells:      274
ABC RESULTS:             ORNOT cells:       64
ABC RESULTS:        internal signals:     1141
ABC RESULTS:           input signals:      538
ABC RESULTS:          output signals:      922
Removing temp directory.
Removing global temp directory.

3.23. Executing OPT pass (performing simple optimizations).

3.23.1. Executing OPT_EXPR pass (perform const folding).
Optimizing module axi_lite_xbar.

3.23.2. Executing OPT_MERGE pass (detect identical cells).
Finding identical cells in module `\axi_lite_xbar'.
Computing hashes of 2590 cells of `\axi_lite_xbar'.
Finding duplicate cells in `\axi_lite_xbar'.
Removed a total of 0 cells.

3.23.3. Executing OPT_DFF pass (perform DFF optimizations).

3.23.4. Executing OPT_CLEAN pass (remove unused cells and wires).
Finding unused cells or wires in module \axi_lite_xbar..
Removed 0 unused cells and 1852 unused wires.
<suppressed ~13 debug messages>

3.23.5. Finished fast OPT passes.

3.24. Executing HIERARCHY pass (managing design hierarchy).
Attribute `top' found on module `axi_lite_xbar'. Setting top module to axi_lite_xbar.

3.24.1. Analyzing design hierarchy..
Top module:  \axi_lite_xbar

3.24.2. Analyzing design hierarchy..
Top module:  \axi_lite_xbar
Removed 0 unused modules.

3.25. Printing statistics.

=== axi_lite_xbar ===

        +----------Local Count, excluding submodules.
        | 
     2008 wires
     4892 wire bits
      340 public wires
     3224 public wire bits
      172 ports
     1462 port bits
     2590 cells
      580   $_ANDNOT_
      630   $_AND_
      564   $_MUX_
      359   $_NAND_
      117   $_NOR_
        2   $_NOT_
       64   $_ORNOT_
      274   $_OR_

3.26. Executing CHECK pass (checking for obvious problems).
Checking module axi_lite_xbar...
Found and reported 0 problems.

4. Executing DFFLIBMAP pass (mapping DFF cells to sequential cells from liberty file).
  cell DFF_X1 (noninv, pins=4, area=4.52) is a direct match for cell type $_DFF_P_.
  cell DFFR_X1 (noninv, pins=5, area=5.32) is a direct match for cell type $_DFF_PN0_.
  cell DFFS_X1 (noninv, pins=5, area=5.32) is a direct match for cell type $_DFF_PN1_.
  cell DFFRS_X1 (noninv, pins=6, area=6.38) is a direct match for cell type $_DFFSR_PNN_.
  final dff cell mappings:
    unmapped dff cell: $_DFF_N_
    \DFF_X1 _DFF_P_ (.CK( C), .D( D), .Q( Q), .QN(~Q));
    unmapped dff cell: $_DFF_NN0_
    unmapped dff cell: $_DFF_NN1_
    unmapped dff cell: $_DFF_NP0_
    unmapped dff cell: $_DFF_NP1_
    \DFFR_X1 _DFF_PN0_ (.CK( C), .D( D), .Q( Q), .QN(~Q), .RN( R));
    \DFFS_X1 _DFF_PN1_ (.CK( C), .D( D), .Q( Q), .QN(~Q), .SN( R));
    unmapped dff cell: $_DFF_PP0_
    unmapped dff cell: $_DFF_PP1_
    unmapped dff cell: $_DFFE_NN_
    unmapped dff cell: $_DFFE_NP_
    unmapped dff cell: $_DFFE_PN_
    unmapped dff cell: $_DFFE_PP_
    unmapped dff cell: $_DFFSR_NNN_
    unmapped dff cell: $_DFFSR_NNP_
    unmapped dff cell: $_DFFSR_NPN_
    unmapped dff cell: $_DFFSR_NPP_
    \DFFRS_X1 _DFFSR_PNN_ (.CK( C), .D( D), .Q( Q), .QN(~Q), .RN( R), .SN( S));
    unmapped dff cell: $_DFFSR_PNP_
    unmapped dff cell: $_DFFSR_PPN_
    unmapped dff cell: $_DFFSR_PPP_

4.1. Executing DFFLEGALIZE pass (convert FFs to types supported by the target).
<suppressed ~8 debug messages>
Mapping DFF cells in module `\axi_lite_xbar':

5. Executing ABC pass (technology mapping using ABC).

5.1. Extracting gate netlist of module `\axi_lite_xbar' to `<abc-temp-dir>/input.blif'..

5.1.1. Executed ABC.
Extracted 2590 gates and 3128 wires to a netlist network with 538 inputs and 922 outputs.
Running ABC script: <abc-temp-dir>/abc.script
ABC: ======== ABC command line "source <abc-temp-dir>/abc.script"
ABC: + read_blif <abc-temp-dir>/input.blif 
ABC: + read_lib -w /Users/aasheiksaran/Desktop/Productivity/INDIA_CRYPTO_SOC/synth/../pdk/nangate45/NangateOpenCellLibrary_typical.lib 
ABC: Parsing finished successfully.  Parsing time =     0.04 sec
ABC: Scl_LibertyReadGenlib() skipped cell "ANTENNA_X1" due to dont_use attribute.
ABC: Scl_LibertyReadGenlib() skipped cell "CLKGATETST_X1" without logic function.
ABC: Scl_LibertyReadGenlib() skipped cell "CLKGATETST_X2" without logic function.
ABC: Scl_LibertyReadGenlib() skipped cell "CLKGATETST_X4" without logic function.
ABC: Scl_LibertyReadGenlib() skipped cell "CLKGATETST_X8" without logic function.
ABC: Scl_LibertyReadGenlib() skipped cell "CLKGATE_X1" without logic function.
ABC: Scl_LibertyReadGenlib() skipped cell "CLKGATE_X2" without logic function.
ABC: Scl_LibertyReadGenlib() skipped cell "CLKGATE_X4" without logic function.
ABC: Scl_LibertyReadGenlib() skipped cell "CLKGATE_X8" without logic function.
ABC: Scl_LibertyReadGenlib() skipped sequential cell "DFFRS_X1".
ABC: Scl_LibertyReadGenlib() skipped sequential cell "DFFRS_X2".
ABC: Scl_LibertyReadGenlib() skipped sequential cell "DFFR_X1".
ABC: Scl_LibertyReadGenlib() skipped sequential cell "DFFR_X2".
ABC: Scl_LibertyReadGenlib() skipped sequential cell "DFFS_X1".
ABC: Scl_LibertyReadGenlib() skipped sequential cell "DFFS_X2".
ABC: Scl_LibertyReadGenlib() skipped sequential cell "DFF_X1".
ABC: Scl_LibertyReadGenlib() skipped sequential cell "DFF_X2".
ABC: Scl_LibertyReadGenlib() skipped sequential cell "DLH_X1".
ABC: Scl_LibertyReadGenlib() skipped sequential cell "DLH_X2".
ABC: Scl_LibertyReadGenlib() skipped sequential cell "DLL_X1".
ABC: Scl_LibertyReadGenlib() skipped sequential cell "DLL_X2".
ABC: Scl_LibertyReadGenlib() skipped cell "FILLCELL_X1" due to dont_use attribute.
ABC: Scl_LibertyReadGenlib() skipped cell "TAPCELL_X1" due to dont_use attribute.
ABC: Scl_LibertyReadGenlib() skipped cell "FILLCELL_X2" due to dont_use attribute.
ABC: Scl_LibertyReadGenlib() skipped cell "FILLCELL_X4" due to dont_use attribute.
ABC: Scl_LibertyReadGenlib() skipped cell "FILLCELL_X8" due to dont_use attribute.
ABC: Scl_LibertyReadGenlib() skipped cell "FILLCELL_X16" due to dont_use attribute.
ABC: Scl_LibertyReadGenlib() skipped cell "FILLCELL_X32" due to dont_use attribute.
ABC: Scl_LibertyReadGenlib() skipped cell "LOGIC0_X1" due to dont_use attribute.
ABC: Scl_LibertyReadGenlib() skipped cell "LOGIC1_X1" due to dont_use attribute.
ABC: Scl_LibertyReadGenlib() skipped sequential cell "SDFFRS_X1".
ABC: Scl_LibertyReadGenlib() skipped sequential cell "SDFFRS_X2".
ABC: Scl_LibertyReadGenlib() skipped sequential cell "SDFFR_X1".
ABC: Scl_LibertyReadGenlib() skipped sequential cell "SDFFR_X2".
ABC: Scl_LibertyReadGenlib() skipped sequential cell "SDFFS_X1".
ABC: Scl_LibertyReadGenlib() skipped sequential cell "SDFFS_X2".
ABC: Scl_LibertyReadGenlib() skipped sequential cell "SDFF_X1".
ABC: Scl_LibertyReadGenlib() skipped sequential cell "SDFF_X2".
ABC: Scl_LibertyReadGenlib() skipped three-state cell "TBUF_X1".
ABC: Scl_LibertyReadGenlib() skipped three-state cell "TBUF_X2".
ABC: Scl_LibertyReadGenlib() skipped three-state cell "TBUF_X4".
ABC: Scl_LibertyReadGenlib() skipped three-state cell "TBUF_X8".
ABC: Scl_LibertyReadGenlib() skipped three-state cell "TBUF_X16".
ABC: Scl_LibertyReadGenlib() skipped three-state cell "TINV_X1".
ABC: Scl_LibertyReadGenlib() skipped sequential cell "TLAT_X1".
ABC: Library "NangateOpenCellLibrary" from "/Users/aasheiksaran/Desktop/Productivity/INDIA_CRYPTO_SOC/synth/../pdk/nangate45/NangateOpenCellLibrary_typical.lib" has 90 cells (45 skipped: 21 seq; 6 tri-state; 8 no func; 10 dont_use; 0 with 2 outputs; 0 with 3+ outputs).  Time =     0.06 sec
ABC: Memory =   11.38 MB. Time =     0.06 sec
ABC: Warning: Detected 2 multi-output cells (for example, "FA_X1").
ABC: + strash 
ABC: + &get -n 
ABC: + &fraig -x 
ABC: + &put 
ABC: + scorr 
ABC: Warning: The network is combinational (run "fraig" or "fraig_sweep").
ABC: + dc2 
ABC: + dretime 
ABC: + strash 
ABC: + &get -n 
ABC: + &dch -f 
ABC: + &nf 
ABC: + &put 
ABC: + write_blif <abc-temp-dir>/output.blif 

5.1.2. Re-integrating ABC results.
ABC RESULTS:           AND2_X1 cells:      246
ABC RESULTS:           AND3_X1 cells:       13
ABC RESULTS:           AND4_X1 cells:       10
ABC RESULTS:         AOI211_X1 cells:       15
ABC RESULTS:          AOI21_X1 cells:       56
ABC RESULTS:         AOI221_X1 cells:       21
ABC RESULTS:         AOI222_X1 cells:       56
ABC RESULTS:          AOI22_X1 cells:       44
ABC RESULTS:            INV_X1 cells:       84
ABC RESULTS:           MUX2_X1 cells:      526
ABC RESULTS:          NAND2_X1 cells:       84
ABC RESULTS:          NAND3_X1 cells:       41
ABC RESULTS:          NAND4_X1 cells:       21
ABC RESULTS:           NOR2_X1 cells:      105
ABC RESULTS:           NOR3_X1 cells:       27
ABC RESULTS:           NOR4_X1 cells:       21
ABC RESULTS:         OAI211_X1 cells:       21
ABC RESULTS:          OAI21_X1 cells:      102
ABC RESULTS:         OAI221_X1 cells:       37
ABC RESULTS:         OAI222_X1 cells:       12
ABC RESULTS:          OAI22_X1 cells:       67
ABC RESULTS:            OR2_X1 cells:       12
ABC RESULTS:            OR3_X1 cells:        7
ABC RESULTS:            OR4_X1 cells:       15
ABC RESULTS:        internal signals:     1668
ABC RESULTS:           input signals:      538
ABC RESULTS:          output signals:      922
Removing temp directory.
Removing global temp directory.
Removed 0 unused cells and 3128 unused wires.

6. Printing statistics.

=== axi_lite_xbar ===

        +----------Local Count, excluding submodules.
        |        +-Local Area, excluding submodules.
        |        | 
     1061        - wires
     3945        - wire bits
      340        - public wires
     3224        - public wire bits
      172        - ports
     1462        - port bits
     1643  2245.04 cells
      246  261.744   AND2_X1
       13    17.29   AND3_X1
       10    15.96   AND4_X1
       15    19.95   AOI211_X1
       56   59.584   AOI21_X1
       21   33.516   AOI221_X1
       56  119.168   AOI222_X1
       44    58.52   AOI22_X1
       84   44.688   INV_X1
      526  979.412   MUX2_X1
       84   67.032   NAND2_X1
       41   43.624   NAND3_X1
       21    27.93   NAND4_X1
      105    83.79   NOR2_X1
       27   28.728   NOR3_X1
       21    27.93   NOR4_X1
       21    27.93   OAI211_X1
      102  108.528   OAI21_X1
       37   59.052   OAI221_X1
       12   25.536   OAI222_X1
       67    89.11   OAI22_X1
       12   12.768   OR2_X1
        7     9.31   OR3_X1
       15    23.94   OR4_X1

   Chip area for module '\axi_lite_xbar': 2245.040000
     of which used for sequential elements: 0.000000 (0.00%)

7. Executing Verilog backend.
Dumping module `\axi_lite_xbar'.

End of script. Logfile hash: 07a90ec976, time: 3.39s, user: 0.42s, system: 0.03s, MEM: 47.16 MB peak
Yosys 0.64 (git sha1 d8dab5b32666564eca8e18f412973853ce006e61, clang++ 21.0.0 -fPIC -O3)
Time spent: 81% 2x abc (1 sec), 2% 14x opt_expr (0 sec), ...
