
 /----------------------------------------------------------------------------\
 |  yosys -- Yosys Open SYnthesis Suite                                       |
 |  Copyright (C) 2012 - 2026  Claire Xenia Wolf <claire@yosyshq.com>         |
 |  Distributed under an ISC-like license, type "license" to see terms        |
 \----------------------------------------------------------------------------/
 Yosys 0.64 (git sha1 d8dab5b32666564eca8e18f412973853ce006e61, clang++ 21.0.0 -fPIC -O3)

-- Executing script file `/tmp/yosys_XXXXXX.ys' --

1. Executing Verilog-2005 frontend: ../rtl/crypto/hamming_secded.v
Parsing SystemVerilog input from `../rtl/crypto/hamming_secded.v' to AST representation.
Generating RTLIL representation for module `\hamming_enc'.
Generating RTLIL representation for module `\hamming_dec'.
Successfully finished Verilog frontend.

2. Executing HIERARCHY pass (managing design hierarchy).

2.1. Analyzing design hierarchy..
Top module:  \hamming_dec

2.2. Analyzing design hierarchy..
Top module:  \hamming_dec
Removing unused module `\hamming_enc'.
Removed 1 unused modules.

3. Executing SYNTH pass.

3.1. Executing HIERARCHY pass (managing design hierarchy).

3.1.1. Analyzing design hierarchy..
Top module:  \hamming_dec

3.1.2. Analyzing design hierarchy..
Top module:  \hamming_dec
Removed 0 unused modules.

3.2. Executing PROC pass (convert processes to netlists).

3.2.1. Executing PROC_CLEAN pass (remove empty switches from decision trees).
Cleaned up 0 empty switches.

3.2.2. Executing PROC_RMDEAD pass (remove dead branches from decision trees).
Removed a total of 0 dead cases.

3.2.3. Executing PROC_PRUNE pass (remove redundant assignments in processes).
Removed 0 redundant assignments.
Promoted 0 assignments to connections.

3.2.4. Executing PROC_INIT pass (extract init attributes).

3.2.5. Executing PROC_ARST pass (detect async resets in processes).

3.2.6. Executing PROC_ROM pass (convert switches to ROMs).
Converted 0 switches.

3.2.7. Executing PROC_MUX pass (convert decision trees to multiplexers).

3.2.8. Executing PROC_DLATCH pass (convert process syncs to latches).

3.2.9. Executing PROC_DFF pass (convert process syncs to FFs).

3.2.10. Executing PROC_MEMWR pass (convert process memory writes to cells).

3.2.11. Executing PROC_CLEAN pass (remove empty switches from decision trees).
Cleaned up 0 empty switches.

3.2.12. Executing OPT_EXPR pass (perform const folding).
Optimizing module hamming_dec.

3.3. Executing OPT_EXPR pass (perform const folding).
Optimizing module hamming_dec.

3.4. Executing OPT_CLEAN pass (remove unused cells and wires).
Finding unused cells or wires in module \hamming_dec..
Removed 0 unused cells and 48 unused wires.
<suppressed ~1 debug messages>

3.5. Executing CHECK pass (checking for obvious problems).
Checking module hamming_dec...
Found and reported 0 problems.

3.6. Executing OPT pass (performing simple optimizations).

3.6.1. Executing OPT_EXPR pass (perform const folding).
Optimizing module hamming_dec.

3.6.2. Executing OPT_MERGE pass (detect identical cells).
Finding identical cells in module `\hamming_dec'.
Computing hashes of 229 cells of `\hamming_dec'.
Finding duplicate cells in `\hamming_dec'.
Computing hashes of 228 cells of `\hamming_dec'.
Finding duplicate cells in `\hamming_dec'.
<suppressed ~3 debug messages>
Removed a total of 1 cells.

3.6.3. Executing OPT_MUXTREE pass (detect dead branches in mux trees).
Running muxtree optimizer on module \hamming_dec..
  Creating internal representation of mux trees.
  No muxes found in this module.
Removed 0 multiplexer ports.

3.6.4. Executing OPT_REDUCE pass (consolidate $*mux and $reduce_* inputs).
  Optimizing cells in module \hamming_dec.
Performed a total of 0 changes.

3.6.5. Executing OPT_MERGE pass (detect identical cells).
Finding identical cells in module `\hamming_dec'.
Computing hashes of 228 cells of `\hamming_dec'.
Finding duplicate cells in `\hamming_dec'.
Removed a total of 0 cells.

3.6.6. Executing OPT_DFF pass (perform DFF optimizations).

3.6.7. Executing OPT_CLEAN pass (remove unused cells and wires).
Finding unused cells or wires in module \hamming_dec..
Removed 0 unused cells and 1 unused wires.
<suppressed ~1 debug messages>

3.6.8. Executing OPT_EXPR pass (perform const folding).
Optimizing module hamming_dec.

3.6.9. Rerunning OPT passes. (Maybe there is more to do..)

3.6.10. Executing OPT_MUXTREE pass (detect dead branches in mux trees).
Running muxtree optimizer on module \hamming_dec..
  Creating internal representation of mux trees.
  No muxes found in this module.
Removed 0 multiplexer ports.

3.6.11. Executing OPT_REDUCE pass (consolidate $*mux and $reduce_* inputs).
  Optimizing cells in module \hamming_dec.
Performed a total of 0 changes.

3.6.12. Executing OPT_MERGE pass (detect identical cells).
Finding identical cells in module `\hamming_dec'.
Computing hashes of 228 cells of `\hamming_dec'.
Finding duplicate cells in `\hamming_dec'.
Removed a total of 0 cells.

3.6.13. Executing OPT_DFF pass (perform DFF optimizations).

3.6.14. Executing OPT_CLEAN pass (remove unused cells and wires).
Finding unused cells or wires in module \hamming_dec..

3.6.15. Executing OPT_EXPR pass (perform const folding).
Optimizing module hamming_dec.

3.6.16. Finished fast OPT passes. (There is nothing left to do.)

3.7. Executing FSM pass (extract and optimize FSM).

3.7.1. Executing FSM_DETECT pass (finding FSMs in design).

3.7.2. Executing FSM_EXTRACT pass (extracting FSM from design).

3.7.3. Executing FSM_OPT pass (simple optimizations of FSMs).

3.7.4. Executing OPT_CLEAN pass (remove unused cells and wires).
Finding unused cells or wires in module \hamming_dec..

3.7.5. Executing FSM_OPT pass (simple optimizations of FSMs).

3.7.6. Executing FSM_RECODE pass (re-assigning FSM state encoding).

3.7.7. Executing FSM_INFO pass (dumping all available information on FSM cells).

3.7.8. Executing FSM_MAP pass (mapping FSMs to basic logic).

3.8. Executing OPT pass (performing simple optimizations).

3.8.1. Executing OPT_EXPR pass (perform const folding).
Optimizing module hamming_dec.

3.8.2. Executing OPT_MERGE pass (detect identical cells).
Finding identical cells in module `\hamming_dec'.
Computing hashes of 228 cells of `\hamming_dec'.
Finding duplicate cells in `\hamming_dec'.
Removed a total of 0 cells.

3.8.3. Executing OPT_MUXTREE pass (detect dead branches in mux trees).
Running muxtree optimizer on module \hamming_dec..
  Creating internal representation of mux trees.
  No muxes found in this module.
Removed 0 multiplexer ports.

3.8.4. Executing OPT_REDUCE pass (consolidate $*mux and $reduce_* inputs).
  Optimizing cells in module \hamming_dec.
Performed a total of 0 changes.

3.8.5. Executing OPT_MERGE pass (detect identical cells).
Finding identical cells in module `\hamming_dec'.
Computing hashes of 228 cells of `\hamming_dec'.
Finding duplicate cells in `\hamming_dec'.
Removed a total of 0 cells.

3.8.6. Executing OPT_DFF pass (perform DFF optimizations).

3.8.7. Executing OPT_CLEAN pass (remove unused cells and wires).
Finding unused cells or wires in module \hamming_dec..

3.8.8. Executing OPT_EXPR pass (perform const folding).
Optimizing module hamming_dec.

3.8.9. Finished fast OPT passes. (There is nothing left to do.)

3.9. Executing WREDUCE pass (reducing word size of cells).
Removed top 4 bits (of 6) from port B of cell hamming_dec.$eq$../rtl/crypto/hamming_secded.v:205$255 ($eq).
Removed top 3 bits (of 6) from port B of cell hamming_dec.$eq$../rtl/crypto/hamming_secded.v:206$258 ($eq).
Removed top 3 bits (of 6) from port B of cell hamming_dec.$eq$../rtl/crypto/hamming_secded.v:207$261 ($eq).
Removed top 3 bits (of 6) from port B of cell hamming_dec.$eq$../rtl/crypto/hamming_secded.v:208$264 ($eq).
Removed top 2 bits (of 6) from port B of cell hamming_dec.$eq$../rtl/crypto/hamming_secded.v:209$267 ($eq).
Removed top 2 bits (of 6) from port B of cell hamming_dec.$eq$../rtl/crypto/hamming_secded.v:210$270 ($eq).
Removed top 2 bits (of 6) from port B of cell hamming_dec.$eq$../rtl/crypto/hamming_secded.v:211$273 ($eq).
Removed top 2 bits (of 6) from port B of cell hamming_dec.$eq$../rtl/crypto/hamming_secded.v:212$276 ($eq).
Removed top 2 bits (of 6) from port B of cell hamming_dec.$eq$../rtl/crypto/hamming_secded.v:213$279 ($eq).
Removed top 2 bits (of 6) from port B of cell hamming_dec.$eq$../rtl/crypto/hamming_secded.v:214$282 ($eq).
Removed top 2 bits (of 6) from port B of cell hamming_dec.$eq$../rtl/crypto/hamming_secded.v:215$285 ($eq).
Removed top 1 bits (of 6) from port B of cell hamming_dec.$eq$../rtl/crypto/hamming_secded.v:216$288 ($eq).
Removed top 1 bits (of 6) from port B of cell hamming_dec.$eq$../rtl/crypto/hamming_secded.v:217$291 ($eq).
Removed top 1 bits (of 6) from port B of cell hamming_dec.$eq$../rtl/crypto/hamming_secded.v:218$294 ($eq).
Removed top 1 bits (of 6) from port B of cell hamming_dec.$eq$../rtl/crypto/hamming_secded.v:219$297 ($eq).
Removed top 1 bits (of 6) from port B of cell hamming_dec.$eq$../rtl/crypto/hamming_secded.v:220$300 ($eq).
Removed top 1 bits (of 6) from port B of cell hamming_dec.$eq$../rtl/crypto/hamming_secded.v:221$303 ($eq).
Removed top 1 bits (of 6) from port B of cell hamming_dec.$eq$../rtl/crypto/hamming_secded.v:222$306 ($eq).
Removed top 1 bits (of 6) from port B of cell hamming_dec.$eq$../rtl/crypto/hamming_secded.v:223$309 ($eq).
Removed top 1 bits (of 6) from port B of cell hamming_dec.$eq$../rtl/crypto/hamming_secded.v:224$312 ($eq).
Removed top 1 bits (of 6) from port B of cell hamming_dec.$eq$../rtl/crypto/hamming_secded.v:225$315 ($eq).
Removed top 1 bits (of 6) from port B of cell hamming_dec.$eq$../rtl/crypto/hamming_secded.v:226$318 ($eq).
Removed top 1 bits (of 6) from port B of cell hamming_dec.$eq$../rtl/crypto/hamming_secded.v:227$321 ($eq).
Removed top 1 bits (of 6) from port B of cell hamming_dec.$eq$../rtl/crypto/hamming_secded.v:228$324 ($eq).
Removed top 1 bits (of 6) from port B of cell hamming_dec.$eq$../rtl/crypto/hamming_secded.v:229$327 ($eq).
Removed top 1 bits (of 6) from port B of cell hamming_dec.$eq$../rtl/crypto/hamming_secded.v:230$330 ($eq).

3.10. Executing PEEPOPT pass (run peephole optimizers).

3.11. Executing OPT_CLEAN pass (remove unused cells and wires).
Finding unused cells or wires in module \hamming_dec..

3.12. Executing ALUMACC pass (create $alu and $macc cells).
Extracting $alu and $macc cells in module hamming_dec:
  created 0 $alu and 0 $macc cells.

3.13. Executing SHARE pass (SAT-based resource sharing).

3.14. Executing OPT pass (performing simple optimizations).

3.14.1. Executing OPT_EXPR pass (perform const folding).
Optimizing module hamming_dec.

3.14.2. Executing OPT_MERGE pass (detect identical cells).
Finding identical cells in module `\hamming_dec'.
Computing hashes of 228 cells of `\hamming_dec'.
Finding duplicate cells in `\hamming_dec'.
Removed a total of 0 cells.

3.14.3. Executing OPT_MUXTREE pass (detect dead branches in mux trees).
Running muxtree optimizer on module \hamming_dec..
  Creating internal representation of mux trees.
  No muxes found in this module.
Removed 0 multiplexer ports.

3.14.4. Executing OPT_REDUCE pass (consolidate $*mux and $reduce_* inputs).
  Optimizing cells in module \hamming_dec.
Performed a total of 0 changes.

3.14.5. Executing OPT_MERGE pass (detect identical cells).
Finding identical cells in module `\hamming_dec'.
Computing hashes of 228 cells of `\hamming_dec'.
Finding duplicate cells in `\hamming_dec'.
Removed a total of 0 cells.

3.14.6. Executing OPT_DFF pass (perform DFF optimizations).

3.14.7. Executing OPT_CLEAN pass (remove unused cells and wires).
Finding unused cells or wires in module \hamming_dec..

3.14.8. Executing OPT_EXPR pass (perform const folding).
Optimizing module hamming_dec.

3.14.9. Finished fast OPT passes. (There is nothing left to do.)

3.15. Executing MEMORY pass.

3.15.1. Executing OPT_MEM pass (optimize memories).
Performed a total of 0 transformations.

3.15.2. Executing OPT_MEM_PRIORITY pass (removing unnecessary memory write priority relations).
Performed a total of 0 transformations.

3.15.3. Executing OPT_MEM_FEEDBACK pass (finding memory read-to-write feedback paths).

3.15.4. Executing MEMORY_BMUX2ROM pass (converting muxes to ROMs).

3.15.5. Executing MEMORY_DFF pass (merging $dff cells to $memrd).

3.15.6. Executing OPT_CLEAN pass (remove unused cells and wires).
Finding unused cells or wires in module \hamming_dec..

3.15.7. Executing MEMORY_SHARE pass (consolidating $memrd/$memwr cells).

3.15.8. Executing OPT_MEM_WIDEN pass (optimize memories where all ports are wide).
Performed a total of 0 transformations.

3.15.9. Executing OPT_CLEAN pass (remove unused cells and wires).
Finding unused cells or wires in module \hamming_dec..

3.15.10. Executing MEMORY_COLLECT pass (generating $mem cells).

3.16. Executing OPT_CLEAN pass (remove unused cells and wires).
Finding unused cells or wires in module \hamming_dec..

3.17. Executing OPT pass (performing simple optimizations).

3.17.1. Executing OPT_EXPR pass (perform const folding).
Optimizing module hamming_dec.

3.17.2. Executing OPT_MERGE pass (detect identical cells).
Finding identical cells in module `\hamming_dec'.
Computing hashes of 228 cells of `\hamming_dec'.
Finding duplicate cells in `\hamming_dec'.
Removed a total of 0 cells.

3.17.3. Executing OPT_DFF pass (perform DFF optimizations).

3.17.4. Executing OPT_CLEAN pass (remove unused cells and wires).
Finding unused cells or wires in module \hamming_dec..

3.17.5. Finished fast OPT passes.

3.18. Executing MEMORY_MAP pass (converting memories to logic and flip-flops).

3.19. Executing OPT pass (performing simple optimizations).

3.19.1. Executing OPT_EXPR pass (perform const folding).
Optimizing module hamming_dec.

3.19.2. Executing OPT_MERGE pass (detect identical cells).
Finding identical cells in module `\hamming_dec'.
Computing hashes of 228 cells of `\hamming_dec'.
Finding duplicate cells in `\hamming_dec'.
Removed a total of 0 cells.

3.19.3. Executing OPT_MUXTREE pass (detect dead branches in mux trees).
Running muxtree optimizer on module \hamming_dec..
  Creating internal representation of mux trees.
  No muxes found in this module.
Removed 0 multiplexer ports.

3.19.4. Executing OPT_REDUCE pass (consolidate $*mux and $reduce_* inputs).
  Optimizing cells in module \hamming_dec.
Performed a total of 0 changes.

3.19.5. Executing OPT_MERGE pass (detect identical cells).
Finding identical cells in module `\hamming_dec'.
Computing hashes of 228 cells of `\hamming_dec'.
Finding duplicate cells in `\hamming_dec'.
Removed a total of 0 cells.

3.19.6. Executing OPT_SHARE pass.

3.19.7. Executing OPT_DFF pass (perform DFF optimizations).

3.19.8. Executing OPT_CLEAN pass (remove unused cells and wires).
Finding unused cells or wires in module \hamming_dec..

3.19.9. Executing OPT_EXPR pass (perform const folding).
Optimizing module hamming_dec.

3.19.10. Finished fast OPT passes. (There is nothing left to do.)

3.20. Executing TECHMAP pass (map to technology primitives).

3.20.1. Executing Verilog-2005 frontend: /opt/homebrew/bin/../share/yosys/techmap.v
Parsing Verilog input from `/opt/homebrew/bin/../share/yosys/techmap.v' to AST representation.
Generating RTLIL representation for module `\_90_simplemap_bool_ops'.
Generating RTLIL representation for module `\_90_simplemap_reduce_ops'.
Generating RTLIL representation for module `\_90_simplemap_logic_ops'.
Generating RTLIL representation for module `\_90_simplemap_compare_ops'.
Generating RTLIL representation for module `\_90_simplemap_various'.
Generating RTLIL representation for module `\_90_simplemap_registers'.
Generating RTLIL representation for module `\_90_shift_ops_shr_shl_sshl_sshr'.
Generating RTLIL representation for module `\_90_shift_shiftx'.
Generating RTLIL representation for module `\_90_fa'.
Generating RTLIL representation for module `\_90_lcu_brent_kung'.
Generating RTLIL representation for module `\_90_alu'.
Generating RTLIL representation for module `\_90_macc'.
Generating RTLIL representation for module `\_90_alumacc'.
Generating RTLIL representation for module `$__div_mod_u'.
Generating RTLIL representation for module `$__div_mod_trunc'.
Generating RTLIL representation for module `\_90_div'.
Generating RTLIL representation for module `\_90_mod'.
Generating RTLIL representation for module `$__div_mod_floor'.
Generating RTLIL representation for module `\_90_divfloor'.
Generating RTLIL representation for module `\_90_modfloor'.
Generating RTLIL representation for module `\_90_pow'.
Generating RTLIL representation for module `\_90_pmux'.
Generating RTLIL representation for module `\_90_demux'.
Generating RTLIL representation for module `\_90_lut'.
Generating RTLIL representation for module `$connect'.
Generating RTLIL representation for module `$input_port'.
Successfully finished Verilog frontend.

3.20.2. Continuing TECHMAP pass.
Using extmapper simplemap for cells of type $xor.
Using extmapper simplemap for cells of type $and.
Using extmapper simplemap for cells of type $reduce_or.
Using extmapper simplemap for cells of type $not.
Using extmapper simplemap for cells of type $eq.
No more expansions possible.
<suppressed ~305 debug messages>

3.21. Executing OPT pass (performing simple optimizations).

3.21.1. Executing OPT_EXPR pass (perform const folding).
Optimizing module hamming_dec.
<suppressed ~192 debug messages>

3.21.2. Executing OPT_MERGE pass (detect identical cells).
Finding identical cells in module `\hamming_dec'.
Computing hashes of 482 cells of `\hamming_dec'.
Finding duplicate cells in `\hamming_dec'.
Computing hashes of 375 cells of `\hamming_dec'.
Finding duplicate cells in `\hamming_dec'.
Computing hashes of 310 cells of `\hamming_dec'.
Finding duplicate cells in `\hamming_dec'.
Computing hashes of 293 cells of `\hamming_dec'.
Finding duplicate cells in `\hamming_dec'.
<suppressed ~567 debug messages>
Removed a total of 189 cells.

3.21.3. Executing OPT_DFF pass (perform DFF optimizations).

3.21.4. Executing OPT_CLEAN pass (remove unused cells and wires).
Finding unused cells or wires in module \hamming_dec..
Removed 0 unused cells and 192 unused wires.
<suppressed ~1 debug messages>

3.21.5. Finished fast OPT passes.

3.22. Executing ABC pass (technology mapping using ABC).

3.22.1. Extracting gate netlist of module `\hamming_dec' to `<abc-temp-dir>/input.blif'..

3.22.1.1. Executed ABC.
Extracted 293 gates and 332 wires to a netlist network with 39 inputs and 34 outputs.
Running ABC script: <abc-temp-dir>/abc.script
ABC: ======== ABC command line "source <abc-temp-dir>/abc.script"
ABC: + read_blif <abc-temp-dir>/input.blif 
ABC: + read_library <abc-temp-dir>/stdcells.genlib 
ABC: + strash 
ABC: + &get -n 
ABC: + &fraig -x 
ABC: + &put 
ABC: + scorr 
ABC: Warning: The network is combinational (run "fraig" or "fraig_sweep").
ABC: + dc2 
ABC: + dretime 
ABC: + strash 
ABC: + &get -n 
ABC: + &dch -f 
ABC: + &nf 
ABC: + &put 
ABC: + write_blif <abc-temp-dir>/output.blif 

3.22.1.2. Re-integrating ABC results.
ABC RESULTS:               AND cells:       29
ABC RESULTS:            ANDNOT cells:        4
ABC RESULTS:              NAND cells:       33
ABC RESULTS:               NOR cells:        3
ABC RESULTS:               NOT cells:        3
ABC RESULTS:              XNOR cells:      122
ABC RESULTS:               XOR cells:       21
ABC RESULTS:        internal signals:      259
ABC RESULTS:           input signals:       39
ABC RESULTS:          output signals:       34
Removing temp directory.
Removing global temp directory.

3.23. Executing OPT pass (performing simple optimizations).

3.23.1. Executing OPT_EXPR pass (perform const folding).
Optimizing module hamming_dec.

3.23.2. Executing OPT_MERGE pass (detect identical cells).
Finding identical cells in module `\hamming_dec'.
Computing hashes of 215 cells of `\hamming_dec'.
Finding duplicate cells in `\hamming_dec'.
Removed a total of 0 cells.

3.23.3. Executing OPT_DFF pass (perform DFF optimizations).

3.23.4. Executing OPT_CLEAN pass (remove unused cells and wires).
Finding unused cells or wires in module \hamming_dec..
Removed 0 unused cells and 323 unused wires.
<suppressed ~10 debug messages>

3.23.5. Finished fast OPT passes.

3.24. Executing HIERARCHY pass (managing design hierarchy).
Attribute `top' found on module `hamming_dec'. Setting top module to hamming_dec.

3.24.1. Analyzing design hierarchy..
Top module:  \hamming_dec

3.24.2. Analyzing design hierarchy..
Top module:  \hamming_dec
Removed 0 unused modules.

3.25. Printing statistics.

=== hamming_dec ===

        +----------Local Count, excluding submodules.
        | 
      194 wires
      294 wire bits
       13 public wires
      113 public wire bits
        4 ports
       73 port bits
      215 cells
        4   $_ANDNOT_
       29   $_AND_
       33   $_NAND_
        3   $_NOR_
        3   $_NOT_
      122   $_XNOR_
       21   $_XOR_

3.26. Executing CHECK pass (checking for obvious problems).
Checking module hamming_dec...
Found and reported 0 problems.

4. Executing DFFLIBMAP pass (mapping DFF cells to sequential cells from liberty file).
  cell DFF_X1 (noninv, pins=4, area=4.52) is a direct match for cell type $_DFF_P_.
  cell DFFR_X1 (noninv, pins=5, area=5.32) is a direct match for cell type $_DFF_PN0_.
  cell DFFS_X1 (noninv, pins=5, area=5.32) is a direct match for cell type $_DFF_PN1_.
  cell DFFRS_X1 (noninv, pins=6, area=6.38) is a direct match for cell type $_DFFSR_PNN_.
  final dff cell mappings:
    unmapped dff cell: $_DFF_N_
    \DFF_X1 _DFF_P_ (.CK( C), .D( D), .Q( Q), .QN(~Q));
    unmapped dff cell: $_DFF_NN0_
    unmapped dff cell: $_DFF_NN1_
    unmapped dff cell: $_DFF_NP0_
    unmapped dff cell: $_DFF_NP1_
    \DFFR_X1 _DFF_PN0_ (.CK( C), .D( D), .Q( Q), .QN(~Q), .RN( R));
    \DFFS_X1 _DFF_PN1_ (.CK( C), .D( D), .Q( Q), .QN(~Q), .SN( R));
    unmapped dff cell: $_DFF_PP0_
    unmapped dff cell: $_DFF_PP1_
    unmapped dff cell: $_DFFE_NN_
    unmapped dff cell: $_DFFE_NP_
    unmapped dff cell: $_DFFE_PN_
    unmapped dff cell: $_DFFE_PP_
    unmapped dff cell: $_DFFSR_NNN_
    unmapped dff cell: $_DFFSR_NNP_
    unmapped dff cell: $_DFFSR_NPN_
    unmapped dff cell: $_DFFSR_NPP_
    \DFFRS_X1 _DFFSR_PNN_ (.CK( C), .D( D), .Q( Q), .QN(~Q), .RN( R), .SN( S));
    unmapped dff cell: $_DFFSR_PNP_
    unmapped dff cell: $_DFFSR_PPN_
    unmapped dff cell: $_DFFSR_PPP_

4.1. Executing DFFLEGALIZE pass (convert FFs to types supported by the target).
<suppressed ~8 debug messages>
Mapping DFF cells in module `\hamming_dec':

5. Executing ABC pass (technology mapping using ABC).

5.1. Extracting gate netlist of module `\hamming_dec' to `<abc-temp-dir>/input.blif'..

5.1.1. Executed ABC.
Extracted 215 gates and 254 wires to a netlist network with 39 inputs and 34 outputs.
Running ABC script: <abc-temp-dir>/abc.script
ABC: ======== ABC command line "source <abc-temp-dir>/abc.script"
ABC: + read_blif <abc-temp-dir>/input.blif 
ABC: + read_lib -w /Users/aasheiksaran/Desktop/Productivity/INDIA_CRYPTO_SOC/synth/../pdk/nangate45/NangateOpenCellLibrary_typical.lib 
ABC: Parsing finished successfully.  Parsing time =     0.04 sec
ABC: Scl_LibertyReadGenlib() skipped cell "ANTENNA_X1" due to dont_use attribute.
ABC: Scl_LibertyReadGenlib() skipped cell "CLKGATETST_X1" without logic function.
ABC: Scl_LibertyReadGenlib() skipped cell "CLKGATETST_X2" without logic function.
ABC: Scl_LibertyReadGenlib() skipped cell "CLKGATETST_X4" without logic function.
ABC: Scl_LibertyReadGenlib() skipped cell "CLKGATETST_X8" without logic function.
ABC: Scl_LibertyReadGenlib() skipped cell "CLKGATE_X1" without logic function.
ABC: Scl_LibertyReadGenlib() skipped cell "CLKGATE_X2" without logic function.
ABC: Scl_LibertyReadGenlib() skipped cell "CLKGATE_X4" without logic function.
ABC: Scl_LibertyReadGenlib() skipped cell "CLKGATE_X8" without logic function.
ABC: Scl_LibertyReadGenlib() skipped sequential cell "DFFRS_X1".
ABC: Scl_LibertyReadGenlib() skipped sequential cell "DFFRS_X2".
ABC: Scl_LibertyReadGenlib() skipped sequential cell "DFFR_X1".
ABC: Scl_LibertyReadGenlib() skipped sequential cell "DFFR_X2".
ABC: Scl_LibertyReadGenlib() skipped sequential cell "DFFS_X1".
ABC: Scl_LibertyReadGenlib() skipped sequential cell "DFFS_X2".
ABC: Scl_LibertyReadGenlib() skipped sequential cell "DFF_X1".
ABC: Scl_LibertyReadGenlib() skipped sequential cell "DFF_X2".
ABC: Scl_LibertyReadGenlib() skipped sequential cell "DLH_X1".
ABC: Scl_LibertyReadGenlib() skipped sequential cell "DLH_X2".
ABC: Scl_LibertyReadGenlib() skipped sequential cell "DLL_X1".
ABC: Scl_LibertyReadGenlib() skipped sequential cell "DLL_X2".
ABC: Scl_LibertyReadGenlib() skipped cell "FILLCELL_X1" due to dont_use attribute.
ABC: Scl_LibertyReadGenlib() skipped cell "TAPCELL_X1" due to dont_use attribute.
ABC: Scl_LibertyReadGenlib() skipped cell "FILLCELL_X2" due to dont_use attribute.
ABC: Scl_LibertyReadGenlib() skipped cell "FILLCELL_X4" due to dont_use attribute.
ABC: Scl_LibertyReadGenlib() skipped cell "FILLCELL_X8" due to dont_use attribute.
ABC: Scl_LibertyReadGenlib() skipped cell "FILLCELL_X16" due to dont_use attribute.
ABC: Scl_LibertyReadGenlib() skipped cell "FILLCELL_X32" due to dont_use attribute.
ABC: Scl_LibertyReadGenlib() skipped cell "LOGIC0_X1" due to dont_use attribute.
ABC: Scl_LibertyReadGenlib() skipped cell "LOGIC1_X1" due to dont_use attribute.
ABC: Scl_LibertyReadGenlib() skipped sequential cell "SDFFRS_X1".
ABC: Scl_LibertyReadGenlib() skipped sequential cell "SDFFRS_X2".
ABC: Scl_LibertyReadGenlib() skipped sequential cell "SDFFR_X1".
ABC: Scl_LibertyReadGenlib() skipped sequential cell "SDFFR_X2".
ABC: Scl_LibertyReadGenlib() skipped sequential cell "SDFFS_X1".
ABC: Scl_LibertyReadGenlib() skipped sequential cell "SDFFS_X2".
ABC: Scl_LibertyReadGenlib() skipped sequential cell "SDFF_X1".
ABC: Scl_LibertyReadGenlib() skipped sequential cell "SDFF_X2".
ABC: Scl_LibertyReadGenlib() skipped three-state cell "TBUF_X1".
ABC: Scl_LibertyReadGenlib() skipped three-state cell "TBUF_X2".
ABC: Scl_LibertyReadGenlib() skipped three-state cell "TBUF_X4".
ABC: Scl_LibertyReadGenlib() skipped three-state cell "TBUF_X8".
ABC: Scl_LibertyReadGenlib() skipped three-state cell "TBUF_X16".
ABC: Scl_LibertyReadGenlib() skipped three-state cell "TINV_X1".
ABC: Scl_LibertyReadGenlib() skipped sequential cell "TLAT_X1".
ABC: Library "NangateOpenCellLibrary" from "/Users/aasheiksaran/Desktop/Productivity/INDIA_CRYPTO_SOC/synth/../pdk/nangate45/NangateOpenCellLibrary_typical.lib" has 90 cells (45 skipped: 21 seq; 6 tri-state; 8 no func; 10 dont_use; 0 with 2 outputs; 0 with 3+ outputs).  Time =     0.06 sec
ABC: Memory =   11.38 MB. Time =     0.06 sec
ABC: Warning: Detected 2 multi-output cells (for example, "FA_X1").
ABC: + strash 
ABC: + &get -n 
ABC: + &fraig -x 
ABC: + &put 
ABC: + scorr 
ABC: Warning: The network is combinational (run "fraig" or "fraig_sweep").
ABC: + dc2 
ABC: + dretime 
ABC: + strash 
ABC: + &get -n 
ABC: + &dch -f 
ABC: + &nf 
ABC: + &put 
ABC: + write_blif <abc-temp-dir>/output.blif 

5.1.2. Re-integrating ABC results.
ABC RESULTS:           AND2_X1 cells:        2
ABC RESULTS:           AND3_X1 cells:        1
ABC RESULTS:            INV_X1 cells:        9
ABC RESULTS:          NAND2_X1 cells:        8
ABC RESULTS:          NAND3_X1 cells:       15
ABC RESULTS:           NOR2_X1 cells:        6
ABC RESULTS:           NOR3_X1 cells:        6
ABC RESULTS:           NOR4_X1 cells:       10
ABC RESULTS:            OR2_X1 cells:        3
ABC RESULTS:          XNOR2_X1 cells:      103
ABC RESULTS:           XOR2_X1 cells:       41
ABC RESULTS:        internal signals:      181
ABC RESULTS:           input signals:       39
ABC RESULTS:          output signals:       34
Removing temp directory.
Removing global temp directory.
Removed 0 unused cells and 254 unused wires.

6. Printing statistics.

=== hamming_dec ===

        +----------Local Count, excluding submodules.
        |        +-Local Area, excluding submodules.
        |        | 
      183        - wires
      283        - wire bits
       13        - public wires
      113        - public wire bits
        4        - ports
       73        - port bits
      204  288.078 cells
        2    2.128   AND2_X1
        1     1.33   AND3_X1
        9    4.788   INV_X1
        8    6.384   NAND2_X1
       15    15.96   NAND3_X1
        6    4.788   NOR2_X1
        6    6.384   NOR3_X1
       10     13.3   NOR4_X1
        3    3.192   OR2_X1
      103  164.388   XNOR2_X1
       41   65.436   XOR2_X1

   Chip area for module '\hamming_dec': 288.078000
     of which used for sequential elements: 0.000000 (0.00%)

7. Executing Verilog backend.
Dumping module `\hamming_dec'.

End of script. Logfile hash: 862e071e83, time: 0.64s, user: 0.13s, system: 0.01s, MEM: 33.08 MB peak
Yosys 0.64 (git sha1 d8dab5b32666564eca8e18f412973853ce006e61, clang++ 21.0.0 -fPIC -O3)
Time spent: 80% 2x abc (0 sec), 4% 1x dfflibmap (0 sec), ...
